date and time:
Sun May 10 00:53:09 PDT 2020

os version:
Ubuntu 18.04.4 LTS

hardware information:
kernel:
Linux ubuntu 5.3.0-51-generic #44~18.04.2-Ubuntu SMP Thu Apr 23 14:27:18 UTC 2020 x86_64 x86_64 x86_64 GNU/Linux 
cpu:
processor	: 0
vendor_id	: GenuineIntel
cpu family	: 6
model		: 142
model name	: Intel(R) Core(TM) i7-8550U CPU @ 1.80GHz
stepping	: 10
microcode	: 0x96
cpu MHz		: 1992.001
cache size	: 8192 KB
physical id	: 0
siblings	: 1
core id		: 0
cpu cores	: 1
apicid		: 0
initial apicid	: 0
fpu		: yes
fpu_exception	: yes
cpuid level	: 22
wp		: yes
flags		: fpu vme de pse tsc msr pae mce cx8 apic sep mtrr pge mca cmov pat pse36 clflush mmx fxsr sse sse2 ss syscall nx pdpe1gb rdtscp lm constant_tsc arch_perfmon nopl xtopology tsc_reliable nonstop_tsc cpuid pni pclmulqdq ssse3 fma cx16 pcid sse4_1 sse4_2 x2apic movbe popcnt tsc_deadline_timer aes xsave avx f16c rdrand hypervisor lahf_lm abm 3dnowprefetch cpuid_fault invpcid_single pti ssbd ibrs ibpb stibp fsgsbase tsc_adjust bmi1 avx2 smep bmi2 invpcid mpx rdseed adx smap clflushopt xsaveopt xsavec xsaves arat flush_l1d arch_capabilities
bugs		: cpu_meltdown spectre_v1 spectre_v2 spec_store_bypass l1tf mds swapgs itlb_multihit
bogomips	: 3984.00
clflush size	: 64
cache_alignment	: 64
address sizes	: 43 bits physical, 48 bits virtual
power management:
memory:
MemTotal:        2005968 kB
MemFree:           93260 kB
MemAvailable:     441876 kB
Buffers:           62012 kB
Cached:           407888 kB
SwapCached:          904 kB
Active:          1119536 kB
Inactive:         348984 kB
Active(anon):     834396 kB
Inactive(anon):   178848 kB
Active(file):     285140 kB
Inactive(file):   170136 kB
Unevictable:          16 kB
Mlocked:              16 kB
SwapTotal:        969960 kB
SwapFree:         967388 kB
Dirty:                 0 kB
Writeback:             0 kB
AnonPages:        998124 kB
Mapped:           252488 kB
Shmem:             14628 kB
KReclaimable:      49604 kB
Slab:             110576 kB
SReclaimable:      49604 kB
SUnreclaim:        60972 kB
KernelStack:       12444 kB
PageTables:        44804 kB
NFS_Unstable:          0 kB
Bounce:                0 kB
WritebackTmp:          0 kB
CommitLimit:     1972944 kB
Committed_AS:    5166828 kB
VmallocTotal:   34359738367 kB
VmallocUsed:       26148 kB
VmallocChunk:          0 kB
Percpu:            43008 kB
HardwareCorrupted:     0 kB
AnonHugePages:         0 kB
ShmemHugePages:        0 kB
ShmemPmdMapped:        0 kB
CmaTotal:              0 kB
CmaFree:               0 kB
HugePages_Total:       0
HugePages_Free:        0
HugePages_Rsvd:        0
HugePages_Surp:        0
Hugepagesize:       2048 kB
Hugetlb:               0 kB
DirectMap4k:      145280 kB
DirectMap2M:     1951744 kB
DirectMap1G:           0 kB

uptime:
01:02:21 up 13 min,  1 user,  load average: 0.00, 0.04, 0.08

services information:
 [ + ]  acpid
 [ - ]  alsa-utils
 [ - ]  anacron
 [ + ]  apache-htcacheclean
 [ + ]  apache2
 [ + ]  apparmor
 [ + ]  apport
 [ + ]  avahi-daemon
 [ - ]  bluetooth
 [ - ]  console-setup.sh
 [ + ]  cron
 [ + ]  cups
 [ + ]  cups-browsed
 [ + ]  dbus
 [ - ]  dns-clean
 [ + ]  gdm3
 [ + ]  grub-common
 [ - ]  hwclock.sh
 [ - ]  irqbalance
 [ + ]  kerneloops
 [ - ]  keyboard-setup.sh
 [ - ]  kmod
 [ - ]  lightdm
 [ + ]  mysql
 [ + ]  network-manager
 [ + ]  networking
 [ + ]  open-vm-tools
 [ - ]  plymouth
 [ - ]  plymouth-log
 [ - ]  pppd-dns
 [ + ]  procps
 [ - ]  rsync
 [ + ]  rsyslog
 [ - ]  saned
 [ + ]  speech-dispatcher
 [ - ]  spice-vdagent
 [ + ]  udev
 [ + ]  ufw
 [ + ]  unattended-upgrades
 [ - ]  uuidd
 [ + ]  whoopsie
 [ - ]  x11-common
 [ + ]  zerotier-one

nic information:
ens33: flags=4163<UP,BROADCAST,RUNNING,MULTICAST>  mtu 1500
        inet 192.168.84.136  netmask 255.255.255.0  broadcast 192.168.84.255
        inet6 fe80::c9e4:c509:29f3:ae02  prefixlen 64  scopeid 0x20<link>
        ether 00:0c:29:46:ab:1a  txqueuelen 1000  (Ethernet)
        RX packets 1174  bytes 1094008 (1.0 MB)
        RX errors 0  dropped 0  overruns 0  frame 0
        TX packets 3280  bytes 533221 (533.2 KB)
        TX errors 0  dropped 0 overruns 0  carrier 0  collisions 0

lo: flags=73<UP,LOOPBACK,RUNNING>  mtu 65536
        inet 127.0.0.1  netmask 255.0.0.0
        inet6 ::1  prefixlen 128  scopeid 0x10<host>
        loop  txqueuelen 1000  (Local Loopback)
        RX packets 205  bytes 16260 (16.2 KB)
        RX errors 0  dropped 0  overruns 0  frame 0
        TX packets 205  bytes 16260 (16.2 KB)
        TX errors 0  dropped 0 overruns 0  carrier 0  collisions 0

ztrtaqckvx: flags=4163<UP,BROADCAST,RUNNING,MULTICAST>  mtu 2800
        inet 10.242.77.93  netmask 255.255.0.0  broadcast 10.242.255.255
        inet6 fd82:86ac:e47:ad24:f099:93a8:6e98:191  prefixlen 88  scopeid 0x0<global>
        inet6 fe80::f08c:c3ff:fedf:f3d  prefixlen 64  scopeid 0x20<link>
        inet6 fcc5:2b88:fea8:6e98:191::1  prefixlen 40  scopeid 0x0<global>
        ether f2:8c:c3:df:0f:3d  txqueuelen 1000  (Ethernet)
        RX packets 0  bytes 0 (0.0 B)
        RX errors 0  dropped 0  overruns 0  frame 0
        TX packets 65  bytes 7786 (7.7 KB)
        TX errors 0  dropped 0 overruns 0  carrier 0  collisions 0

route information:
Active Internet connections (servers and established)
Proto Recv-Q Send-Q Local Address           Foreign Address         State      
tcp        0      0 ubuntu:31135            0.0.0.0:*               LISTEN     
tcp        0      0 ubuntu:9993             0.0.0.0:*               LISTEN     
tcp        0      0 localhost:9993          0.0.0.0:*               LISTEN     
tcp        0      0 localhost:domain        0.0.0.0:*               LISTEN     
tcp        0      0 localhost:ipp           0.0.0.0:*               LISTEN     
tcp        0      0 ubuntu:31134            0.0.0.0:*               LISTEN     
tcp6       0      0 ip6-localhost:9993      [::]:*                  LISTEN     
tcp6       0      0 [::]:mysql              [::]:*                  LISTEN     
tcp6       0      0 [::]:http               [::]:*                  LISTEN     
tcp6       0      0 ip6-localhost:ipp       [::]:*                  LISTEN     
udp        0      0 ubuntu:31134            0.0.0.0:*                          
udp        0      0 ubuntu:31135            0.0.0.0:*                          
udp        0      0 0.0.0.0:41561           0.0.0.0:*                          
udp        0      0 0.0.0.0:ipp             0.0.0.0:*                          
udp        0      0 ubuntu:9993             0.0.0.0:*                          
udp        0      0 localhost:domain        0.0.0.0:*                          
udp        0      0 0.0.0.0:bootpc          0.0.0.0:*                          
udp        0      0 0.0.0.0:mdns            0.0.0.0:*                          
udp6       0      0 [::]:48159              [::]:*                             
udp6       0      0 [::]:mdns               [::]:*                             
raw6       0      0 [::]:ipv6-icmp          [::]:*                  7          
Active UNIX domain sockets (servers and established)
Proto RefCnt Flags       Type       State         I-Node   Path
unix  23     [ ]         DGRAM                    24127    /run/systemd/journal/dev-log
unix  2      [ ACC ]     STREAM     LISTENING     50142    @/tmp/.ICE-unix/1420
unix  2      [ ACC ]     STREAM     LISTENING     24132    /run/systemd/fsck.progress
unix  2      [ ]         DGRAM                    55139    /run/user/0/systemd/notify
unix  2      [ ]         DGRAM                    49568    /run/user/1000/systemd/notify
unix  2      [ ]         DGRAM                    44207    /run/user/121/systemd/notify
unix  2      [ ACC ]     SEQPACKET  LISTENING     24021    /run/udev/control
unix  2      [ ACC ]     STREAM     LISTENING     55142    /run/user/0/systemd/private
unix  2      [ ACC ]     STREAM     LISTENING     49571    /run/user/1000/systemd/private
unix  2      [ ACC ]     STREAM     LISTENING     44210    /run/user/121/systemd/private
unix  2      [ ACC ]     STREAM     LISTENING     55147    /run/user/0/gnupg/S.gpg-agent
unix  2      [ ACC ]     STREAM     LISTENING     49575    /run/user/1000/snapd-session-agent.socket
unix  2      [ ACC ]     STREAM     LISTENING     44217    /run/user/121/gnupg/S.gpg-agent.ssh
unix  2      [ ACC ]     STREAM     LISTENING     55148    /run/user/0/gnupg/S.gpg-agent.ssh
unix  2      [ ACC ]     STREAM     LISTENING     49576    /run/user/1000/gnupg/S.gpg-agent
unix  2      [ ACC ]     STREAM     LISTENING     44218    /run/user/121/gnupg/S.gpg-agent.extra
unix  2      [ ACC ]     STREAM     LISTENING     55149    /run/user/0/snapd-session-agent.socket
unix  2      [ ACC ]     STREAM     LISTENING     49577    /run/user/1000/bus
unix  2      [ ACC ]     STREAM     LISTENING     44219    /run/user/121/snapd-session-agent.socket
unix  2      [ ACC ]     STREAM     LISTENING     55150    /run/user/0/gnupg/S.gpg-agent.browser
unix  2      [ ACC ]     STREAM     LISTENING     49579    /run/user/1000/gnupg/S.dirmngr
unix  2      [ ACC ]     STREAM     LISTENING     44220    /run/user/121/gnupg/S.gpg-agent.browser
unix  2      [ ACC ]     STREAM     LISTENING     55151    /run/user/0/bus
unix  2      [ ACC ]     STREAM     LISTENING     49580    /run/user/1000/gnupg/S.gpg-agent.ssh
unix  2      [ ACC ]     STREAM     LISTENING     44221    /run/user/121/bus
unix  2      [ ACC ]     STREAM     LISTENING     43202    /run/NetworkManager/private-dhcp
unix  2      [ ACC ]     STREAM     LISTENING     55152    /run/user/0/gnupg/S.dirmngr
unix  2      [ ACC ]     STREAM     LISTENING     49581    /run/user/1000/gnupg/S.gpg-agent.extra
unix  2      [ ACC ]     STREAM     LISTENING     55153    /run/user/0/gnupg/S.gpg-agent.extra
unix  2      [ ACC ]     STREAM     LISTENING     49611    /run/user/1000/gnupg/S.gpg-agent.browser
unix  2      [ ACC ]     STREAM     LISTENING     44223    /run/user/121/pulse/native
unix  2      [ ACC ]     STREAM     LISTENING     44225    /run/user/121/gnupg/S.gpg-agent
unix  2      [ ACC ]     STREAM     LISTENING     49629    /run/user/1000/keyring/control
unix  2      [ ACC ]     STREAM     LISTENING     44226    /run/user/121/gnupg/S.dirmngr
unix  2      [ ACC ]     STREAM     LISTENING     46014    /run/user/121/wayland-0
unix  2      [ ACC ]     STREAM     LISTENING     50245    /run/user/1000/keyring/ssh
unix  2      [ ACC ]     STREAM     LISTENING     50249    /run/user/1000/keyring/pkcs11
unix  2      [ ACC ]     STREAM     LISTENING     50398    /run/user/1000/pulse/native
unix  2      [ ACC ]     STREAM     LISTENING     49678    @/tmp/.X11-unix/X0
unix  2      [ ACC ]     STREAM     LISTENING     46120    @/tmp/dbus-s5S4VSzeC9
unix  2      [ ACC ]     STREAM     LISTENING     47800    @/tmp/dbus-YdJpb1cj
unix  2      [ ACC ]     STREAM     LISTENING     44423    /tmp/.ICE-unix/899
unix  2      [ ACC ]     STREAM     LISTENING     49637    @/tmp/dbus-wnMYLHcv
unix  2      [ ACC ]     STREAM     LISTENING     49679    /tmp/.X11-unix/X0
unix  2      [ ACC ]     STREAM     LISTENING     49883    /tmp/ssh-undwgEn9aY1I/agent.1420
unix  2      [ ACC ]     STREAM     LISTENING     50143    /tmp/.ICE-unix/1420
unix  2      [ ACC ]     STREAM     LISTENING     44422    @/tmp/.ICE-unix/899
unix  2      [ ACC ]     STREAM     LISTENING     37903    /run/snapd.socket
unix  2      [ ACC ]     STREAM     LISTENING     37893    /run/uuidd/request
unix  2      [ ACC ]     STREAM     LISTENING     37897    /run/acpid.socket
unix  2      [ ACC ]     STREAM     LISTENING     37909    /run/snapd-snap.socket
unix  2      [ ACC ]     STREAM     LISTENING     37915    /var/run/dbus/system_bus_socket
unix  2      [ ACC ]     STREAM     LISTENING     37927    /run/cups/cups.sock
unix  2      [ ACC ]     STREAM     LISTENING     37929    /run/avahi-daemon/socket
unix  2      [ ACC ]     STREAM     LISTENING     49636    @/tmp/dbus-2CAmVOxY
unix  2      [ ACC ]     STREAM     LISTENING     45960    /var/run/mysqld/mysqld.sock
unix  2      [ ACC ]     STREAM     LISTENING     43130    @/tmp/dbus-Uv8XcUWO
unix  2      [ ACC ]     STREAM     LISTENING     43132    @/tmp/dbus-D0TiMuwD
unix  2      [ ACC ]     STREAM     LISTENING     39543    /var/run/vmware/guestServicePipe
unix  2      [ ACC ]     STREAM     LISTENING     45885    /tmp/.X11-unix/X1024
unix  2      [ ACC ]     STREAM     LISTENING     43131    @/tmp/dbus-GmcN2T0i
unix  2      [ ACC ]     STREAM     LISTENING     50597    @/tmp/dbus-PwYHBM0v
unix  2      [ ACC ]     STREAM     LISTENING     45884    @/tmp/.X11-unix/X1024
unix  3      [ ]         DGRAM                    23994    /run/systemd/notify
unix  2      [ ACC ]     STREAM     LISTENING     43133    @/tmp/dbus-oDLYPYO7
unix  2      [ ACC ]     STREAM     LISTENING     49976    @/tmp/dbus-8oYFdipQ0n
unix  2      [ ACC ]     STREAM     LISTENING     23997    /run/systemd/private
unix  2      [ ACC ]     STREAM     LISTENING     24007    /run/systemd/journal/stdout
unix  10     [ ]         DGRAM                    24009    /run/systemd/journal/socket
unix  2      [ ]         DGRAM                    24019    /run/systemd/journal/syslog
unix  3      [ ]         STREAM     CONNECTED     51796    
unix  3      [ ]         STREAM     CONNECTED     48746    
unix  3      [ ]         STREAM     CONNECTED     48407    /run/user/121/bus
unix  3      [ ]         STREAM     CONNECTED     46949    
unix  3      [ ]         STREAM     CONNECTED     43097    /var/run/dbus/system_bus_socket
unix  3      [ ]         DGRAM                    55141    
unix  3      [ ]         STREAM     CONNECTED     50375    /run/user/1000/bus
unix  3      [ ]         STREAM     CONNECTED     48857    
unix  3      [ ]         STREAM     CONNECTED     46952    /run/user/121/pulse/native
unix  3      [ ]         STREAM     CONNECTED     40563    
unix  3      [ ]         DGRAM                    37549    
unix  3      [ ]         STREAM     CONNECTED     51946    
unix  3      [ ]         STREAM     CONNECTED     49318    /var/run/dbus/system_bus_socket
unix  3      [ ]         STREAM     CONNECTED     51789    
unix  3      [ ]         STREAM     CONNECTED     49776    /run/user/1000/bus
unix  3      [ ]         STREAM     CONNECTED     48741    
unix  3      [ ]         STREAM     CONNECTED     48429    
unix  3      [ ]         STREAM     CONNECTED     44581    
unix  3      [ ]         STREAM     CONNECTED     50293    
unix  3      [ ]         STREAM     CONNECTED     48802    
unix  3      [ ]         STREAM     CONNECTED     46082    /run/user/121/bus
unix  3      [ ]         STREAM     CONNECTED     40229    /run/systemd/journal/stdout
unix  3      [ ]         DGRAM                    37550    
unix  3      [ ]         STREAM     CONNECTED     51880    @/tmp/.X11-unix/X0
unix  2      [ ]         DGRAM                    49139    
unix  3      [ ]         STREAM     CONNECTED     51825    /var/run/dbus/system_bus_socket
unix  3      [ ]         STREAM     CONNECTED     50587    
unix  3      [ ]         STREAM     CONNECTED     48715    
unix  3      [ ]         STREAM     CONNECTED     48325    
unix  2      [ ]         DGRAM                    44421    
unix  3      [ ]         STREAM     CONNECTED     53308    /run/systemd/journal/stdout
unix  3      [ ]         STREAM     CONNECTED     48817    
unix  3      [ ]         STREAM     CONNECTED     46950    /run/user/121/bus
unix  3      [ ]         STREAM     CONNECTED     39744    /run/systemd/journal/stdout
unix  3      [ ]         STREAM     CONNECTED     51927    /var/run/dbus/system_bus_socket
unix  3      [ ]         STREAM     CONNECTED     49631    /var/run/dbus/system_bus_socket
unix  3      [ ]         STREAM     CONNECTED     51759    /run/user/1000/bus
unix  3      [ ]         STREAM     CONNECTED     50592    /run/systemd/journal/stdout
unix  3      [ ]         STREAM     CONNECTED     48739    
unix  3      [ ]         STREAM     CONNECTED     48302    
unix  3      [ ]         STREAM     CONNECTED     44473    /run/systemd/journal/stdout
unix  3      [ ]         STREAM     CONNECTED     52963    
unix  3      [ ]         STREAM     CONNECTED     52956    
unix  3      [ ]         STREAM     CONNECTED     50560    
unix  3      [ ]         STREAM     CONNECTED     48779    /run/systemd/journal/stdout
unix  3      [ ]         STREAM     CONNECTED     51879    
unix  3      [ ]         DGRAM                    49569    
unix  3      [ ]         STREAM     CONNECTED     51837    /var/run/dbus/system_bus_socket
unix  3      [ ]         STREAM     CONNECTED     48747    /run/systemd/journal/stdout
unix  3      [ ]         STREAM     CONNECTED     48326    /run/systemd/journal/stdout
unix  3      [ ]         STREAM     CONNECTED     44391    
unix  3      [ ]         STREAM     CONNECTED     43438    
unix  3      [ ]         STREAM     CONNECTED     54448    
unix  3      [ ]         STREAM     CONNECTED     50242    /run/user/1000/bus
unix  3      [ ]         STREAM     CONNECTED     48805    /run/systemd/journal/stdout
unix  3      [ ]         STREAM     CONNECTED     46152    @/tmp/dbus-s5S4VSzeC9
unix  2      [ ]         DGRAM                    44336    
unix  3      [ ]         STREAM     CONNECTED     40313    /var/run/dbus/system_bus_socket
unix  3      [ ]         STREAM     CONNECTED     51922    
unix  3      [ ]         DGRAM                    49570    
unix  3      [ ]         STREAM     CONNECTED     51791    
unix  3      [ ]         STREAM     CONNECTED     49766    
unix  3      [ ]         STREAM     CONNECTED     48740    /run/systemd/journal/stdout
unix  3      [ ]         STREAM     CONNECTED     48383    
unix  3      [ ]         STREAM     CONNECTED     44364    
unix  3      [ ]         STREAM     CONNECTED     43156    
unix  2      [ ]         DGRAM                    55111    
unix  3      [ ]         STREAM     CONNECTED     52964    /run/user/1000/bus
unix  3      [ ]         STREAM     CONNECTED     50395    
unix  3      [ ]         STREAM     CONNECTED     48778    
unix  3      [ ]         STREAM     CONNECTED     46075    
unix  2      [ ]         DGRAM                    31662    
unix  2      [ ]         DGRAM                    51851    
unix  3      [ ]         STREAM     CONNECTED     49146    /run/user/121/pulse/native
unix  3      [ ]         STREAM     CONNECTED     51843    @/tmp/.X11-unix/X0
unix  3      [ ]         STREAM     CONNECTED     49946    /run/systemd/journal/stdout
unix  3      [ ]         STREAM     CONNECTED     48635    /run/systemd/journal/stdout
unix  3      [ ]         STREAM     CONNECTED     48286    
unix  3      [ ]         STREAM     CONNECTED     43096    
unix  2      [ ]         DGRAM                    53043    
unix  3      [ ]         STREAM     CONNECTED     50291    
unix  3      [ ]         STREAM     CONNECTED     48813    
unix  3      [ ]         STREAM     CONNECTED     46015    
unix  3      [ ]         STREAM     CONNECTED     39742    
unix  3      [ ]         STREAM     CONNECTED     38068    /run/systemd/journal/stdout
unix  3      [ ]         STREAM     CONNECTED     51917    /run/user/1000/bus
unix  3      [ ]         STREAM     CONNECTED     49525    /run/systemd/journal/stdout
unix  3      [ ]         STREAM     CONNECTED     51797    /run/systemd/journal/stdout
unix  3      [ ]         STREAM     CONNECTED     49756    
unix  3      [ ]         STREAM     CONNECTED     48690    @/tmp/.X11-unix/X1024
unix  3      [ ]         STREAM     CONNECTED     48430    /run/systemd/journal/stdout
unix  3      [ ]         STREAM     CONNECTED     44471    /run/systemd/journal/stdout
unix  3      [ ]         STREAM     CONNECTED     43150    
unix  3      [ ]         STREAM     CONNECTED     52965    
unix  3      [ ]         STREAM     CONNECTED     50559    /run/systemd/journal/stdout
unix  2      [ ]         DGRAM                    48841    
unix  3      [ ]         DGRAM                    46354    
unix  3      [ ]         STREAM     CONNECTED     37835    /run/systemd/journal/stdout
unix  3      [ ]         STREAM     CONNECTED     51912    
unix  3      [ ]         STREAM     CONNECTED     49256    
unix  3      [ ]         STREAM     CONNECTED     51835    @/tmp/dbus-8oYFdipQ0n
unix  3      [ ]         STREAM     CONNECTED     48716    /run/systemd/journal/stdout
unix  3      [ ]         STREAM     CONNECTED     48406    
unix  3      [ ]         STREAM     CONNECTED     45887    
unix  3      [ ]         STREAM     CONNECTED     43230    /var/run/dbus/system_bus_socket
unix  2      [ ]         DGRAM                    55091    
unix  3      [ ]         STREAM     CONNECTED     50396    /var/run/dbus/system_bus_socket
unix  3      [ ]         STREAM     CONNECTED     46076    /run/systemd/journal/stdout
unix  3      [ ]         STREAM     CONNECTED     39661    
unix  3      [ ]         STREAM     CONNECTED     51939    
unix  3      [ ]         STREAM     CONNECTED     51811    
unix  3      [ ]         STREAM     CONNECTED     49951    
unix  3      [ ]         STREAM     CONNECTED     48742    @/tmp/.X11-unix/X1024
unix  3      [ ]         STREAM     CONNECTED     48303    /var/run/dbus/system_bus_socket
unix  3      [ ]         STREAM     CONNECTED     43439    /run/systemd/journal/stdout
unix  3      [ ]         STREAM     CONNECTED     54452    
unix  3      [ ]         STREAM     CONNECTED     50317    @/tmp/.X11-unix/X0
unix  3      [ ]         STREAM     CONNECTED     48807    
unix  3      [ ]         STREAM     CONNECTED     46129    @/tmp/dbus-s5S4VSzeC9
unix  2      [ ]         DGRAM                    40231    
unix  3      [ ]         DGRAM                    37230    
unix  3      [ ]         STREAM     CONNECTED     51923    @/tmp/.X11-unix/X0
unix  2      [ ]         DGRAM                    49532    
unix  3      [ ]         STREAM     CONNECTED     52952    /run/systemd/journal/stdout
unix  3      [ ]         STREAM     CONNECTED     51792    @/tmp/.X11-unix/X0
unix  3      [ ]         STREAM     CONNECTED     49983    
unix  3      [ ]         STREAM     CONNECTED     48689    
unix  3      [ ]         STREAM     CONNECTED     48135    
unix  3      [ ]         STREAM     CONNECTED     43067    
unix  3      [ ]         STREAM     CONNECTED     52961    
unix  3      [ ]         STREAM     CONNECTED     51209    /run/systemd/journal/stdout
unix  3      [ ]         STREAM     CONNECTED     48915    
unix  3      [ ]         STREAM     CONNECTED     46156    /run/user/121/bus
unix  3      [ ]         DGRAM                    37231    
unix  3      [ ]         STREAM     CONNECTED     51951    
unix  3      [ ]         STREAM     CONNECTED     48920    
unix  3      [ ]         STREAM     CONNECTED     51841    @/tmp/dbus-8oYFdipQ0n
unix  3      [ ]         STREAM     CONNECTED     48662    /run/systemd/journal/stdout
unix  3      [ ]         STREAM     CONNECTED     48283    /var/run/dbus/system_bus_socket
unix  3      [ ]         STREAM     CONNECTED     44392    /run/user/121/bus
unix  3      [ ]         STREAM     CONNECTED     50301    @/tmp/.X11-unix/X0
unix  3      [ ]         STREAM     CONNECTED     48839    
unix  3      [ ]         STREAM     CONNECTED     46081    
unix  3      [ ]         STREAM     CONNECTED     40053    
unix  3      [ ]         STREAM     CONNECTED     52153    
unix  3      [ ]         STREAM     CONNECTED     52951    
unix  3      [ ]         STREAM     CONNECTED     51834    
unix  3      [ ]         STREAM     CONNECTED     49692    /var/run/dbus/system_bus_socket
unix  3      [ ]         STREAM     CONNECTED     48718    /run/user/121/bus
unix  3      [ ]         STREAM     CONNECTED     48137    /run/systemd/journal/stdout
unix  3      [ ]         STREAM     CONNECTED     43544    
unix  3      [ ]         STREAM     CONNECTED     50561    /run/user/1000/bus
unix  3      [ ]         STREAM     CONNECTED     48811    /run/user/121/bus
unix  3      [ ]         STREAM     CONNECTED     46151    
unix  3      [ ]         STREAM     CONNECTED     40228    
unix  3      [ ]         STREAM     CONNECTED     38067    
unix  3      [ ]         STREAM     CONNECTED     52149    /run/user/1000/bus
unix  3      [ ]         STREAM     CONNECTED     49313    
unix  2      [ ]         DGRAM                    51806    
unix  3      [ ]         STREAM     CONNECTED     49885    /run/systemd/journal/stdout
unix  3      [ ]         STREAM     CONNECTED     48683    
unix  3      [ ]         STREAM     CONNECTED     48324    /run/systemd/journal/stdout
unix  3      [ ]         STREAM     CONNECTED     43068    /run/systemd/journal/stdout
unix  2      [ ]         DGRAM                    54800    
unix  3      [ ]         STREAM     CONNECTED     50403    /run/user/1000/pulse/native
unix  3      [ ]         STREAM     CONNECTED     48818    @/tmp/dbus-YdJpb1cj
unix  3      [ ]         STREAM     CONNECTED     46153    
unix  3      [ ]         STREAM     CONNECTED     40622    
unix  3      [ ]         STREAM     CONNECTED     37350    
unix  3      [ ]         STREAM     CONNECTED     51961    /var/run/dbus/system_bus_socket
unix  3      [ ]         STREAM     CONNECTED     49320    
unix  3      [ ]         STREAM     CONNECTED     51760    
unix  3      [ ]         STREAM     CONNECTED     49664    /run/systemd/journal/stdout
unix  3      [ ]         STREAM     CONNECTED     48744    
unix  3      [ ]         STREAM     CONNECTED     48280    
unix  3      [ ]         STREAM     CONNECTED     44470    
unix  2      [ ]         DGRAM                    43267    
unix  3      [ ]         STREAM     CONNECTED     51211    
unix  3      [ ]         STREAM     CONNECTED     48916    /run/user/121/bus
unix  3      [ ]         STREAM     CONNECTED     46127    
unix  3      [ ]         STREAM     CONNECTED     40565    
unix  2      [ ]         DGRAM                    38375    
unix  3      [ ]         STREAM     CONNECTED     51921    /run/user/1000/bus
unix  3      [ ]         STREAM     CONNECTED     48921    /var/run/dbus/system_bus_socket
unix  3      [ ]         STREAM     CONNECTED     51839    /run/user/1000/bus
unix  3      [ ]         STREAM     CONNECTED     49952    /run/user/1000/bus
unix  3      [ ]         STREAM     CONNECTED     48686    /run/user/121/bus
unix  3      [ ]         STREAM     CONNECTED     48428    /run/systemd/journal/stdout
unix  3      [ ]         STREAM     CONNECTED     44389    /var/run/dbus/system_bus_socket
unix  3      [ ]         STREAM     CONNECTED     54453    /var/run/dbus/system_bus_socket
unix  3      [ ]         STREAM     CONNECTED     50305    
unix  3      [ ]         STREAM     CONNECTED     48840    @/tmp/dbus-YdJpb1cj
unix  3      [ ]         STREAM     CONNECTED     46034    /run/user/121/bus
unix  3      [ ]         STREAM     CONNECTED     39579    
unix  3      [ ]         STREAM     CONNECTED     37289    /run/systemd/journal/stdout
unix  3      [ ]         STREAM     CONNECTED     51940    /var/run/dbus/system_bus_socket
unix  2      [ ]         DGRAM                    49545    
unix  2      [ ]         STREAM     CONNECTED     51809    
unix  3      [ ]         STREAM     CONNECTED     49767    
unix  3      [ ]         STREAM     CONNECTED     48745    /run/user/121/bus
unix  3      [ ]         STREAM     CONNECTED     48323    
unix  3      [ ]         STREAM     CONNECTED     44701    
unix  3      [ ]         STREAM     CONNECTED     43154    
unix  3      [ ]         STREAM     CONNECTED     55073    /run/systemd/journal/stdout
unix  3      [ ]         STREAM     CONNECTED     50300    
unix  3      [ ]         STREAM     CONNECTED     49630    
unix  3      [ ]         STREAM     CONNECTED     46123    
unix  3      [ ]         STREAM     CONNECTED     40312    
unix  3      [ ]         STREAM     CONNECTED     51875    @/tmp/dbus-8oYFdipQ0n
unix  2      [ ]         DGRAM                    49215    
unix  3      [ ]         STREAM     CONNECTED     51824    
unix  3      [ ]         STREAM     CONNECTED     49768    /run/systemd/journal/stdout
unix  3      [ ]         STREAM     CONNECTED     48717    
unix  3      [ ]         STREAM     CONNECTED     48427    
unix  3      [ ]         STREAM     CONNECTED     44365    /run/systemd/journal/stdout
unix  3      [ ]         STREAM     CONNECTED     44343    
unix  3      [ ]         STREAM     CONNECTED     53327    
unix  3      [ ]         STREAM     CONNECTED     52962    @/tmp/dbus-8oYFdipQ0n
unix  3      [ ]         STREAM     CONNECTED     48755    
unix  3      [ ]         STREAM     CONNECTED     46343    /run/systemd/journal/stdout
unix  2      [ ]         DGRAM                    37510    
unix  3      [ ]         STREAM     CONNECTED     51926    
unix  3      [ ]         STREAM     CONNECTED     49257    @/tmp/dbus-GmcN2T0i
unix  3      [ ]         STREAM     CONNECTED     51836    
unix  3      [ ]         STREAM     CONNECTED     49721    
unix  3      [ ]         STREAM     CONNECTED     48688    /run/systemd/journal/stdout
unix  3      [ ]         STREAM     CONNECTED     48385    
unix  3      [ ]         STREAM     CONNECTED     44582    /run/user/121/bus
unix  3      [ ]         STREAM     CONNECTED     50316    
unix  3      [ ]         STREAM     CONNECTED     48781    /run/systemd/journal/stdout
unix  3      [ ]         STREAM     CONNECTED     46033    
unix  3      [ ]         STREAM     CONNECTED     40307    /run/systemd/journal/stdout
unix  3      [ ]         STREAM     CONNECTED     38223    /run/systemd/journal/stdout
unix  3      [ ]         STREAM     CONNECTED     51902    
unix  3      [ ]         STREAM     CONNECTED     49314    
unix  3      [ ]         STREAM     CONNECTED     51845    
unix  3      [ ]         STREAM     CONNECTED     48613    @/tmp/.X11-unix/X1024
unix  3      [ ]         STREAM     CONNECTED     48282    
unix  3      [ ]         STREAM     CONNECTED     44344    
unix  3      [ ]         STREAM     CONNECTED     50321    @/tmp/dbus-8oYFdipQ0n
unix  3      [ ]         STREAM     CONNECTED     48752    
unix  3      [ ]         STREAM     CONNECTED     46478    /run/systemd/journal/stdout
unix  3      [ ]         STREAM     CONNECTED     39896    
unix  3      [ ]         STREAM     CONNECTED     39580    /var/run/dbus/system_bus_socket
unix  3      [ ]         STREAM     CONNECTED     51920    
unix  3      [ ]         STREAM     CONNECTED     49094    
unix  3      [ ]         STREAM     CONNECTED     51817    /run/user/1000/bus
unix  3      [ ]         STREAM     CONNECTED     49691    
unix  3      [ ]         STREAM     CONNECTED     48713    
unix  3      [ ]         STREAM     CONNECTED     48451    
unix  3      [ ]         STREAM     CONNECTED     44578    
unix  3      [ ]         STREAM     CONNECTED     43160    @/tmp/dbus-D0TiMuwD
unix  3      [ ]         DGRAM                    55140    
unix  3      [ ]         STREAM     CONNECTED     50320    
unix  3      [ ]         STREAM     CONNECTED     48803    /run/systemd/journal/stdout
unix  3      [ ]         STREAM     CONNECTED     46301    
unix  3      [ ]         STREAM     CONNECTED     40469    
unix  3      [ ]         STREAM     CONNECTED     37834    
unix  2      [ ]         DGRAM                    51891    
unix  2      [ ]         DGRAM                    49100    
unix  3      [ ]         STREAM     CONNECTED     51842    
unix  3      [ ]         STREAM     CONNECTED     49722    /var/run/dbus/system_bus_socket
unix  3      [ ]         STREAM     CONNECTED     48636    
unix  3      [ ]         STREAM     CONNECTED     48287    @/tmp/.ICE-unix/899
unix  3      [ ]         STREAM     CONNECTED     54442    
unix  3      [ ]         STREAM     CONNECTED     50374    
unix  3      [ ]         STREAM     CONNECTED     48780    
unix  3      [ ]         STREAM     CONNECTED     46474    
unix  3      [ ]         STREAM     CONNECTED     39746    /var/run/dbus/system_bus_socket
unix  3      [ ]         STREAM     CONNECTED     37926    
unix  3      [ ]         STREAM     CONNECTED     51882    
unix  3      [ ]         STREAM     CONNECTED     49316    /run/systemd/journal/stdout
unix  3      [ ]         STREAM     CONNECTED     51823    /var/run/dbus/system_bus_socket
unix  2      [ ]         DGRAM                    49765    
unix  3      [ ]         STREAM     CONNECTED     48714    /run/systemd/journal/stdout
unix  3      [ ]         STREAM     CONNECTED     48453    
unix  3      [ ]         STREAM     CONNECTED     44388    
unix  3      [ ]         STREAM     CONNECTED     43157    /var/run/dbus/system_bus_socket
unix  3      [ ]         STREAM     CONNECTED     50307    
unix  3      [ ]         STREAM     CONNECTED     48758    @/tmp/.X11-unix/X1024
unix  3      [ ]         STREAM     CONNECTED     46016    @/tmp/.X11-unix/X1024
unix  3      [ ]         STREAM     CONNECTED     39662    /run/systemd/journal/stdout
unix  3      [ ]         DGRAM                    37548    
unix  3      [ ]         STREAM     CONNECTED     51903    /run/user/1000/bus
unix  3      [ ]         STREAM     CONNECTED     49145    
unix  3      [ ]         STREAM     CONNECTED     51838    
unix  3      [ ]         STREAM     CONNECTED     49775    /run/user/1000/bus
unix  3      [ ]         STREAM     CONNECTED     48659    
unix  2      [ ]         DGRAM                    48288    
unix  3      [ ]         STREAM     CONNECTED     44472    
unix  3      [ ]         STREAM     CONNECTED     54449    /run/user/1000/bus
unix  3      [ ]         STREAM     CONNECTED     50241    
unix  3      [ ]         STREAM     CONNECTED     48861    
unix  3      [ ]         STREAM     CONNECTED     40566    /var/run/dbus/system_bus_socket
unix  3      [ ]         STREAM     CONNECTED     37288    
unix  3      [ ]         STREAM     CONNECTED     51913    @/tmp/dbus-8oYFdipQ0n
unix  3      [ ]         STREAM     CONNECTED     49131    
unix  3      [ ]         STREAM     CONNECTED     51790    /run/systemd/journal/stdout
unix  3      [ ]         STREAM     CONNECTED     49884    
unix  3      [ ]         STREAM     CONNECTED     48661    
unix  3      [ ]         STREAM     CONNECTED     48384    /run/systemd/journal/stdout
unix  3      [ ]         STREAM     CONNECTED     44702    /var/run/dbus/system_bus_socket
unix  3      [ ]         STREAM     CONNECTED     43809    
unix  3      [ ]         STREAM     CONNECTED     55071    
unix  3      [ ]         STREAM     CONNECTED     50294    /run/systemd/journal/stdout
unix  3      [ ]         STREAM     CONNECTED     48810    
unix  3      [ ]         STREAM     CONNECTED     40564    /run/systemd/journal/stdout
unix  3      [ ]         STREAM     CONNECTED     37351    /run/systemd/journal/stdout
unix  3      [ ]         STREAM     CONNECTED     51960    
unix  3      [ ]         STREAM     CONNECTED     49317    
unix  3      [ ]         STREAM     CONNECTED     51812    /var/run/dbus/system_bus_socket
unix  3      [ ]         STREAM     CONNECTED     48749    
unix  3      [ ]         STREAM     CONNECTED     48476    
unix  3      [ ]         STREAM     CONNECTED     44579    /var/run/dbus/system_bus_socket
unix  3      [ ]         STREAM     CONNECTED     43545    /run/systemd/journal/stdout
unix  3      [ ]         STREAM     CONNECTED     50402    
unix  3      [ ]         STREAM     CONNECTED     48753    /run/user/121/bus
unix  3      [ ]         STREAM     CONNECTED     46155    
unix  3      [ ]         STREAM     CONNECTED     40623    /var/run/dbus/system_bus_socket
unix  3      [ ]         STREAM     CONNECTED     51915    @/tmp/dbus-8oYFdipQ0n
unix  3      [ ]         STREAM     CONNECTED     49096    /run/systemd/journal/stdout
unix  3      [ ]         STREAM     CONNECTED     49982    
unix  3      [ ]         STREAM     CONNECTED     48687    
unix  2      [ ]         DGRAM                    48138    
unix  3      [ ]         STREAM     CONNECTED     44699    /run/systemd/journal/stdout
unix  3      [ ]         STREAM     CONNECTED     43151    /run/systemd/journal/stdout
unix  3      [ ]         STREAM     CONNECTED     54446    
unix  3      [ ]         STREAM     CONNECTED     50308    /var/run/dbus/system_bus_socket
unix  3      [ ]         STREAM     CONNECTED     48808    /run/user/121/bus
unix  3      [ ]         DGRAM                    46355    
unix  3      [ ]         STREAM     CONNECTED     40305    
unix  3      [ ]         STREAM     CONNECTED     38222    
unix  3      [ ]         STREAM     CONNECTED     51949    /run/user/1000/bus
unix  3      [ ]         STREAM     CONNECTED     51846    /run/user/1000/bus
unix  3      [ ]         STREAM     CONNECTED     49945    
unix  3      [ ]         STREAM     CONNECTED     48684    /run/systemd/journal/stdout
unix  3      [ ]         STREAM     CONNECTED     48281    /run/systemd/journal/stdout
unix  3      [ ]         STREAM     CONNECTED     45886    
unix  3      [ ]         STREAM     CONNECTED     43229    
unix  3      [ ]         STREAM     CONNECTED     53306    
unix  3      [ ]         STREAM     CONNECTED     48750    /run/user/121/bus
unix  3      [ ]         STREAM     CONNECTED     46154    @/tmp/.X11-unix/X1024
unix  3      [ ]         STREAM     CONNECTED     39897    /run/systemd/journal/stdout
unix  3      [ ]         STREAM     CONNECTED     51916    
unix  3      [ ]         STREAM     CONNECTED     49524    
unix  3      [ ]         STREAM     CONNECTED     51816    
unix  3      [ ]         STREAM     CONNECTED     50129    
unix  3      [ ]         STREAM     CONNECTED     48685    
unix  3      [ ]         STREAM     CONNECTED     48452    /run/systemd/journal/stdout
unix  3      [ ]         STREAM     CONNECTED     53328    /var/run/dbus/system_bus_socket
unix  3      [ ]         STREAM     CONNECTED     50306    /run/user/1000/bus
unix  3      [ ]         STREAM     CONNECTED     48804    
unix  3      [ ]         STREAM     CONNECTED     46342    
unix  3      [ ]         STREAM     CONNECTED     40470    /var/run/dbus/system_bus_socket
unix  2      [ ]         DGRAM                    37522    
unix  3      [ ]         STREAM     CONNECTED     51952    @/tmp/dbus-8oYFdipQ0n
unix  2      [ ]         DGRAM                    49340    
unix  3      [ ]         STREAM     CONNECTED     51761    /run/systemd/journal/stdout
unix  3      [ ]         STREAM     CONNECTED     49720    
unix  3      [ ]         STREAM     CONNECTED     48637    /run/systemd/journal/stdout
unix  2      [ ]         DGRAM                    48139    
unix  2      [ ]         STREAM     CONNECTED     45888    
unix  3      [ ]         STREAM     CONNECTED     43155    /run/systemd/journal/stdout
unix  3      [ ]         STREAM     CONNECTED     54447    /run/systemd/journal/stdout
unix  2      [ ]         DGRAM                    50376    
unix  3      [ ]         STREAM     CONNECTED     48862    /run/user/121/bus
unix  3      [ ]         STREAM     CONNECTED     46128    
unix  3      [ ]         STREAM     CONNECTED     40054    /run/systemd/journal/stdout
unix  2      [ ]         DGRAM                    38348    
unix  3      [ ]         STREAM     CONNECTED     51874    
unix  3      [ ]         STREAM     CONNECTED     49132    /var/run/dbus/system_bus_socket
unix  3      [ ]         STREAM     CONNECTED     51822    
unix  3      [ ]         STREAM     CONNECTED     50131    /run/user/1000/bus
unix  3      [ ]         STREAM     CONNECTED     48634    
unix  3      [ ]         STREAM     CONNECTED     48454    /run/systemd/journal/stdout
unix  3      [ ]         STREAM     CONNECTED     44698    
unix  3      [ ]         STREAM     CONNECTED     43159    
unix  3      [ ]         STREAM     CONNECTED     52925    
unix  3      [ ]         STREAM     CONNECTED     50558    
unix  3      [ ]         STREAM     CONNECTED     48858    @/tmp/dbus-s5S4VSzeC9
unix  2      [ ]         DGRAM                    40601    
unix  3      [ ]         DGRAM                    37551    
unix  3      [ ]         STREAM     CONNECTED     51914    
unix  3      [ ]         STREAM     CONNECTED     49321    @/tmp/dbus-Uv8XcUWO
unix  3      [ ]         STREAM     CONNECTED     51840    
unix  3      [ ]         STREAM     CONNECTED     49715    
unix  3      [ ]         STREAM     CONNECTED     48660    /run/systemd/journal/stdout
unix  3      [ ]         STREAM     CONNECTED     48386    /run/systemd/journal/stdout
unix  3      [ ]         STREAM     CONNECTED     43810    /var/run/dbus/system_bus_socket
unix  3      [ ]         STREAM     CONNECTED     54443    /run/systemd/journal/stdout
unix  3      [ ]         STREAM     CONNECTED     50292    /run/systemd/journal/stdout
unix  3      [ ]         STREAM     CONNECTED     48814    @/tmp/.X11-unix/X1024
unix  3      [ ]         STREAM     CONNECTED     39745    
unix  3      [ ]         STREAM     CONNECTED     51883    /run/user/1000/bus
unix  3      [ ]         STREAM     CONNECTED     49315    /run/systemd/journal/stdout
unix  3      [ ]         STREAM     CONNECTED     52728    /run/user/1000/bus
unix  3      [ ]         STREAM     CONNECTED     52566    
unix  3      [ ]         STREAM     CONNECTED     48899    
unix  3      [ ]         STREAM     CONNECTED     48477    /run/systemd/journal/stdout
unix  3      [ ]         STREAM     CONNECTED     38477    
unix  3      [ ]         STREAM     CONNECTED     52966    /run/user/1000/bus
unix  3      [ ]         STREAM     CONNECTED     51437    
unix  2      [ ]         DGRAM                    50971    
unix  3      [ ]         STREAM     CONNECTED     50717    
unix  3      [ ]         STREAM     CONNECTED     52717    
unix  3      [ ]         STREAM     CONNECTED     51311    /run/systemd/journal/stdout
unix  3      [ ]         STREAM     CONNECTED     52000    
unix  3      [ ]         STREAM     CONNECTED     51643    /run/user/1000/bus
unix  3      [ ]         STREAM     CONNECTED     44345    /run/user/121/bus
unix  3      [ ]         STREAM     CONNECTED     52489    @/dbus-vfs-daemon/socket-JEA8KLUR
unix  3      [ ]         STREAM     CONNECTED     52226    
unix  3      [ ]         STREAM     CONNECTED     48909    
unix  3      [ ]         STREAM     CONNECTED     48490    @/tmp/.X11-unix/X1024
unix  2      [ ]         DGRAM                    38552    
unix  3      [ ]         STREAM     CONNECTED     51729    
unix  3      [ ]         STREAM     CONNECTED     50964    
unix  3      [ ]         STREAM     CONNECTED     50694    
unix  3      [ ]         STREAM     CONNECTED     41290    /var/run/dbus/system_bus_socket
unix  3      [ ]         STREAM     CONNECTED     51237    /run/systemd/journal/stdout
unix  3      [ ]         STREAM     CONNECTED     50588    
unix  3      [ ]         STREAM     CONNECTED     47845    /run/user/121/bus
unix  3      [ ]         STREAM     CONNECTED     51615    /run/user/1000/bus
unix  3      [ ]         DGRAM                    44209    
unix  3      [ ]         STREAM     CONNECTED     52973    
unix  3      [ ]         STREAM     CONNECTED     52154    /var/run/dbus/system_bus_socket
unix  3      [ ]         STREAM     CONNECTED     48891    
unix  3      [ ]         STREAM     CONNECTED     48583    /run/systemd/journal/stdout
unix  3      [ ]         STREAM     CONNECTED     38549    
unix  3      [ ]         STREAM     CONNECTED     51757    /run/systemd/journal/stdout
unix  3      [ ]         STREAM     CONNECTED     51019    /var/run/dbus/system_bus_socket
unix  3      [ ]         STREAM     CONNECTED     50689    
unix  2      [ ]         STREAM     CONNECTED     41279    
unix  3      [ ]         STREAM     CONNECTED     52954    /run/systemd/journal/stdout
unix  3      [ ]         STREAM     CONNECTED     51332    
unix  3      [ ]         STREAM     CONNECTED     50106    /run/systemd/journal/stdout
unix  3      [ ]         STREAM     CONNECTED     52002    
unix  3      [ ]         STREAM     CONNECTED     51677    /run/systemd/journal/stdout
unix  3      [ ]         STREAM     CONNECTED     44290    /var/run/dbus/system_bus_socket
unix  3      [ ]         STREAM     CONNECTED     52422    /var/run/dbus/system_bus_socket
unix  3      [ ]         STREAM     CONNECTED     52186    
unix  3      [ ]         STREAM     CONNECTED     48883    
unix  3      [ ]         STREAM     CONNECTED     48509    /run/systemd/journal/stdout
unix  3      [ ]         STREAM     CONNECTED     38465    
unix  3      [ ]         STREAM     CONNECTED     52567    /run/user/1000/bus
unix  3      [ ]         STREAM     CONNECTED     51442    /run/user/1000/bus
unix  3      [ ]         STREAM     CONNECTED     51017    /run/systemd/journal/stdout
unix  3      [ ]         STREAM     CONNECTED     39578    
unix  3      [ ]         STREAM     CONNECTED     51239    /run/systemd/journal/stdout
unix  3      [ ]         STREAM     CONNECTED     50037    /var/run/dbus/system_bus_socket
unix  3      [ ]         STREAM     CONNECTED     51972    
unix  3      [ ]         STREAM     CONNECTED     51580    /run/systemd/journal/stdout
unix  3      [ ]         STREAM     CONNECTED     52564    
unix  3      [ ]         STREAM     CONNECTED     52187    @/tmp/.X11-unix/X0
unix  3      [ ]         STREAM     CONNECTED     48901    
unix  3      [ ]         STREAM     CONNECTED     48478    
unix  3      [ ]         STREAM     CONNECTED     38466    /run/systemd/journal/stdout
unix  3      [ ]         STREAM     CONNECTED     52969    
unix  3      [ ]         STREAM     CONNECTED     52146    
unix  3      [ ]         STREAM     CONNECTED     51067    
unix  3      [ ]         STREAM     CONNECTED     51382    
unix  3      [ ]         STREAM     CONNECTED     50676    
unix  3      [ ]         STREAM     CONNECTED     47813    
unix  3      [ ]         STREAM     CONNECTED     51963    /var/run/dbus/system_bus_socket
unix  3      [ ]         STREAM     CONNECTED     51642    
unix  3      [ ]         STREAM     CONNECTED     43972    /run/systemd/journal/stdout
unix  3      [ ]         STREAM     CONNECTED     52923    
unix  2      [ ]         DGRAM                    52494    
unix  3      [ ]         STREAM     CONNECTED     48893    
unix  3      [ ]         STREAM     CONNECTED     48489    
unix  3      [ ]         DGRAM                    25231    
unix  3      [ ]         STREAM     CONNECTED     51734    
unix  3      [ ]         STREAM     CONNECTED     51208    
unix  3      [ ]         STREAM     CONNECTED     50945    /run/systemd/journal/stdout
unix  3      [ ]         STREAM     CONNECTED     39528    /run/systemd/journal/stdout
unix  3      [ ]         STREAM     CONNECTED     52995    /var/run/dbus/system_bus_socket
unix  3      [ ]         STREAM     CONNECTED     51335    /run/systemd/journal/stdout
unix  3      [ ]         STREAM     CONNECTED     47857    /run/user/121/pulse/native
unix  3      [ ]         STREAM     CONNECTED     52003    /run/systemd/journal/stdout
unix  3      [ ]         STREAM     CONNECTED     51637    
unix  3      [ ]         STREAM     CONNECTED     44326    
unix  3      [ ]         STREAM     CONNECTED     52466    
unix  3      [ ]         STREAM     CONNECTED     52174    /run/user/1000/pulse/native
unix  3      [ ]         STREAM     CONNECTED     48890    @/tmp/dbus-s5S4VSzeC9
unix  3      [ ]         STREAM     CONNECTED     48612    
unix  3      [ ]         STREAM     CONNECTED     38924    /run/systemd/journal/stdout
unix  3      [ ]         STREAM     CONNECTED     51732    /run/systemd/journal/stdout
unix  3      [ ]         STREAM     CONNECTED     51069    
unix  3      [ ]         STREAM     CONNECTED     50724    /run/user/1000/pulse/native
unix  3      [ ]         STREAM     CONNECTED     51308    
unix  3      [ ]         STREAM     CONNECTED     50654    
unix  3      [ ]         STREAM     CONNECTED     47779    
unix  3      [ ]         STREAM     CONNECTED     51607    
unix  3      [ ]         STREAM     CONNECTED     44281    /run/systemd/journal/stdout
unix  3      [ ]         STREAM     CONNECTED     52488    
unix  3      [ ]         STREAM     CONNECTED     52227    @/tmp/.ICE-unix/1420
unix  3      [ ]         STREAM     CONNECTED     48884    @/tmp/dbus-s5S4VSzeC9
unix  3      [ ]         STREAM     CONNECTED     48607    
unix  3      [ ]         STREAM     CONNECTED     44328    /run/systemd/journal/stdout
unix  3      [ ]         STREAM     CONNECTED     51435    
unix  3      [ ]         STREAM     CONNECTED     50946    
unix  3      [ ]         STREAM     CONNECTED     50697    @/tmp/.X11-unix/X0
unix  2      [ ]         DGRAM                    39266    
unix  3      [ ]         STREAM     CONNECTED     51214    
unix  3      [ ]         STREAM     CONNECTED     50593    /run/systemd/journal/stdout
unix  3      [ ]         STREAM     CONNECTED     47850    
unix  3      [ ]         STREAM     CONNECTED     52055    /run/systemd/journal/stdout
unix  3      [ ]         STREAM     CONNECTED     51614    
unix  3      [ ]         STREAM     CONNECTED     52726    @/tmp/dbus-8oYFdipQ0n
unix  3      [ ]         STREAM     CONNECTED     52504    /var/run/dbus/system_bus_socket
unix  3      [ ]         STREAM     CONNECTED     48903    
unix  3      [ ]         STREAM     CONNECTED     48556    
unix  3      [ ]         STREAM     CONNECTED     39581    /var/run/dbus/system_bus_socket
unix  3      [ ]         STREAM     CONNECTED     52147    /run/user/1000/bus
unix  3      [ ]         STREAM     CONNECTED     50968    /run/user/1000/bus
unix  3      [ ]         STREAM     CONNECTED     50716    /run/user/1000/bus
unix  3      [ ]         STREAM     CONNECTED     52957    @/tmp/.X11-unix/X0
unix  3      [ ]         STREAM     CONNECTED     51285    /run/systemd/journal/stdout
unix  3      [ ]         STREAM     CONNECTED     50655    /run/systemd/journal/stdout
unix  3      [ ]         STREAM     CONNECTED     51969    @/tmp/.ICE-unix/1420
unix  3      [ ]         STREAM     CONNECTED     51703    /run/systemd/journal/stdout
unix  3      [ ]         STREAM     CONNECTED     52399    /run/user/1000/bus
unix  2      [ ]         DGRAM                    52175    
unix  3      [ ]         STREAM     CONNECTED     48866    
unix  3      [ ]         STREAM     CONNECTED     48611    /run/user/121/bus
unix  3      [ ]         STREAM     CONNECTED     43802    
unix  3      [ ]         STREAM     CONNECTED     51730    /run/systemd/journal/stdout
unix  3      [ ]         STREAM     CONNECTED     51111    
unix  3      [ ]         STREAM     CONNECTED     50713    
unix  3      [ ]         STREAM     CONNECTED     41289    
unix  3      [ ]         STREAM     CONNECTED     51238    
unix  3      [ ]         STREAM     CONNECTED     50040    /run/user/1000/bus
unix  3      [ ]         STREAM     CONNECTED     47780    /run/systemd/journal/stdout
unix  3      [ ]         STREAM     CONNECTED     58506    /run/systemd/journal/stdout
unix  3      [ ]         STREAM     CONNECTED     51610    @/tmp/dbus-8oYFdipQ0n
unix  3      [ ]         STREAM     CONNECTED     52506    /run/user/1000/bus
unix  3      [ ]         STREAM     CONNECTED     52206    /run/user/1000/bus
unix  3      [ ]         STREAM     CONNECTED     48894    @/tmp/dbus-s5S4VSzeC9
unix  3      [ ]         STREAM     CONNECTED     48559    /run/user/121/bus
unix  3      [ ]         STREAM     CONNECTED     38550    /run/systemd/journal/stdout
unix  3      [ ]         STREAM     CONNECTED     52148    
unix  3      [ ]         STREAM     CONNECTED     51123    /run/user/1000/bus
unix  3      [ ]         STREAM     CONNECTED     50704    /run/systemd/journal/stdout
unix  3      [ ]         STREAM     CONNECTED     51215    @/tmp/.ICE-unix/1420
unix  3      [ ]         STREAM     CONNECTED     50595    /run/user/1000/bus
unix  3      [ ]         STREAM     CONNECTED     47818    
unix  3      [ ]         STREAM     CONNECTED     52001    /run/systemd/journal/stdout
unix  3      [ ]         STREAM     CONNECTED     51639    
unix  3      [ ]         STREAM     CONNECTED     52416    
unix  3      [ ]         STREAM     CONNECTED     52185    /run/user/1000/bus
unix  3      [ ]         STREAM     CONNECTED     48912    /var/run/dbus/system_bus_socket
unix  3      [ ]         STREAM     CONNECTED     48480    
unix  3      [ ]         STREAM     CONNECTED     43787    /var/run/dbus/system_bus_socket
unix  3      [ ]         STREAM     CONNECTED     51441    
unix  3      [ ]         STREAM     CONNECTED     51166    
unix  3      [ ]         STREAM     CONNECTED     50692    @/tmp/dbus-PwYHBM0v
unix  2      [ ]         STREAM     CONNECTED     41276    
unix  3      [ ]         STREAM     CONNECTED     51260    
unix  3      [ ]         STREAM     CONNECTED     50028    
unix  3      [ ]         STREAM     CONNECTED     47782    /run/user/121/bus
unix  3      [ ]         STREAM     CONNECTED     51616    
unix  3      [ ]         STREAM     CONNECTED     52467    /run/user/1000/bus
unix  3      [ ]         STREAM     CONNECTED     52219    
unix  3      [ ]         STREAM     CONNECTED     48869    /run/user/121/bus
unix  3      [ ]         STREAM     CONNECTED     48479    /run/systemd/journal/stdout
unix  3      [ ]         STREAM     CONNECTED     38923    
unix  3      [ ]         STREAM     CONNECTED     52145    /var/run/dbus/system_bus_socket
unix  3      [ ]         STREAM     CONNECTED     51068    /run/systemd/journal/stdout
unix  3      [ ]         STREAM     CONNECTED     50695    /var/run/dbus/system_bus_socket
unix  3      [ ]         STREAM     CONNECTED     39538    
unix  3      [ ]         STREAM     CONNECTED     51261    /run/systemd/journal/stdout
unix  3      [ ]         STREAM     CONNECTED     50600    /run/user/1000/bus
unix  3      [ ]         STREAM     CONNECTED     47840    /run/systemd/journal/stdout
unix  3      [ ]         STREAM     CONNECTED     52114    /run/systemd/journal/stdout
unix  3      [ ]         STREAM     CONNECTED     51608    /run/systemd/journal/stdout
unix  3      [ ]         STREAM     CONNECTED     52721    @/tmp/.X11-unix/X0
unix  3      [ ]         STREAM     CONNECTED     52505    
unix  3      [ ]         STREAM     CONNECTED     48911    
unix  3      [ ]         STREAM     CONNECTED     48608    /run/systemd/journal/stdout
unix  3      [ ]         DGRAM                    25232    
unix  3      [ ]         STREAM     CONNECTED     51436    /run/systemd/journal/stdout
unix  3      [ ]         STREAM     CONNECTED     51163    
unix  3      [ ]         STREAM     CONNECTED     50702    
unix  3      [ ]         STREAM     CONNECTED     39585    /var/run/dbus/system_bus_socket
unix  3      [ ]         STREAM     CONNECTED     51212    /run/user/1000/bus
unix  3      [ ]         STREAM     CONNECTED     50659    /run/user/1000/bus
unix  3      [ ]         STREAM     CONNECTED     52926    /run/systemd/journal/stdout
unix  2      [ ]         DGRAM                    52143    
unix  3      [ ]         STREAM     CONNECTED     51638    /run/systemd/journal/stdout
unix  3      [ ]         STREAM     CONNECTED     52421    
unix  3      [ ]         STREAM     CONNECTED     52209    
unix  3      [ ]         STREAM     CONNECTED     48898    @/tmp/dbus-s5S4VSzeC9
unix  3      [ ]         STREAM     CONNECTED     48555    /run/systemd/journal/stdout
unix  3      [ ]         STREAM     CONNECTED     41817    
unix  3      [ ]         STREAM     CONNECTED     51412    /run/systemd/journal/stdout
unix  3      [ ]         STREAM     CONNECTED     51070    /run/user/1000/bus
unix  3      [ ]         STREAM     CONNECTED     50714    @/tmp/dbus-8oYFdipQ0n
unix  3      [ ]         DGRAM                    23996    
unix  3      [ ]         STREAM     CONNECTED     51287    /run/systemd/journal/stdout
unix  3      [ ]         STREAM     CONNECTED     50036    
unix  3      [ ]         STREAM     CONNECTED     47831    @/tmp/dbus-YdJpb1cj
unix  3      [ ]         STREAM     CONNECTED     51973    /run/user/1000/bus
unix  3      [ ]         STREAM     CONNECTED     51579    
unix  3      [ ]         STREAM     CONNECTED     44283    
unix  3      [ ]         STREAM     CONNECTED     52398    
unix  3      [ ]         STREAM     CONNECTED     52184    
unix  3      [ ]         STREAM     CONNECTED     48904    /var/run/dbus/system_bus_socket
unix  3      [ ]         STREAM     CONNECTED     48582    
unix  2      [ ]         DGRAM                    24780    
unix  3      [ ]         STREAM     CONNECTED     51758    
unix  3      [ ]         STREAM     CONNECTED     51167    /run/user/1000/bus
unix  3      [ ]         STREAM     CONNECTED     51022    
unix  3      [ ]         STREAM     CONNECTED     39526    
unix  3      [ ]         STREAM     CONNECTED     51284    
unix  3      [ ]         STREAM     CONNECTED     50026    
unix  3      [ ]         STREAM     CONNECTED     47781    
unix  3      [ ]         STREAM     CONNECTED     52056    
unix  3      [ ]         STREAM     CONNECTED     51708    /run/systemd/journal/stdout
unix  3      [ ]         STREAM     CONNECTED     52720    
unix  3      [ ]         STREAM     CONNECTED     52464    
unix  3      [ ]         STREAM     CONNECTED     48902    @/tmp/dbus-s5S4VSzeC9
unix  3      [ ]         STREAM     CONNECTED     48530    
unix  2      [ ]         DGRAM                    38385    
unix  3      [ ]         STREAM     CONNECTED     52970    @/tmp/.X11-unix/X0
unix  3      [ ]         STREAM     CONNECTED     51411    
unix  3      [ ]         STREAM     CONNECTED     50955    /run/systemd/journal/stdout
unix  3      [ ]         STREAM     CONNECTED     39554    
unix  3      [ ]         STREAM     CONNECTED     51384    
unix  3      [ ]         STREAM     CONNECTED     50683    
unix  3      [ ]         STREAM     CONNECTED     52257    
unix  3      [ ]         STREAM     CONNECTED     51581    
unix  2      [ ]         DGRAM                    44041    
unix  3      [ ]         STREAM     CONNECTED     52270    /var/run/dbus/system_bus_socket
unix  2      [ ]         DGRAM                    52228    
unix  3      [ ]         STREAM     CONNECTED     48906    @/tmp/dbus-s5S4VSzeC9
unix  3      [ ]         STREAM     CONNECTED     48605    
unix  3      [ ]         STREAM     CONNECTED     39092    
unix  3      [ ]         STREAM     CONNECTED     51756    
unix  3      [ ]         STREAM     CONNECTED     50965    /run/user/1000/bus
unix  3      [ ]         STREAM     CONNECTED     50936    
unix  3      [ ]         STREAM     CONNECTED     41282    /var/run/dbus/system_bus_socket
unix  3      [ ]         STREAM     CONNECTED     51358    
unix  3      [ ]         STREAM     CONNECTED     50107    
unix  3      [ ]         STREAM     CONNECTED     47851    @/tmp/.X11-unix/X1024
unix  3      [ ]         STREAM     CONNECTED     52115    
unix  3      [ ]         STREAM     CONNECTED     51681    
unix  2      [ ]         DGRAM                    43846    
unix  3      [ ]         STREAM     CONNECTED     52465    /run/systemd/journal/stdout
unix  3      [ ]         STREAM     CONNECTED     52224    @/tmp/dbus-8oYFdipQ0n
unix  3      [ ]         STREAM     CONNECTED     48910    @/tmp/dbus-YdJpb1cj
unix  3      [ ]         STREAM     CONNECTED     48532    
unix  3      [ ]         STREAM     CONNECTED     38468    
unix  3      [ ]         STREAM     CONNECTED     51385    /run/systemd/journal/stdout
unix  3      [ ]         STREAM     CONNECTED     50953    /run/systemd/journal/stdout
unix  3      [ ]         STREAM     CONNECTED     50690    /run/user/1000/bus
unix  3      [ ]         STREAM     CONNECTED     51236    
unix  3      [ ]         STREAM     CONNECTED     50677    
unix  3      [ ]         STREAM     CONNECTED     47844    
unix  3      [ ]         STREAM     CONNECTED     52054    
unix  3      [ ]         STREAM     CONNECTED     51582    /run/systemd/journal/stdout
unix  3      [ ]         DGRAM                    44208    
unix  3      [ ]         STREAM     CONNECTED     52320    /run/systemd/journal/stdout
unix  3      [ ]         STREAM     CONNECTED     52210    @/tmp/dbus-8oYFdipQ0n
unix  3      [ ]         STREAM     CONNECTED     48900    /run/user/121/bus
unix  3      [ ]         STREAM     CONNECTED     48606    /run/systemd/journal/stdout
unix  2      [ ]         DGRAM                    39094    
unix  3      [ ]         STREAM     CONNECTED     51735    @/tmp/.X11-unix/X0
unix  3      [ ]         STREAM     CONNECTED     50947    /run/systemd/journal/stdout
unix  3      [ ]         STREAM     CONNECTED     50684    @/tmp/dbus-PwYHBM0v
unix  3      [ ]         STREAM     CONNECTED     51310    
unix  3      [ ]         STREAM     CONNECTED     50682    /run/systemd/journal/stdout
unix  3      [ ]         STREAM     CONNECTED     47848    /run/user/121/bus
unix  3      [ ]         STREAM     CONNECTED     52142    /run/systemd/journal/stdout
unix  3      [ ]         STREAM     CONNECTED     51704    
unix  3      [ ]         STREAM     CONNECTED     44289    
unix  3      [ ]         STREAM     CONNECTED     52565    /run/systemd/journal/stdout
unix  3      [ ]         STREAM     CONNECTED     52214    /run/user/1000/bus
unix  3      [ ]         STREAM     CONNECTED     48868    
unix  3      [ ]         STREAM     CONNECTED     48610    
unix  3      [ ]         STREAM     CONNECTED     38469    
unix  3      [ ]         STREAM     CONNECTED     51514    
unix  3      [ ]         STREAM     CONNECTED     50954    
unix  3      [ ]         STREAM     CONNECTED     50696    
unix  2      [ ]         DGRAM                    39577    
unix  3      [ ]         STREAM     CONNECTED     51383    /run/systemd/journal/stdout
unix  3      [ ]         STREAM     CONNECTED     50594    
unix  3      [ ]         STREAM     CONNECTED     47835    
unix  3      [ ]         STREAM     CONNECTED     52141    
unix  3      [ ]         STREAM     CONNECTED     51640    /run/systemd/journal/stdout
unix  2      [ ]         DGRAM                    44016    
unix  3      [ ]         STREAM     CONNECTED     52503    
unix  3      [ ]         STREAM     CONNECTED     52223    
unix  3      [ ]         STREAM     CONNECTED     48895    
unix  3      [ ]         STREAM     CONNECTED     48481    @/tmp/.X11-unix/X1024
unix  3      [ ]         STREAM     CONNECTED     43786    
unix  3      [ ]         STREAM     CONNECTED     51731    
unix  3      [ ]         STREAM     CONNECTED     50967    
unix  3      [ ]         STREAM     CONNECTED     50723    
unix  3      [ ]         STREAM     CONNECTED     51359    /run/systemd/journal/stdout
unix  3      [ ]         STREAM     CONNECTED     50658    
unix  3      [ ]         STREAM     CONNECTED     47843    @/tmp/dbus-YdJpb1cj
unix  3      [ ]         STREAM     CONNECTED     52113    
unix  3      [ ]         STREAM     CONNECTED     51702    
unix  3      [ ]         STREAM     CONNECTED     44280    /run/systemd/journal/stdout
unix  3      [ ]         STREAM     CONNECTED     52924    /run/systemd/journal/stdout
unix  3      [ ]         STREAM     CONNECTED     52417    /run/user/1000/bus
unix  3      [ ]         STREAM     CONNECTED     48889    
unix  3      [ ]         STREAM     CONNECTED     48507    /run/systemd/journal/stdout
unix  3      [ ]         STREAM     CONNECTED     39093    /run/systemd/journal/stdout
unix  3      [ ]         STREAM     CONNECTED     51521    /run/user/1000/bus
unix  3      [ ]         STREAM     CONNECTED     50944    
unix  3      [ ]         STREAM     CONNECTED     50691    
unix  3      [ ]         DGRAM                    23995    
unix  3      [ ]         STREAM     CONNECTED     51333    /run/systemd/journal/stdout
unix  3      [ ]         STREAM     CONNECTED     50025    @/tmp/dbus-8oYFdipQ0n
unix  3      [ ]         STREAM     CONNECTED     47856    
unix  3      [ ]         STREAM     CONNECTED     52258    @/tmp/dbus-PwYHBM0v
unix  3      [ ]         STREAM     CONNECTED     51609    
unix  3      [ ]         STREAM     CONNECTED     44291    
unix  3      [ ]         STREAM     CONNECTED     52269    
unix  3      [ ]         STREAM     CONNECTED     52217    @/dbus-vfs-daemon/socket-21xqCMJR
unix  3      [ ]         STREAM     CONNECTED     48897    
unix  3      [ ]         STREAM     CONNECTED     48581    /run/systemd/journal/stdout
unix  3      [ ]         STREAM     CONNECTED     39172    
unix  3      [ ]         STREAM     CONNECTED     51391    /run/user/1000/bus
unix  3      [ ]         STREAM     CONNECTED     51023    /run/user/1000/bus
unix  3      [ ]         STREAM     CONNECTED     50937    /run/user/1000/bus
unix  3      [ ]         STREAM     CONNECTED     41281    
unix  3      [ ]         STREAM     CONNECTED     51357    /run/systemd/journal/stdout
unix  3      [ ]         STREAM     CONNECTED     47841    /run/systemd/journal/stdout
unix  3      [ ]         STREAM     CONNECTED     52057    /run/systemd/journal/stdout
unix  3      [ ]         STREAM     CONNECTED     51674    /run/systemd/journal/stdout
unix  3      [ ]         STREAM     CONNECTED     43833    /var/run/dbus/system_bus_socket
unix  3      [ ]         STREAM     CONNECTED     52718    /run/systemd/journal/stdout
unix  3      [ ]         STREAM     CONNECTED     52402    @/tmp/dbus-PwYHBM0v
unix  3      [ ]         STREAM     CONNECTED     48896    /run/user/121/bus
unix  3      [ ]         STREAM     CONNECTED     48531    /run/systemd/journal/stdout
unix  3      [ ]         STREAM     CONNECTED     43775    
unix  3      [ ]         STREAM     CONNECTED     51438    /run/systemd/journal/stdout
unix  3      [ ]         STREAM     CONNECTED     50959    
unix  3      [ ]         STREAM     CONNECTED     50718    @/tmp/dbus-PwYHBM0v
unix  3      [ ]         STREAM     CONNECTED     39537    
unix  3      [ ]         STREAM     CONNECTED     51356    
unix  3      [ ]         STREAM     CONNECTED     50029    /run/user/1000/bus
unix  3      [ ]         STREAM     CONNECTED     49661    
unix  3      [ ]         STREAM     CONNECTED     52139    
unix  3      [ ]         STREAM     CONNECTED     51605    
unix  3      [ ]         STREAM     CONNECTED     43832    
unix  3      [ ]         STREAM     CONNECTED     52319    
unix  3      [ ]         STREAM     CONNECTED     52213    
unix  3      [ ]         STREAM     CONNECTED     48907    
unix  3      [ ]         STREAM     CONNECTED     48558    
unix  3      [ ]         STREAM     CONNECTED     41818    /run/systemd/journal/stdout
unix  3      [ ]         STREAM     CONNECTED     51515    @/tmp/.X11-unix/X0
unix  3      [ ]         STREAM     CONNECTED     51018    
unix  3      [ ]         STREAM     CONNECTED     50703    
unix  3      [ ]         STREAM     CONNECTED     51263    /run/systemd/journal/stdout
unix  3      [ ]         STREAM     CONNECTED     50108    /run/user/1000/bus
unix  3      [ ]         STREAM     CONNECTED     47847    
unix  3      [ ]         STREAM     CONNECTED     51962    
unix  3      [ ]         STREAM     CONNECTED     51682    @/tmp/.X11-unix/X0
unix  3      [ ]         STREAM     CONNECTED     52994    
unix  3      [ ]         STREAM     CONNECTED     52205    
unix  3      [ ]         STREAM     CONNECTED     48865    /var/run/dbus/system_bus_socket
unix  3      [ ]         STREAM     CONNECTED     48533    /run/systemd/journal/stdout
unix  2      [ ]         DGRAM                    24641    
unix  2      [ ]         DGRAM                    52600    
unix  3      [ ]         STREAM     CONNECTED     51414    /run/systemd/journal/stdout
unix  3      [ ]         STREAM     CONNECTED     51112    /run/systemd/journal/stdout
unix  3      [ ]         STREAM     CONNECTED     51362    /run/user/1000/bus
unix  3      [ ]         STREAM     CONNECTED     50105    
unix  3      [ ]         STREAM     CONNECTED     47814    /run/user/121/bus
unix  3      [ ]         STREAM     CONNECTED     51676    
unix  3      [ ]         STREAM     CONNECTED     43971    
unix  3      [ ]         STREAM     CONNECTED     52323    
unix  3      [ ]         STREAM     CONNECTED     52173    
unix  3      [ ]         STREAM     CONNECTED     48905    
unix  3      [ ]         STREAM     CONNECTED     48508    
unix  3      [ ]         STREAM     CONNECTED     43776    /var/run/dbus/system_bus_socket
unix  3      [ ]         STREAM     CONNECTED     51387    /run/user/1000/bus
unix  3      [ ]         STREAM     CONNECTED     51016    
unix  3      [ ]         STREAM     CONNECTED     50685    
unix  3      [ ]         STREAM     CONNECTED     52953    
unix  3      [ ]         STREAM     CONNECTED     51286    
unix  3      [ ]         STREAM     CONNECTED     50681    /run/systemd/journal/stdout
unix  3      [ ]         STREAM     CONNECTED     51968    
unix  3      [ ]         STREAM     CONNECTED     51705    @/tmp/.X11-unix/X0
unix  3      [ ]         STREAM     CONNECTED     52727    
unix  3      [ ]         STREAM     CONNECTED     52324    /run/user/1000/bus
unix  3      [ ]         STREAM     CONNECTED     48867    @/tmp/dbus-s5S4VSzeC9
unix  3      [ ]         STREAM     CONNECTED     48506    
unix  3      [ ]         STREAM     CONNECTED     24704    
unix  3      [ ]         STREAM     CONNECTED     51520    
unix  3      [ ]         STREAM     CONNECTED     51122    
unix  3      [ ]         STREAM     CONNECTED     50686    /run/user/1000/bus
unix  3      [ ]         STREAM     CONNECTED     39583    /var/run/dbus/system_bus_socket
unix  3      [ ]         STREAM     CONNECTED     51334    
unix  3      [ ]         STREAM     CONNECTED     50027    @/tmp/.X11-unix/X0
unix  3      [ ]         STREAM     CONNECTED     49663    
unix  3      [ ]         STREAM     CONNECTED     52140    /run/systemd/journal/stdout
unix  3      [ ]         STREAM     CONNECTED     51707    
unix  3      [ ]         STREAM     CONNECTED     44346    /run/user/121/bus
unix  3      [ ]         STREAM     CONNECTED     52974    @/tmp/dbus-8oYFdipQ0n
unix  3      [ ]         STREAM     CONNECTED     52220    @/tmp/.X11-unix/X0
unix  3      [ ]         STREAM     CONNECTED     48864    
unix  3      [ ]         STREAM     CONNECTED     48554    
unix  3      [ ]         STREAM     CONNECTED     39582    /var/run/dbus/system_bus_socket
unix  3      [ ]         STREAM     CONNECTED     51386    
unix  3      [ ]         STREAM     CONNECTED     50952    
unix  3      [ ]         STREAM     CONNECTED     50715    
unix  3      [ ]         STREAM     CONNECTED     39584    /var/run/dbus/system_bus_socket
unix  3      [ ]         STREAM     CONNECTED     51361    
unix  3      [ ]         STREAM     CONNECTED     50599    
unix  3      [ ]         STREAM     CONNECTED     47842    
unix  3      [ ]         STREAM     CONNECTED     52144    
unix  3      [ ]         STREAM     CONNECTED     51673    
unix  3      [ ]         STREAM     CONNECTED     44278    
unix  3      [ ]         STREAM     CONNECTED     52725    
unix  2      [ ]         DGRAM                    52406    
unix  3      [ ]         STREAM     CONNECTED     48908    /run/user/121/bus
unix  3      [ ]         STREAM     CONNECTED     48557    /run/systemd/journal/stdout
unix  3      [ ]         STREAM     CONNECTED     29757    /run/systemd/journal/stdout
unix  3      [ ]         STREAM     CONNECTED     51413    
unix  3      [ ]         STREAM     CONNECTED     51164    /run/systemd/journal/stdout
unix  2      [ ]         DGRAM                    50926    
unix  3      [ ]         STREAM     CONNECTED     51309    /run/systemd/journal/stdout
unix  3      [ ]         STREAM     CONNECTED     50024    
unix  3      [ ]         STREAM     CONNECTED     49662    /run/systemd/journal/stdout
unix  3      [ ]         STREAM     CONNECTED     52116    /run/systemd/journal/stdout
unix  3      [ ]         STREAM     CONNECTED     51617    /run/user/1000/bus
unix  3      [ ]         STREAM     CONNECTED     44279    
unix  3      [ ]         STREAM     CONNECTED     52401    
unix  3      [ ]         STREAM     CONNECTED     52216    
unix  3      [ ]         STREAM     CONNECTED     48892    /run/user/121/bus
unix  3      [ ]         STREAM     CONNECTED     48580    
unix  3      [ ]         STREAM     CONNECTED     43803    /var/run/dbus/system_bus_socket
unix  3      [ ]         STREAM     CONNECTED     51390    
unix  3      [ ]         STREAM     CONNECTED     50960    /var/run/dbus/system_bus_socket
unix  3      [ ]         STREAM     CONNECTED     50705    /run/systemd/journal/stdout
unix  2      [ ]         DGRAM                    39544    
unix  3      [ ]         STREAM     CONNECTED     51262    
unix  3      [ ]         STREAM     CONNECTED     50039    
unix  3      [ ]         STREAM     CONNECTED     47836    
unix  3      [ ]         STREAM     CONNECTED     58504    
unix  3      [ ]         STREAM     CONNECTED     51606    /run/systemd/journal/stdout

arp information:
? (192.168.84.254) at 00:50:56:ef:b0:ab [ether] on ens33
_gateway (192.168.84.2) at 00:50:56:f9:2b:ed [ether] on ens33

information of processes:
USER        PID %CPU %MEM    VSZ   RSS TTY      STAT START   TIME COMMAND
root          1  0.1  0.4 159900  8536 ?        -    00:49   0:02 /sbin/init auto noprompt find_preseed=/preseed.cfg HOME=/ init=/sbin/init NETWORK_SKIP_ENSLAVED= recovery= locale=en_US TERM=linux drop_caps= BOOT_IMAGE=/boot/vmlinuz-5.3.0-51-generic PATH=/sbin:/usr/sbin:/bin:/usr/bin PWD=/ rootmnt=/root priority=critical
root          -  0.1    -      -     - -        Ss   00:49   0:02 -
root          2  0.0  0.0      0     0 ?        -    00:49   0:00 [kthreadd]
root          -  0.0    -      -     - -        S    00:49   0:00 -
root          3  0.0  0.0      0     0 ?        -    00:49   0:00 [rcu_gp]
root          -  0.0    -      -     - -        I<   00:49   0:00 -
root          4  0.0  0.0      0     0 ?        -    00:49   0:00 [rcu_par_gp]
root          -  0.0    -      -     - -        I<   00:49   0:00 -
root          6  0.0  0.0      0     0 ?        -    00:49   0:00 [kworker/0:0H-kb]
root          -  0.0    -      -     - -        I<   00:49   0:00 -
root          8  0.0  0.0      0     0 ?        -    00:49   0:00 [kworker/u256:0-]
root          -  0.0    -      -     - -        I    00:49   0:00 -
root          9  0.0  0.0      0     0 ?        -    00:49   0:00 [mm_percpu_wq]
root          -  0.0    -      -     - -        I<   00:49   0:00 -
root         10  0.0  0.0      0     0 ?        -    00:49   0:00 [ksoftirqd/0]
root          -  0.0    -      -     - -        S    00:49   0:00 -
root         11  0.0  0.0      0     0 ?        -    00:49   0:00 [rcu_sched]
root          -  0.0    -      -     - -        I    00:49   0:00 -
root         12  0.0  0.0      0     0 ?        -    00:49   0:00 [migration/0]
root          -  0.0    -      -     - -        S    00:49   0:00 -
root         13  0.0  0.0      0     0 ?        -    00:49   0:00 [idle_inject/0]
root          -  0.0    -      -     - -        S    00:49   0:00 -
root         14  0.0  0.0      0     0 ?        -    00:49   0:00 [cpuhp/0]
root          -  0.0    -      -     - -        S    00:49   0:00 -
root         15  0.0  0.0      0     0 ?        -    00:49   0:00 [kdevtmpfs]
root          -  0.0    -      -     - -        S    00:49   0:00 -
root         16  0.0  0.0      0     0 ?        -    00:49   0:00 [netns]
root          -  0.0    -      -     - -        I<   00:49   0:00 -
root         17  0.0  0.0      0     0 ?        -    00:49   0:00 [rcu_tasks_kthre]
root          -  0.0    -      -     - -        S    00:49   0:00 -
root         18  0.0  0.0      0     0 ?        -    00:49   0:00 [kauditd]
root          -  0.0    -      -     - -        S    00:49   0:00 -
root         19  0.0  0.0      0     0 ?        -    00:49   0:00 [khungtaskd]
root          -  0.0    -      -     - -        S    00:49   0:00 -
root         20  0.0  0.0      0     0 ?        -    00:49   0:00 [oom_reaper]
root          -  0.0    -      -     - -        S    00:49   0:00 -
root         21  0.0  0.0      0     0 ?        -    00:49   0:00 [writeback]
root          -  0.0    -      -     - -        I<   00:49   0:00 -
root         22  0.0  0.0      0     0 ?        -    00:49   0:00 [kcompactd0]
root          -  0.0    -      -     - -        S    00:49   0:00 -
root         23  0.0  0.0      0     0 ?        -    00:49   0:00 [ksmd]
root          -  0.0    -      -     - -        SN   00:49   0:00 -
root         24  0.0  0.0      0     0 ?        -    00:49   0:00 [khugepaged]
root          -  0.0    -      -     - -        SN   00:49   0:00 -
root        116  0.0  0.0      0     0 ?        -    00:49   0:00 [kintegrityd]
root          -  0.0    -      -     - -        I<   00:49   0:00 -
root        117  0.0  0.0      0     0 ?        -    00:49   0:00 [kblockd]
root          -  0.0    -      -     - -        I<   00:49   0:00 -
root        118  0.0  0.0      0     0 ?        -    00:49   0:00 [blkcg_punt_bio]
root          -  0.0    -      -     - -        I<   00:49   0:00 -
root        119  0.0  0.0      0     0 ?        -    00:49   0:00 [tpm_dev_wq]
root          -  0.0    -      -     - -        I<   00:49   0:00 -
root        120  0.0  0.0      0     0 ?        -    00:49   0:00 [ata_sff]
root          -  0.0    -      -     - -        I<   00:49   0:00 -
root        121  0.0  0.0      0     0 ?        -    00:49   0:00 [md]
root          -  0.0    -      -     - -        I<   00:49   0:00 -
root        122  0.0  0.0      0     0 ?        -    00:49   0:00 [edac-poller]
root          -  0.0    -      -     - -        I<   00:49   0:00 -
root        123  0.0  0.0      0     0 ?        -    00:49   0:00 [devfreq_wq]
root          -  0.0    -      -     - -        I<   00:49   0:00 -
root        124  0.0  0.0      0     0 ?        -    00:49   0:00 [watchdogd]
root          -  0.0    -      -     - -        S    00:49   0:00 -
root        127  0.0  0.0      0     0 ?        -    00:49   0:00 [kswapd0]
root          -  0.0    -      -     - -        S    00:49   0:00 -
root        128  0.0  0.0      0     0 ?        -    00:49   0:00 [kworker/u257:0]
root          -  0.0    -      -     - -        I<   00:49   0:00 -
root        129  0.0  0.0      0     0 ?        -    00:49   0:00 [ecryptfs-kthrea]
root          -  0.0    -      -     - -        S    00:49   0:00 -
root        132  0.0  0.0      0     0 ?        -    00:49   0:00 [kthrotld]
root          -  0.0    -      -     - -        I<   00:49   0:00 -
root        133  0.0  0.0      0     0 ?        -    00:49   0:00 [irq/24-pciehp]
root          -  0.0    -      -     - -        S    00:49   0:00 -
root        134  0.0  0.0      0     0 ?        -    00:49   0:00 [irq/25-pciehp]
root          -  0.0    -      -     - -        S    00:49   0:00 -
root        135  0.0  0.0      0     0 ?        -    00:49   0:00 [irq/26-pciehp]
root          -  0.0    -      -     - -        S    00:49   0:00 -
root        136  0.0  0.0      0     0 ?        -    00:49   0:00 [irq/27-pciehp]
root          -  0.0    -      -     - -        S    00:49   0:00 -
root        137  0.0  0.0      0     0 ?        -    00:49   0:00 [irq/28-pciehp]
root          -  0.0    -      -     - -        S    00:49   0:00 -
root        138  0.0  0.0      0     0 ?        -    00:49   0:00 [irq/29-pciehp]
root          -  0.0    -      -     - -        S    00:49   0:00 -
root        139  0.0  0.0      0     0 ?        -    00:49   0:00 [irq/30-pciehp]
root          -  0.0    -      -     - -        S    00:49   0:00 -
root        140  0.0  0.0      0     0 ?        -    00:49   0:00 [irq/31-pciehp]
root          -  0.0    -      -     - -        S    00:49   0:00 -
root        141  0.0  0.0      0     0 ?        -    00:49   0:00 [irq/32-pciehp]
root          -  0.0    -      -     - -        S    00:49   0:00 -
root        142  0.0  0.0      0     0 ?        -    00:49   0:00 [irq/33-pciehp]
root          -  0.0    -      -     - -        S    00:49   0:00 -
root        143  0.0  0.0      0     0 ?        -    00:49   0:00 [irq/34-pciehp]
root          -  0.0    -      -     - -        S    00:49   0:00 -
root        144  0.0  0.0      0     0 ?        -    00:49   0:00 [irq/35-pciehp]
root          -  0.0    -      -     - -        S    00:49   0:00 -
root        145  0.0  0.0      0     0 ?        -    00:49   0:00 [irq/36-pciehp]
root          -  0.0    -      -     - -        S    00:49   0:00 -
root        146  0.0  0.0      0     0 ?        -    00:49   0:00 [irq/37-pciehp]
root          -  0.0    -      -     - -        S    00:49   0:00 -
root        147  0.0  0.0      0     0 ?        -    00:49   0:00 [irq/38-pciehp]
root          -  0.0    -      -     - -        S    00:49   0:00 -
root        148  0.0  0.0      0     0 ?        -    00:49   0:00 [irq/39-pciehp]
root          -  0.0    -      -     - -        S    00:49   0:00 -
root        149  0.0  0.0      0     0 ?        -    00:49   0:00 [irq/40-pciehp]
root          -  0.0    -      -     - -        S    00:49   0:00 -
root        150  0.0  0.0      0     0 ?        -    00:49   0:00 [irq/41-pciehp]
root          -  0.0    -      -     - -        S    00:49   0:00 -
root        151  0.0  0.0      0     0 ?        -    00:49   0:00 [irq/42-pciehp]
root          -  0.0    -      -     - -        S    00:49   0:00 -
root        152  0.0  0.0      0     0 ?        -    00:49   0:00 [irq/43-pciehp]
root          -  0.0    -      -     - -        S    00:49   0:00 -
root        153  0.0  0.0      0     0 ?        -    00:49   0:00 [irq/44-pciehp]
root          -  0.0    -      -     - -        S    00:49   0:00 -
root        154  0.0  0.0      0     0 ?        -    00:49   0:00 [irq/45-pciehp]
root          -  0.0    -      -     - -        S    00:49   0:00 -
root        155  0.0  0.0      0     0 ?        -    00:49   0:00 [irq/46-pciehp]
root          -  0.0    -      -     - -        S    00:49   0:00 -
root        156  0.0  0.0      0     0 ?        -    00:49   0:00 [irq/47-pciehp]
root          -  0.0    -      -     - -        S    00:49   0:00 -
root        157  0.0  0.0      0     0 ?        -    00:49   0:00 [irq/48-pciehp]
root          -  0.0    -      -     - -        S    00:49   0:00 -
root        158  0.0  0.0      0     0 ?        -    00:49   0:00 [irq/49-pciehp]
root          -  0.0    -      -     - -        S    00:49   0:00 -
root        159  0.0  0.0      0     0 ?        -    00:49   0:00 [irq/50-pciehp]
root          -  0.0    -      -     - -        S    00:49   0:00 -
root        160  0.0  0.0      0     0 ?        -    00:49   0:00 [irq/51-pciehp]
root          -  0.0    -      -     - -        S    00:49   0:00 -
root        161  0.0  0.0      0     0 ?        -    00:49   0:00 [irq/52-pciehp]
root          -  0.0    -      -     - -        S    00:49   0:00 -
root        162  0.0  0.0      0     0 ?        -    00:49   0:00 [irq/53-pciehp]
root          -  0.0    -      -     - -        S    00:49   0:00 -
root        163  0.0  0.0      0     0 ?        -    00:49   0:00 [irq/54-pciehp]
root          -  0.0    -      -     - -        S    00:49   0:00 -
root        164  0.0  0.0      0     0 ?        -    00:49   0:00 [irq/55-pciehp]
root          -  0.0    -      -     - -        S    00:49   0:00 -
root        165  0.0  0.0      0     0 ?        -    00:49   0:00 [acpi_thermal_pm]
root          -  0.0    -      -     - -        I<   00:49   0:00 -
root        166  0.0  0.0      0     0 ?        -    00:49   0:00 [scsi_eh_0]
root          -  0.0    -      -     - -        S    00:49   0:00 -
root        167  0.0  0.0      0     0 ?        -    00:49   0:00 [scsi_tmf_0]
root          -  0.0    -      -     - -        I<   00:49   0:00 -
root        168  0.0  0.0      0     0 ?        -    00:49   0:00 [scsi_eh_1]
root          -  0.0    -      -     - -        S    00:49   0:00 -
root        169  0.0  0.0      0     0 ?        -    00:49   0:00 [scsi_tmf_1]
root          -  0.0    -      -     - -        I<   00:49   0:00 -
root        171  0.0  0.0      0     0 ?        -    00:49   0:00 [ipv6_addrconf]
root          -  0.0    -      -     - -        I<   00:49   0:00 -
root        172  0.0  0.0      0     0 ?        -    00:49   0:00 [kworker/0:2-eve]
root          -  0.0    -      -     - -        I    00:49   0:00 -
root        184  0.0  0.0      0     0 ?        -    00:49   0:00 [kstrp]
root          -  0.0    -      -     - -        I<   00:49   0:00 -
root        203  0.0  0.0      0     0 ?        -    00:49   0:00 [charger_manager]
root          -  0.0    -      -     - -        I<   00:49   0:00 -
root        253  0.0  0.0      0     0 ?        -    00:49   0:00 [mpt_poll_0]
root          -  0.0    -      -     - -        I<   00:49   0:00 -
root        254  0.0  0.0      0     0 ?        -    00:49   0:00 [mpt/0]
root          -  0.0    -      -     - -        I<   00:49   0:00 -
root        255  0.0  0.0      0     0 ?        -    00:49   0:00 [scsi_eh_2]
root          -  0.0    -      -     - -        S    00:49   0:00 -
root        256  0.0  0.0      0     0 ?        -    00:49   0:00 [scsi_tmf_2]
root          -  0.0    -      -     - -        I<   00:49   0:00 -
root        257  0.0  0.0      0     0 ?        -    00:49   0:00 [scsi_eh_3]
root          -  0.0    -      -     - -        S    00:49   0:00 -
root        258  0.0  0.0      0     0 ?        -    00:49   0:00 [scsi_tmf_3]
root          -  0.0    -      -     - -        I<   00:49   0:00 -
root        259  0.0  0.0      0     0 ?        -    00:49   0:00 [scsi_eh_4]
root          -  0.0    -      -     - -        S    00:49   0:00 -
root        260  0.0  0.0      0     0 ?        -    00:49   0:00 [scsi_tmf_4]
root          -  0.0    -      -     - -        I<   00:49   0:00 -
root        261  0.0  0.0      0     0 ?        -    00:49   0:00 [scsi_eh_5]
root          -  0.0    -      -     - -        S    00:49   0:00 -
root        262  0.0  0.0      0     0 ?        -    00:49   0:00 [scsi_tmf_5]
root          -  0.0    -      -     - -        I<   00:49   0:00 -
root        263  0.0  0.0      0     0 ?        -    00:49   0:00 [scsi_eh_6]
root          -  0.0    -      -     - -        S    00:49   0:00 -
root        264  0.0  0.0      0     0 ?        -    00:49   0:00 [scsi_tmf_6]
root          -  0.0    -      -     - -        I<   00:49   0:00 -
root        265  0.0  0.0      0     0 ?        -    00:49   0:00 [scsi_eh_7]
root          -  0.0    -      -     - -        S    00:49   0:00 -
root        266  0.0  0.0      0     0 ?        -    00:49   0:00 [scsi_tmf_7]
root          -  0.0    -      -     - -        I<   00:49   0:00 -
root        267  0.0  0.0      0     0 ?        -    00:49   0:00 [scsi_eh_8]
root          -  0.0    -      -     - -        S    00:49   0:00 -
root        268  0.0  0.0      0     0 ?        -    00:49   0:00 [scsi_tmf_8]
root          -  0.0    -      -     - -        I<   00:49   0:00 -
root        269  0.0  0.0      0     0 ?        -    00:49   0:00 [scsi_eh_9]
root          -  0.0    -      -     - -        S    00:49   0:00 -
root        270  0.0  0.0      0     0 ?        -    00:49   0:00 [scsi_tmf_9]
root          -  0.0    -      -     - -        I<   00:49   0:00 -
root        271  0.0  0.0      0     0 ?        -    00:49   0:00 [scsi_eh_10]
root          -  0.0    -      -     - -        S    00:49   0:00 -
root        272  0.0  0.0      0     0 ?        -    00:49   0:00 [scsi_tmf_10]
root          -  0.0    -      -     - -        I<   00:49   0:00 -
root        273  0.0  0.0      0     0 ?        -    00:49   0:00 [scsi_eh_11]
root          -  0.0    -      -     - -        S    00:49   0:00 -
root        274  0.0  0.0      0     0 ?        -    00:49   0:00 [scsi_tmf_11]
root          -  0.0    -      -     - -        I<   00:49   0:00 -
root        275  0.0  0.0      0     0 ?        -    00:49   0:00 [scsi_eh_12]
root          -  0.0    -      -     - -        S    00:49   0:00 -
root        276  0.0  0.0      0     0 ?        -    00:49   0:00 [scsi_tmf_12]
root          -  0.0    -      -     - -        I<   00:49   0:00 -
root        277  0.0  0.0      0     0 ?        -    00:49   0:00 [scsi_eh_13]
root          -  0.0    -      -     - -        S    00:49   0:00 -
root        278  0.0  0.0      0     0 ?        -    00:49   0:00 [scsi_tmf_13]
root          -  0.0    -      -     - -        I<   00:49   0:00 -
root        279  0.0  0.0      0     0 ?        -    00:49   0:00 [scsi_eh_14]
root          -  0.0    -      -     - -        S    00:49   0:00 -
root        280  0.0  0.0      0     0 ?        -    00:49   0:00 [scsi_tmf_14]
root          -  0.0    -      -     - -        I<   00:49   0:00 -
root        281  0.0  0.0      0     0 ?        -    00:49   0:00 [scsi_eh_15]
root          -  0.0    -      -     - -        S    00:49   0:00 -
root        282  0.0  0.0      0     0 ?        -    00:49   0:00 [scsi_tmf_15]
root          -  0.0    -      -     - -        I<   00:49   0:00 -
root        283  0.0  0.0      0     0 ?        -    00:49   0:00 [scsi_eh_16]
root          -  0.0    -      -     - -        S    00:49   0:00 -
root        284  0.0  0.0      0     0 ?        -    00:49   0:00 [scsi_tmf_16]
root          -  0.0    -      -     - -        I<   00:49   0:00 -
root        285  0.0  0.0      0     0 ?        -    00:49   0:00 [scsi_eh_17]
root          -  0.0    -      -     - -        S    00:49   0:00 -
root        286  0.0  0.0      0     0 ?        -    00:49   0:00 [scsi_tmf_17]
root          -  0.0    -      -     - -        I<   00:49   0:00 -
root        287  0.0  0.0      0     0 ?        -    00:49   0:00 [scsi_eh_18]
root          -  0.0    -      -     - -        S    00:49   0:00 -
root        288  0.0  0.0      0     0 ?        -    00:49   0:00 [scsi_tmf_18]
root          -  0.0    -      -     - -        I<   00:49   0:00 -
root        289  0.0  0.0      0     0 ?        -    00:49   0:00 [scsi_eh_19]
root          -  0.0    -      -     - -        S    00:49   0:00 -
root        290  0.0  0.0      0     0 ?        -    00:49   0:00 [scsi_tmf_19]
root          -  0.0    -      -     - -        I<   00:49   0:00 -
root        291  0.0  0.0      0     0 ?        -    00:49   0:00 [scsi_eh_20]
root          -  0.0    -      -     - -        S    00:49   0:00 -
root        292  0.0  0.0      0     0 ?        -    00:49   0:00 [scsi_tmf_20]
root          -  0.0    -      -     - -        I<   00:49   0:00 -
root        293  0.0  0.0      0     0 ?        -    00:49   0:00 [scsi_eh_21]
root          -  0.0    -      -     - -        S    00:49   0:00 -
root        294  0.0  0.0      0     0 ?        -    00:49   0:00 [scsi_tmf_21]
root          -  0.0    -      -     - -        I<   00:49   0:00 -
root        295  0.0  0.0      0     0 ?        -    00:49   0:00 [scsi_eh_22]
root          -  0.0    -      -     - -        S    00:49   0:00 -
root        296  0.0  0.0      0     0 ?        -    00:49   0:00 [scsi_tmf_22]
root          -  0.0    -      -     - -        I<   00:49   0:00 -
root        297  0.0  0.0      0     0 ?        -    00:49   0:00 [scsi_eh_23]
root          -  0.0    -      -     - -        S    00:49   0:00 -
root        298  0.0  0.0      0     0 ?        -    00:49   0:00 [scsi_tmf_23]
root          -  0.0    -      -     - -        I<   00:49   0:00 -
root        299  0.0  0.0      0     0 ?        -    00:49   0:00 [scsi_eh_24]
root          -  0.0    -      -     - -        S    00:49   0:00 -
root        300  0.0  0.0      0     0 ?        -    00:49   0:00 [scsi_tmf_24]
root          -  0.0    -      -     - -        I<   00:49   0:00 -
root        301  0.0  0.0      0     0 ?        -    00:49   0:00 [scsi_eh_25]
root          -  0.0    -      -     - -        S    00:49   0:00 -
root        302  0.0  0.0      0     0 ?        -    00:49   0:00 [scsi_tmf_25]
root          -  0.0    -      -     - -        I<   00:49   0:00 -
root        303  0.0  0.0      0     0 ?        -    00:49   0:00 [scsi_eh_26]
root          -  0.0    -      -     - -        S    00:49   0:00 -
root        304  0.0  0.0      0     0 ?        -    00:49   0:00 [scsi_tmf_26]
root          -  0.0    -      -     - -        I<   00:49   0:00 -
root        305  0.0  0.0      0     0 ?        -    00:49   0:00 [scsi_eh_27]
root          -  0.0    -      -     - -        S    00:49   0:00 -
root        306  0.0  0.0      0     0 ?        -    00:49   0:00 [scsi_tmf_27]
root          -  0.0    -      -     - -        I<   00:49   0:00 -
root        307  0.0  0.0      0     0 ?        -    00:49   0:00 [scsi_eh_28]
root          -  0.0    -      -     - -        S    00:49   0:00 -
root        308  0.0  0.0      0     0 ?        -    00:49   0:00 [scsi_tmf_28]
root          -  0.0    -      -     - -        I<   00:49   0:00 -
root        309  0.0  0.0      0     0 ?        -    00:49   0:00 [scsi_eh_29]
root          -  0.0    -      -     - -        S    00:49   0:00 -
root        310  0.0  0.0      0     0 ?        -    00:49   0:00 [scsi_eh_30]
root          -  0.0    -      -     - -        S    00:49   0:00 -
root        311  0.0  0.0      0     0 ?        -    00:49   0:00 [scsi_tmf_29]
root          -  0.0    -      -     - -        I<   00:49   0:00 -
root        312  0.0  0.0      0     0 ?        -    00:49   0:00 [scsi_tmf_30]
root          -  0.0    -      -     - -        I<   00:49   0:00 -
root        313  0.0  0.0      0     0 ?        -    00:49   0:00 [scsi_eh_31]
root          -  0.0    -      -     - -        S    00:49   0:00 -
root        314  0.0  0.0      0     0 ?        -    00:49   0:00 [scsi_tmf_31]
root          -  0.0    -      -     - -        I<   00:49   0:00 -
root        315  0.0  0.0      0     0 ?        -    00:49   0:00 [scsi_eh_32]
root          -  0.0    -      -     - -        S    00:49   0:00 -
root        316  0.0  0.0      0     0 ?        -    00:49   0:00 [scsi_tmf_32]
root          -  0.0    -      -     - -        I<   00:49   0:00 -
root        345  0.0  0.0      0     0 ?        -    00:49   0:00 [kworker/0:1H-kb]
root          -  0.0    -      -     - -        I<   00:49   0:00 -
root        368  0.0  0.0      0     0 ?        -    00:49   0:00 [jbd2/sda1-8]
root          -  0.0    -      -     - -        S    00:49   0:00 -
root        369  0.0  0.0      0     0 ?        -    00:49   0:00 [ext4-rsv-conver]
root          -  0.0    -      -     - -        I<   00:49   0:00 -
root        409  0.0  0.8  95200 17220 ?        -    00:49   0:00 /lib/systemd/systemd-journald LANG=en_US.UTF-8 PATH=/usr/local/sbin:/usr/local/bin:/usr/sbin:/usr/bin:/sbin:/bin:/snap/bin NOTIFY_SOCKET=/run/systemd/notify LISTEN_PID=409 LISTEN_FDS=4 LISTEN_FDNAMES=systemd-journald-audit.socket:systemd-journald-dev-log.socket:systemd-journald.socket:systemd-journald.socket INVOCATION_ID=60b898e1b53644e38ada87f60b589753
root          -  0.0    -      -     - -        S<s  00:49   0:00 -
root        419  0.0  0.2  46544  4164 ?        -    00:49   0:00 /lib/systemd/systemd-udevd LANG=en_US.UTF-8 PATH=/usr/local/sbin:/usr/local/bin:/usr/sbin:/usr/bin:/sbin:/bin:/snap/bin NOTIFY_SOCKET=/run/systemd/notify LISTEN_PID=419 LISTEN_FDS=2 LISTEN_FDNAMES=systemd-udevd-kernel.socket:systemd-udevd-control.socket WATCHDOG_PID=419 WATCHDOG_USEC=180000000 INVOCATION_ID=964ef2a29b2f460bb360bc7c80ef132a JOURNAL_STREAM=9:24704
root          -  0.0    -      -     - -        Ss   00:49   0:00 -
root        425  0.0  0.0      0     0 ?        -    00:49   0:00 [loop0]
root          -  0.0    -      -     - -        S<   00:49   0:00 -
root        427  0.0  0.0      0     0 ?        -    00:49   0:00 [irq/16-vmwgfx]
root          -  0.0    -      -     - -        S    00:49   0:00 -
root        428  0.0  0.0      0     0 ?        -    00:49   0:00 [ttm_swap]
root          -  0.0    -      -     - -        I<   00:49   0:00 -
root        430  0.0  0.0      0     0 ?        -    00:49   0:00 [loop1]
root          -  0.0    -      -     - -        S<   00:49   0:00 -
root        431  0.0  0.0      0     0 ?        -    00:49   0:00 [loop2]
root          -  0.0    -      -     - -        S<   00:49   0:00 -
root        433  0.0  0.0      0     0 ?        -    00:49   0:00 [loop3]
root          -  0.0    -      -     - -        S<   00:49   0:00 -
root        435  0.0  0.0      0     0 ?        -    00:49   0:00 [loop4]
root          -  0.0    -      -     - -        S<   00:49   0:00 -
root        440  0.0  0.0      0     0 ?        -    00:49   0:00 [loop5]
root          -  0.0    -      -     - -        S<   00:49   0:00 -
root        443  0.0  0.0      0     0 ?        -    00:49   0:00 [loop6]
root          -  0.0    -      -     - -        S<   00:49   0:00 -
root        451  0.0  0.0      0     0 ?        -    00:49   0:00 [loop7]
root          -  0.0    -      -     - -        S<   00:49   0:00 -
root        454  0.0  0.0      0     0 ?        -    00:49   0:00 [loop8]
root          -  0.0    -      -     - -        S<   00:49   0:00 -
root        459  0.0  0.0      0     0 ?        -    00:49   0:00 [loop9]
root          -  0.0    -      -     - -        S<   00:49   0:00 -
root        461  0.0  0.0      0     0 ?        -    00:49   0:00 [loop10]
root          -  0.0    -      -     - -        S<   00:49   0:00 -
root        469  0.0  0.0      0     0 ?        -    00:49   0:00 [loop11]
root          -  0.0    -      -     - -        S<   00:49   0:00 -
root        472  0.0  0.0      0     0 ?        -    00:49   0:00 [loop12]
root          -  0.0    -      -     - -        S<   00:49   0:00 -
root        473  0.0  0.0      0     0 ?        -    00:49   0:00 [loop13]
root          -  0.0    -      -     - -        S<   00:49   0:00 -
root        474  0.0  0.0      0     0 ?        -    00:49   0:00 [loop14]
root          -  0.0    -      -     - -        S<   00:49   0:00 -
root        476  0.0  0.0      0     0 ?        -    00:49   0:00 [loop15]
root          -  0.0    -      -     - -        S<   00:49   0:00 -
root        486  0.0  0.0      0     0 ?        -    00:49   0:00 [loop16]
root          -  0.0    -      -     - -        S<   00:49   0:00 -
root        494  0.0  0.0      0     0 ?        -    00:49   0:00 [loop17]
root          -  0.0    -      -     - -        S<   00:49   0:00 -
root        503  0.0  0.0      0     0 ?        -    00:49   0:00 [loop18]
root          -  0.0    -      -     - -        S<   00:49   0:00 -
root        534  0.0  0.0 158784   260 ?        -    00:49   0:00 vmware-vmblock-fuse /run/vmblock-fuse -o rw,subtype=vmware-vmblock,default_permissions,allow_other,dev,suid HOME=/root JOURNAL_STREAM=9:36911 INVOCATION_ID=49c4e400852b45eb95b8a55e6d0a71e9 LANG=en_US.UTF-8 PWD=/
root          -  0.0    -      -     - -        Ssl  00:49   0:00 -
root          -  0.0    -      -     - -        Ssl  00:49   0:00 -
root          -  0.0    -      -     - -        Ssl  00:49   0:00 -
systemd+    556  0.0  0.2  70636  4960 ?        -    00:49   0:00 /lib/systemd/systemd-resolved LANG=en_US.UTF-8 PATH=/usr/local/sbin:/usr/local/bin:/usr/sbin:/usr/bin:/sbin:/bin:/snap/bin NOTIFY_SOCKET=/run/systemd/notify WATCHDOG_PID=556 WATCHDOG_USEC=180000000 HOME=/run/systemd/resolve LOGNAME=systemd-resolve USER=systemd-resolve INVOCATION_ID=af2b742aa30e41eb81023cce2a3c9383 JOURNAL_STREAM=9:37288
systemd+      -  0.0    -      -     - -        Ss   00:49   0:00 -
systemd+    557  0.0  0.1 146112  3376 ?        -    00:49   0:00 /lib/systemd/systemd-timesyncd LANG=en_US.UTF-8 PATH=/usr/local/sbin:/usr/local/bin:/usr/sbin:/usr/bin:/sbin:/bin:/snap/bin NOTIFY_SOCKET=/run/systemd/notify WATCHDOG_PID=557 WATCHDOG_USEC=180000000 LOGNAME=systemd-timesync USER=systemd-timesync INVOCATION_ID=3397385cfae44ea589e74938999271bb JOURNAL_STREAM=9:37350
systemd+      -  0.0    -      -     - -        Ssl  00:49   0:00 -
systemd+      -  0.0    -      -     - -        Ssl  00:49   0:00 -
root        604  0.0  0.5  98252 10600 ?        -    00:49   0:00 /usr/bin/VGAuthService LANG=en_US.UTF-8 PATH=/usr/local/sbin:/usr/local/bin:/usr/sbin:/usr/bin:/sbin:/bin:/snap/bin INVOCATION_ID=a41f48452a3b44f49269d159ee0e9c67 JOURNAL_STREAM=9:37834
root          -  0.0    -      -     - -        Ss   00:49   0:00 -
root        608  0.1  0.3 161732  7812 ?        -    00:49   0:02 /usr/bin/vmtoolsd LANG=en_US.UTF-8 PATH=/usr/local/sbin:/usr/local/bin:/usr/sbin:/usr/bin:/sbin:/bin:/snap/bin INVOCATION_ID=0dc8719157e94a3f91331001c60feba1 JOURNAL_STREAM=9:38067
root          -  0.1    -      -     - -        S<sl 00:49   0:01 -
root          -  0.0    -      -     - -        S<sl 00:49   0:00 -
avahi       616  0.0  0.1  47252  3164 ?        -    00:49   0:00 avahi-daemon: running [ubuntu.local] ntu.local]                                                                                                                                                                                                                                                         
avahi         -  0.0    -      -     - -        Ss   00:49   0:00 -
syslog      618  0.0  0.2 263032  4688 ?        -    00:49   0:00 /usr/sbin/rsyslogd -n LANG=en_US.UTF-8 PATH=/usr/local/sbin:/usr/local/bin:/usr/sbin:/usr/bin:/sbin:/bin:/snap/bin NOTIFY_SOCKET=/run/systemd/notify LISTEN_PID=618 LISTEN_FDS=1 LISTEN_FDNAMES=syslog.socket INVOCATION_ID=53dc03d3e07e4c7e8a921f9d0cd33b46
syslog        -  0.0    -      -     - -        Ssl  00:49   0:00 -
syslog        -  0.0    -      -     - -        Ssl  00:49   0:00 -
syslog        -  0.0    -      -     - -        Ssl  00:49   0:00 -
syslog        -  0.0    -      -     - -        Ssl  00:49   0:00 -
root        622  0.0  0.0   4548   748 ?        -    00:49   0:00 /usr/sbin/acpid LANG=en_US.UTF-8 PATH=/usr/local/sbin:/usr/local/bin:/usr/sbin:/usr/bin:/sbin:/bin:/snap/bin INVOCATION_ID=09743d19fea446799da229c74d9ff817
root          -  0.0    -      -     - -        Ss   00:49   0:00 -
root        628  0.0  0.3  70676  6172 ?        -    00:49   0:00 /lib/systemd/systemd-logind LANG=en_US.UTF-8 PATH=/usr/local/sbin:/usr/local/bin:/usr/sbin:/usr/bin:/sbin:/bin:/snap/bin NOTIFY_SOCKET=/run/systemd/notify WATCHDOG_PID=628 WATCHDOG_USEC=180000000 INVOCATION_ID=6d60250f08c74987b756afbc1a08da6e JOURNAL_STREAM=9:38465
root          -  0.0    -      -     - -        Ss   00:49   0:00 -
avahi       633  0.0  0.0  47072   336 ?        -    00:49   0:00 avahi-daemon: chroot helper r                                                                                                                                                                                                                                                                  
avahi         -  0.0    -      -     - -        S    00:49   0:00 -
root        635  0.0  0.4 434328  9380 ?        -    00:49   0:00 /usr/sbin/ModemManager --filter-policy=strict LANG=en_US.UTF-8 PATH=/usr/local/sbin:/usr/local/bin:/usr/sbin:/usr/bin:/sbin:/bin:/snap/bin HOME=/root LOGNAME=root USER=root SHELL=/bin/sh INVOCATION_ID=cec8d2a4876646a0bf043b396c91b30e JOURNAL_STREAM=9:38549
root          -  0.0    -      -     - -        Ssl  00:49   0:00 -
root          -  0.0    -      -     - -        Ssl  00:49   0:00 -
root          -  0.0    -      -     - -        Ssl  00:49   0:00 -
root        642  0.0  0.1  38424  3220 ?        -    00:49   0:00 /usr/sbin/cron -f LANG=en_US.UTF-8 PATH=/usr/local/sbin:/usr/local/bin:/usr/sbin:/usr/bin:/sbin:/bin:/snap/bin INVOCATION_ID=4ea385fc9f8c4c6abd7a7082c9618369 JOURNAL_STREAM=9:38923
root          -  0.0    -      -     - -        Ss   00:49   0:00 -
root        645  0.0  0.5 503448 10916 ?        -    00:49   0:00 /usr/lib/udisks2/udisksd LANG=en_US.UTF-8 PATH=/usr/local/sbin:/usr/local/bin:/usr/sbin:/usr/bin:/sbin:/bin:/snap/bin INVOCATION_ID=a6291590cafa49638a681b1b33aa2e02 JOURNAL_STREAM=9:39092
root          -  0.0    -      -     - -        Ssl  00:49   0:00 -
root          -  0.0    -      -     - -        Ssl  00:49   0:00 -
root          -  0.0    -      -     - -        Ssl  00:49   0:00 -
root          -  0.0    -      -     - -        Ssl  00:49   0:00 -
root          -  0.0    -      -     - -        Ssl  00:49   0:00 -
message+    678  0.0  0.2  51520  5948 ?        -    00:49   0:00 /usr/bin/dbus-daemon --system --address=systemd: --nofork --nopidfile --systemd-activation --syslog-only LANG=en_US.UTF-8 PATH=/usr/local/sbin:/usr/local/bin:/usr/sbin:/usr/bin:/sbin:/bin:/snap/bin LISTEN_PID=678 LISTEN_FDS=1 LISTEN_FDNAMES=dbus.socket SYSTEMD_NSS_BYPASS_BUS=1 INVOCATION_ID=2a221876d41c493586320f842c1daf12 JOURNAL_STREAM=9:39526
message+      -  0.0    -      -     - -        Ss   00:49   0:00 -
root        693  0.0  0.3 294760  6904 ?        -    00:49   0:00 /usr/lib/accountsservice/accounts-daemon LANG=en_US.UTF-8 PATH=/usr/local/sbin:/usr/local/bin:/usr/sbin:/usr/bin:/sbin:/bin:/snap/bin INVOCATION_ID=cbc4e46ce12c42469ab7f16dd4dbf35f JOURNAL_STREAM=9:39661 GVFS_DISABLE_FUSE=1 GIO_USE_VFS=local GVFS_REMOTE_VOLUME_MONITOR_IGNORE=1
root          -  0.0    -      -     - -        Ssl  00:49   0:00 -
root          -  0.0    -      -     - -        Ssl  00:49   0:00 -
root          -  0.0    -      -     - -        Ssl  00:49   0:00 -
root        694  0.0  0.8 565880 16780 ?        -    00:49   0:00 /usr/sbin/NetworkManager --no-daemon LANG=en_US.UTF-8 PATH=/usr/local/sbin:/usr/local/bin:/usr/sbin:/usr/bin:/sbin:/bin:/snap/bin INVOCATION_ID=aaf747bb3b1d4a9f8089053890233143 JOURNAL_STREAM=9:39742
root          -  0.0    -      -     - -        Ssl  00:49   0:00 -
root          -  0.0    -      -     - -        Ssl  00:49   0:00 -
root          -  0.0    -      -     - -        Ssl  00:49   0:00 -
root        701  0.0  0.3 107696  7960 ?        -    00:49   0:00 /usr/sbin/cupsd -l LANG=en_US.UTF-8 PATH=/usr/local/sbin:/usr/local/bin:/usr/sbin:/usr/bin:/sbin:/bin:/snap/bin LISTEN_PID=701 LISTEN_FDS=1 LISTEN_FDNAMES=cups.socket INVOCATION_ID=95e0a7acd54d4f858c43e6e026b8260b JOURNAL_STREAM=9:39896
root          -  0.0    -      -     - -        Ss   00:49   0:00 -
root        705  0.0  0.2  45228  5424 ?        -    00:49   0:00 /sbin/wpa_supplicant -u -s -O /run/wpa_supplicant LANG=en_US.UTF-8 PATH=/usr/local/sbin:/usr/local/bin:/usr/sbin:/usr/bin:/sbin:/bin:/snap/bin INVOCATION_ID=2017ffdbed524eafadebc035833ccbbb JOURNAL_STREAM=9:40053
root          -  0.0    -      -     - -        Ss   00:49   0:00 -
root        707  0.0  0.8 177636 17108 ?        -    00:49   0:00 /usr/bin/python3 /usr/bin/networkd-dispatcher --run-startup-triggers LANG=en_US.UTF-8 PATH=/usr/local/sbin:/usr/local/bin:/usr/sbin:/usr/bin:/sbin:/bin:/snap/bin NOTIFY_SOCKET=/run/systemd/notify INVOCATION_ID=5546e86b920e422f9f492fdb9de48089 JOURNAL_STREAM=9:40228 networkd_dispatcher_args=--run-startup-triggers
root          -  0.0    -      -     - -        Ssl  00:49   0:00 -
root          -  0.0    -      -     - -        Ssl  00:49   0:00 -
root        708  0.1  1.3 658908 27408 ?        -    00:49   0:01 /usr/lib/snapd/snapd LANG=en_US.UTF-8 PATH=/usr/local/sbin:/usr/local/bin:/usr/sbin:/usr/bin:/sbin:/bin:/usr/games:/usr/local/games NOTIFY_SOCKET=/run/systemd/notify LISTEN_PID=708 LISTEN_FDS=2 LISTEN_FDNAMES=snapd.socket:snapd.socket WATCHDOG_PID=708 WATCHDOG_USEC=300000000 INVOCATION_ID=b797222ac04c4d43980ec43f37b73249 JOURNAL_STREAM=9:40305
root          -  0.0    -      -     - -        Ssl  00:49   0:00 -
root          -  0.0    -      -     - -        Ssl  00:49   0:00 -
root          -  0.0    -      -     - -        Ssl  00:49   0:00 -
root          -  0.0    -      -     - -        Ssl  00:49   0:00 -
root          -  0.0    -      -     - -        Ssl  00:49   0:00 -
root          -  0.0    -      -     - -        Ssl  00:49   0:00 -
root          -  0.0    -      -     - -        Ssl  00:49   0:00 -
root          -  0.0    -      -     - -        Ssl  00:49   0:00 -
root          -  0.0    -      -     - -        Ssl  00:50   0:00 -
root          -  0.0    -      -     - -        Ssl  00:50   0:00 -
root          -  0.0    -      -     - -        Ssl  00:50   0:00 -
root        720  0.0  0.4 293232  9280 ?        -    00:49   0:00 /usr/lib/policykit-1/polkitd --no-debug LANG=en_US.UTF-8 PATH=/usr/local/sbin:/usr/local/bin:/usr/sbin:/usr/bin:/sbin:/bin:/snap/bin INVOCATION_ID=3bacc051e29d479690aafddb642fa403 JOURNAL_STREAM=9:40463
root          -  0.0    -      -     - -        Ssl  00:49   0:00 -
root          -  0.0    -      -     - -        Ssl  00:49   0:00 -
root          -  0.0    -      -     - -        Ssl  00:49   0:00 -
root        721  0.0  0.5 303660 10744 ?        -    00:49   0:00 /usr/sbin/cups-browsed LANG=en_US.UTF-8 PATH=/usr/local/sbin:/usr/local/bin:/usr/sbin:/usr/bin:/sbin:/bin:/snap/bin INVOCATION_ID=5b7fcfc79e7c473394017f261261601d JOURNAL_STREAM=9:40563
root          -  0.0    -      -     - -        Ssl  00:49   0:00 -
root          -  0.0    -      -     - -        Ssl  00:49   0:00 -
root          -  0.0    -      -     - -        Ssl  00:49   0:00 -
root        741  0.0  0.9 194352 20032 ?        -    00:49   0:00 /usr/bin/python3 /usr/share/unattended-upgrades/unattended-upgrade-shutdown --wait-for-signal LANG=en_US.UTF-8 PATH=/usr/local/sbin:/usr/local/bin:/usr/sbin:/usr/bin:/sbin:/bin:/snap/bin INVOCATION_ID=1c30cf1cda9e49aba2b18e6cedeb61d3 JOURNAL_STREAM=9:41817
root          -  0.0    -      -     - -        Ssl  00:49   0:00 -
root          -  0.0    -      -     - -        Ssl  00:49   0:00 -
root        774  0.0  0.3 308184  7804 ?        -    00:49   0:00 /usr/sbin/gdm3 LANG=en_US.UTF-8 PATH=/usr/local/sbin:/usr/local/bin:/usr/sbin:/usr/bin:/sbin:/bin:/snap/bin INVOCATION_ID=4c62d98495b747e58815e4ce7ace0401 JOURNAL_STREAM=9:43067
root          -  0.0    -      -     - -        Ssl  00:49   0:00 -
root          -  0.0    -      -     - -        Ssl  00:49   0:00 -
root          -  0.0    -      -     - -        Ssl  00:49   0:00 -
root        782  0.0  0.4 261548  8208 ?        -    00:49   0:00 gdm-session-worker [pam/gdm-launch-environment] LANG=en_US.UTF-8 JOURNAL_STREAM=9:43067 GDM_SESSION_DBUS_ADDRESS=unix:abstract=/tmp/dbus-D0TiMuwD PATH=/usr/local/sbin:/usr/local/bin:/usr/sbin:/usr/bin:/sbin:/bin:/snap/bin INVOCATION_ID=4c62d98495b747e58815e4ce7ace0401
root          -  0.0    -      -     - -        Sl   00:49   0:00 -
root          -  0.0    -      -     - -        Sl   00:49   0:00 -
root          -  0.0    -      -     - -        Sl   00:49   0:00 -
root        789  0.0  0.2  25988  5972 ?        -    00:49   0:00 /sbin/dhclient -d -q -sf /usr/lib/NetworkManager/nm-dhcp-helper -pf /run/dhclient-ens33.pid -lf /var/lib/NetworkManager/dhclient-6eee1b2f-2367-3622-a0f2-28f7b0e35152-ens33.lease -cf /var/lib/NetworkManager/dhclient-ens33.conf ens33 LANG=en_US.UTF-8 PATH=/usr/local/sbin:/usr/local/bin:/usr/sbin:/usr/bin:/sbin:/bin:/snap/bin INVOCATION_ID=aaf747bb3b1d4a9f8089053890233143 JOURNAL_STREAM=9:39742 GIO_USE_VFS=local
root          -  0.0    -      -     - -        S    00:49   0:00 -
root        798  0.0  0.8 342064 17336 ?        -    00:49   0:00 /usr/sbin/apache2 -k start APACHE_RUN_DIR=/var/run/apache2 APACHE_PID_FILE=/var/run/apache2/apache2.pid JOURNAL_STREAM=9:41621 PATH=/usr/local/sbin:/usr/local/bin:/usr/sbin:/usr/bin:/sbin:/bin:/snap/bin INVOCATION_ID=03abed1320eb480aa036c0983dbe17f8 APACHE_LOCK_DIR=/var/lock/apache2 LANG=C APACHE_RUN_USER=www-data APACHE_RUN_GROUP=www-data APACHE_LOG_DIR=/var/log/apache2 PWD=/
root          -  0.0    -      -     - -        Ss   00:49   0:00 -
whoopsie    813  0.0  0.6 462196 12564 ?        -    00:49   0:00 /usr/bin/whoopsie -f LANG=en_US.UTF-8 PATH=/usr/local/sbin:/usr/local/bin:/usr/sbin:/usr/bin:/sbin:/bin:/snap/bin INVOCATION_ID=7f8fccedcd414cd4a44648bacf81e707 JOURNAL_STREAM=9:43438 CRASH_DB_URL=https://daisy.ubuntu.com
whoopsie      -  0.0    -      -     - -        Ssl  00:49   0:00 -
whoopsie      -  0.0    -      -     - -        Ssl  00:49   0:00 -
whoopsie      -  0.0    -      -     - -        Ssl  00:49   0:00 -
zerotie+    814  0.0  0.5 239508 10576 ?        -    00:49   0:01 /usr/sbin/zerotier-one LANG=en_US.UTF-8 PATH=/usr/local/sbin:/usr/local/bin:/usr/sbin:/usr/bin:/sbin:/bin:/snap/bin INVOCATION_ID=ebe27a5cdd3f4f05922b7dfb1e85640c JOURNAL_STREAM=9:43544
zerotie+      -  0.0    -      -     - -        Ssl  00:49   0:00 -
zerotie+      -  0.0    -      -     - -        Ssl  00:49   0:00 -
zerotie+      -  0.0    -      -     - -        Ssl  00:49   0:00 -
zerotie+      -  0.0    -      -     - -        Ssl  00:49   0:00 -
zerotie+      -  0.0    -      -     - -        Ssl  00:49   0:00 -
kernoops    819  0.0  0.0  56940   416 ?        -    00:49   0:00 /usr/sbin/kerneloops --test LANG=en_US.UTF-8 PATH=/usr/local/sbin:/usr/local/bin:/usr/sbin:/usr/bin:/sbin:/bin:/snap/bin LOGNAME=kernoops USER=kernoops INVOCATION_ID=efaec347b32649e4887a57d94914c543 JOURNAL_STREAM=9:43655 ENABLED=1
kernoops      -  0.0    -      -     - -        Ss   00:49   0:00 -
kernoops    822  0.0  0.0  56940   420 ?        -    00:49   0:00 /usr/sbin/kerneloops LANG=en_US.UTF-8 PATH=/usr/local/sbin:/usr/local/bin:/usr/sbin:/usr/bin:/sbin:/bin:/snap/bin LOGNAME=kernoops USER=kernoops INVOCATION_ID=efaec347b32649e4887a57d94914c543 JOURNAL_STREAM=9:43770 ENABLED=1
kernoops      -  0.0    -      -     - -        Ss   00:49   0:00 -
www-data    840  0.0  0.4 344384  9432 ?        -    00:49   0:00 /usr/sbin/apache2 -k start APACHE_RUN_DIR=/var/run/apache2 APACHE_PID_FILE=/var/run/apache2/apache2.pid JOURNAL_STREAM=9:41621 PATH=/usr/local/sbin:/usr/local/bin:/usr/sbin:/usr/bin:/sbin:/bin:/snap/bin INVOCATION_ID=03abed1320eb480aa036c0983dbe17f8 APACHE_LOCK_DIR=/var/lock/apache2 LANG=C APACHE_RUN_USER=www-data APACHE_RUN_GROUP=www-data APACHE_LOG_DIR=/var/log/apache2 PWD=/
www-data      -  0.0    -      -     - -        S    00:49   0:00 -
www-data    841  0.0  0.4 344384  9432 ?        -    00:49   0:00 /usr/sbin/apache2 -k start APACHE_RUN_DIR=/var/run/apache2 APACHE_PID_FILE=/var/run/apache2/apache2.pid JOURNAL_STREAM=9:41621 PATH=/usr/local/sbin:/usr/local/bin:/usr/sbin:/usr/bin:/sbin:/bin:/snap/bin INVOCATION_ID=03abed1320eb480aa036c0983dbe17f8 APACHE_LOCK_DIR=/var/lock/apache2 LANG=C APACHE_RUN_USER=www-data APACHE_RUN_GROUP=www-data APACHE_LOG_DIR=/var/log/apache2 PWD=/
www-data      -  0.0    -      -     - -        S    00:49   0:00 -
www-data    842  0.0  0.4 344384  9432 ?        -    00:49   0:00 /usr/sbin/apache2 -k start APACHE_RUN_DIR=/var/run/apache2 APACHE_PID_FILE=/var/run/apache2/apache2.pid JOURNAL_STREAM=9:41621 PATH=/usr/local/sbin:/usr/local/bin:/usr/sbin:/usr/bin:/sbin:/bin:/snap/bin INVOCATION_ID=03abed1320eb480aa036c0983dbe17f8 APACHE_LOCK_DIR=/var/lock/apache2 LANG=C APACHE_RUN_USER=www-data APACHE_RUN_GROUP=www-data APACHE_LOG_DIR=/var/log/apache2 PWD=/
www-data      -  0.0    -      -     - -        S    00:49   0:00 -
www-data    844  0.0  0.4 344384  9432 ?        -    00:49   0:00 /usr/sbin/apache2 -k start APACHE_RUN_DIR=/var/run/apache2 APACHE_PID_FILE=/var/run/apache2/apache2.pid JOURNAL_STREAM=9:41621 PATH=/usr/local/sbin:/usr/local/bin:/usr/sbin:/usr/bin:/sbin:/bin:/snap/bin INVOCATION_ID=03abed1320eb480aa036c0983dbe17f8 APACHE_LOCK_DIR=/var/lock/apache2 LANG=C APACHE_RUN_USER=www-data APACHE_RUN_GROUP=www-data APACHE_LOG_DIR=/var/log/apache2 PWD=/
www-data      -  0.0    -      -     - -        S    00:49   0:00 -
www-data    845  0.0  0.4 344384  9432 ?        -    00:49   0:00 /usr/sbin/apache2 -k start APACHE_RUN_DIR=/var/run/apache2 APACHE_PID_FILE=/var/run/apache2/apache2.pid JOURNAL_STREAM=9:41621 PATH=/usr/local/sbin:/usr/local/bin:/usr/sbin:/usr/bin:/sbin:/bin:/snap/bin INVOCATION_ID=03abed1320eb480aa036c0983dbe17f8 APACHE_LOCK_DIR=/var/lock/apache2 LANG=C APACHE_RUN_USER=www-data APACHE_RUN_GROUP=www-data APACHE_LOG_DIR=/var/log/apache2 PWD=/
www-data      -  0.0    -      -     - -        S    00:49   0:00 -
gdm         847  0.0  0.4  76964  8088 ?        -    00:49   0:00 /lib/systemd/systemd --user LANG=en_US.UTF-8 PATH=/usr/local/sbin:/usr/local/bin:/usr/sbin:/usr/bin:/sbin:/bin:/snap/bin NOTIFY_SOCKET=/run/systemd/notify HOME=/var/lib/gdm3 LOGNAME=gdm USER=gdm SHELL=/bin/false INVOCATION_ID=c5afac5f99bb41adbb893fc0b68dfd58 JOURNAL_STREAM=9:43971 XDG_RUNTIME_DIR=/run/user/121
gdm           -  0.0    -      -     - -        Ss   00:49   0:00 -
gdm         850  0.0  0.0 114044  1848 ?        -    00:49   0:00 (sd-pam) find_preseed=/preseed.cfg HOME=/ init=/sbin/init NETWORK_SKIP_ENSLAVED= recovery= locale=en_US TERM=linux drop_caps= BOOT_IMAGE=/boot/vmlinuz-5.3.0-51-generic PATH=/sbin:/usr/sbin:/bin:/usr/bin PWD=/ rootmnt=/root priority=critical
gdm           -  0.0    -      -     - -        S    00:49   0:00 -
mysql       883  0.1  8.8 1162176 177872 ?      -    00:49   0:01 /usr/sbin/mysqld --daemonize --pid-file=/run/mysqld/mysqld.pid LANG=en_US.UTF-8 PATH=/usr/local/sbin:/usr/local/bin:/usr/sbin:/usr/bin:/sbin:/bin:/snap/bin HOME=/nonexistent LOGNAME=mysql USER=mysql SHELL=/bin/false INVOCATION_ID=26e2d3b3064647d6952a2c3dc197f19e JOURNAL_STREAM=9:44190
mysql         -  0.0    -      -     - -        Sl   00:49   0:00 -
mysql         -  0.0    -      -     - -        Sl   00:49   0:00 -
mysql         -  0.0    -      -     - -        Sl   00:49   0:00 -
mysql         -  0.0    -      -     - -        Sl   00:49   0:00 -
mysql         -  0.0    -      -     - -        Sl   00:49   0:00 -
mysql         -  0.0    -      -     - -        Sl   00:49   0:00 -
mysql         -  0.0    -      -     - -        Sl   00:49   0:00 -
mysql         -  0.0    -      -     - -        Sl   00:49   0:00 -
mysql         -  0.0    -      -     - -        Sl   00:49   0:00 -
mysql         -  0.0    -      -     - -        Sl   00:49   0:00 -
mysql         -  0.0    -      -     - -        Sl   00:49   0:00 -
mysql         -  0.0    -      -     - -        Sl   00:49   0:00 -
mysql         -  0.0    -      -     - -        Sl   00:49   0:00 -
mysql         -  0.0    -      -     - -        Sl   00:49   0:00 -
mysql         -  0.0    -      -     - -        Sl   00:49   0:00 -
mysql         -  0.0    -      -     - -        Sl   00:49   0:00 -
mysql         -  0.0    -      -     - -        Sl   00:49   0:00 -
mysql         -  0.0    -      -     - -        Sl   00:49   0:00 -
mysql         -  0.0    -      -     - -        Sl   00:49   0:00 -
mysql         -  0.0    -      -     - -        Sl   00:49   0:00 -
mysql         -  0.0    -      -     - -        Sl   00:49   0:00 -
mysql         -  0.0    -      -     - -        Sl   00:49   0:00 -
mysql         -  0.0    -      -     - -        Sl   00:49   0:00 -
mysql         -  0.0    -      -     - -        Sl   00:49   0:00 -
mysql         -  0.0    -      -     - -        Sl   00:49   0:00 -
mysql         -  0.0    -      -     - -        Sl   00:49   0:00 -
mysql         -  0.0    -      -     - -        Sl   00:49   0:00 -
gdm         891  0.0  0.2 197796  5520 tty1     -    00:49   0:00 /usr/lib/gdm3/gdm-wayland-session gnome-session --autostart /usr/share/gdm/greeter/autostart XDG_SEAT=seat0 XDG_SESSION_CLASS=greeter LOGNAME=gdm USER=gdm USERNAME=gdm HOME=/var/lib/gdm3 PWD=/var/lib/gdm3 SHELL=/bin/false PATH=/usr/local/sbin:/usr/local/bin:/usr/sbin:/usr/bin:/sbin:/bin:/snap/bin XDG_SESSION_TYPE=wayland XDG_VTNR=1 LANG=en_US.UTF-8 XDG_SESSION_ID=c1 XDG_RUNTIME_DIR=/run/user/121 DBUS_SESSION_BUS_ADDRESS=unix:path=/run/user/121/bus DCONF_PROFILE=gdm GDM_SEAT_ID=seat0 RUNNING_UNDER_GDM=true GVFS_DISABLE_FUSE=1 XDG_CURRENT_DESKTOP=GNOME-Greeter:GNOME GVFS_REMOTE_VOLUME_MONITOR_IGNORE=1 GIO_USE_VFS=local GDM_VERSION=3.28.3 GNOME_SHELL_SESSION_MODE=gdm XDG_DATA_DIRS=/usr/share/gdm/greeter:/usr/local/share/:/usr/share/
gdm           -  0.0    -      -     - -        Ssl+ 00:49   0:00 -
gdm           -  0.0    -      -     - -        Ssl+ 00:49   0:00 -
gdm           -  0.0    -      -     - -        Ssl+ 00:49   0:00 -
gdm         897  0.0  0.2  50236  4424 ?        -    00:49   0:00 /usr/bin/dbus-daemon --session --address=systemd: --nofork --nopidfile --systemd-activation --syslog-only DBUS_SESSION_BUS_ADDRESS=unix:path=/run/user/121/bus HOME=/var/lib/gdm3 LANG=en_US.UTF-8 LOGNAME=gdm PATH=/usr/local/sbin:/usr/local/bin:/usr/sbin:/usr/bin:/sbin:/bin:/usr/games:/usr/local/games:/snap/bin SHELL=/bin/false USER=gdm XDG_DATA_DIRS=/usr/local/share/:/usr/share/:/var/lib/snapd/desktop XDG_RUNTIME_DIR=/run/user/121 MANAGERPID=847 LISTEN_PID=897 LISTEN_FDS=1 LISTEN_FDNAMES=dbus.socket INVOCATION_ID=f8b5659e55764935ad49a7a5f51411a6 JOURNAL_STREAM=9:44326
gdm           -  0.0    -      -     - -        Ss   00:49   0:00 -
gdm         899  0.0  0.6 558940 13920 tty1     -    00:49   0:00 /usr/lib/gnome-session/gnome-session-binary --autostart /usr/share/gdm/greeter/autostart USER=gdm XDG_SEAT=seat0 XDG_SESSION_TYPE=wayland HOME=/var/lib/gdm3 DCONF_PROFILE=gdm GDM_VERSION=3.28.3 GNOME_SHELL_SESSION_MODE=gdm DBUS_SESSION_BUS_ADDRESS=unix:path=/run/user/121/bus LOGNAME=gdm XDG_SESSION_CLASS=greeter USERNAME=gdm XDG_SESSION_ID=c1 GVFS_REMOTE_VOLUME_MONITOR_IGNORE=1 PATH=/usr/local/sbin:/usr/local/bin:/usr/sbin:/usr/bin:/sbin:/bin:/snap/bin XDG_RUNTIME_DIR=/run/user/121 LANG=en_US.UTF-8 XDG_CURRENT_DESKTOP=GNOME-Greeter:GNOME GVFS_DISABLE_FUSE=1 SHELL=/bin/false XDG_VTNR=1 RUNNING_UNDER_GDM=true PWD=/var/lib/gdm3 GDM_SEAT_ID=seat0 XDG_DATA_DIRS=/usr/share/gdm/greeter:/usr/local/share/:/usr/share/ GIO_USE_VFS=local
gdm           -  0.0    -      -     - -        Sl+  00:49   0:00 -
gdm           -  0.0    -      -     - -        Sl+  00:49   0:00 -
gdm           -  0.0    -      -     - -        Sl+  00:49   0:00 -
gdm           -  0.0    -      -     - -        Sl+  00:49   0:00 -
gdm         912  0.2  7.3 2911708 147324 tty1   -    00:49   0:03 /usr/bin/gnome-shell USER=gdm XDG_SEAT=seat0 XDG_SESSION_TYPE=wayland HOME=/var/lib/gdm3 DCONF_PROFILE=gdm GDM_VERSION=3.28.3 GNOME_SHELL_SESSION_MODE=gdm DBUS_SESSION_BUS_ADDRESS=unix:path=/run/user/121/bus LOGNAME=gdm XDG_SESSION_CLASS=greeter USERNAME=gdm XDG_SESSION_ID=c1 GVFS_REMOTE_VOLUME_MONITOR_IGNORE=1 PATH=/usr/local/sbin:/usr/local/bin:/usr/sbin:/usr/bin:/sbin:/bin:/snap/bin XDG_RUNTIME_DIR=/run/user/121 LANG=en_US.UTF-8 XDG_CURRENT_DESKTOP=GNOME-Greeter:GNOME GVFS_DISABLE_FUSE=1 SHELL=/bin/false XDG_VTNR=1 RUNNING_UNDER_GDM=true PWD=/var/lib/gdm3 GDM_SEAT_ID=seat0 XDG_DATA_DIRS=/usr/share/gdm/greeter:/usr/local/share/:/usr/share/ GIO_USE_VFS=local QT_IM_MODULE=ibus XMODIFIERS=@im=ibus GNOME_DESKTOP_SESSION_ID=this-is-deprecated XDG_MENU_PREFIX=gnome- SESSION_MANAGER=local/ubuntu:@/tmp/.ICE-unix/899,unix/ubuntu:/tmp/.ICE-unix/899 DESKTOP_AUTOSTART_ID=1087d0eb75ed529c1c158909696138527100000008990000 GIO_LAUNCHED_DESKTOP_FILE=/usr/share/applications/org.gnome.Shell.desktop GIO_LAUNCHED_DESKTOP_FILE_PID=912
gdm           -  0.2    -      -     - -        Sl+  00:49   0:03 -
gdm           -  0.0    -      -     - -        Sl+  00:49   0:00 -
gdm           -  0.0    -      -     - -        Sl+  00:49   0:00 -
gdm           -  0.0    -      -     - -        Sl+  00:49   0:00 -
gdm           -  0.0    -      -     - -        Sl+  00:49   0:00 -
gdm           -  0.0    -      -     - -        Sl+  00:49   0:00 -
gdm           -  0.0    -      -     - -        Sl+  00:49   0:00 -
gdm           -  0.0    -      -     - -        Sl+  00:49   0:00 -
gdm           -  0.0    -      -     - -        Sl+  00:49   0:00 -
gdm           -  0.0    -      -     - -        Sl+  00:49   0:00 -
root        947  0.0  0.4 322340  8588 ?        -    00:49   0:00 /usr/lib/upower/upowerd LANG=en_US.UTF-8 PATH=/usr/local/sbin:/usr/local/bin:/usr/sbin:/usr/bin:/sbin:/bin:/snap/bin INVOCATION_ID=9a44a44b9b004f4b93c029b90293fa5a JOURNAL_STREAM=9:44698
root          -  0.0    -      -     - -        Ssl  00:49   0:00 -
root          -  0.0    -      -     - -        Ssl  00:49   0:00 -
root          -  0.0    -      -     - -        Ssl  00:49   0:00 -
gdm        1019  0.0  2.9 295432 59944 tty1     -    00:49   0:00 /usr/bin/Xwayland :1024 -rootless -terminate -accessx -core -listen 4 -listen 5 -displayfd 6 USER=gdm XDG_SEAT=seat0 XDG_SESSION_TYPE=wayland HOME=/var/lib/gdm3 DCONF_PROFILE=gdm GDM_VERSION=3.28.3 GNOME_SHELL_SESSION_MODE=gdm DBUS_SESSION_BUS_ADDRESS=unix:path=/run/user/121/bus LOGNAME=gdm XDG_SESSION_CLASS=greeter USERNAME=gdm XDG_SESSION_ID=c1 GVFS_REMOTE_VOLUME_MONITOR_IGNORE=1 PATH=/usr/local/sbin:/usr/local/bin:/usr/sbin:/usr/bin:/sbin:/bin:/snap/bin XDG_RUNTIME_DIR=/run/user/121 LANG=en_US.UTF-8 XDG_CURRENT_DESKTOP=GNOME-Greeter:GNOME GVFS_DISABLE_FUSE=1 SHELL=/bin/false XDG_VTNR=1 RUNNING_UNDER_GDM=true PWD=/var/lib/gdm3 GDM_SEAT_ID=seat0 XDG_DATA_DIRS=/usr/share/gdm/greeter:/usr/local/share/:/usr/share/ GIO_USE_VFS=local QT_IM_MODULE=ibus XMODIFIERS=@im=ibus GNOME_DESKTOP_SESSION_ID=this-is-deprecated XDG_MENU_PREFIX=gnome- SESSION_MANAGER=local/ubuntu:@/tmp/.ICE-unix/899,unix/ubuntu:/tmp/.ICE-unix/899 DESKTOP_AUTOSTART_ID=1087d0eb75ed529c1c158909696138527100000008990000 GIO_LAUNCHED_DESKTOP_FILE=/usr/share/applications/org.gnome.Shell.desktop GIO_LAUNCHED_DESKTOP_FILE_PID=912 NO_AT_BRIDGE=1 WAYLAND_SOCKET=3
gdm           -  0.0    -      -     - -        S+   00:49   0:00 -
root       1020  0.0  0.0      0     0 ?        -    00:49   0:00 [cryptd]
root          -  0.0    -      -     - -        I<   00:49   0:00 -
gdm        1120  0.0  0.3 349356  6568 ?        -    00:49   0:00 /usr/lib/at-spi2-core/at-spi-bus-launcher DBUS_SESSION_BUS_ADDRESS=unix:path=/run/user/121/bus DCONF_PROFILE=gdm DISPLAY=:1024 GDM_SEAT_ID=seat0 GDM_VERSION=3.28.3 GIO_USE_VFS=local GNOME_DESKTOP_SESSION_ID=this-is-deprecated GNOME_SHELL_SESSION_MODE=gdm GVFS_DISABLE_FUSE=1 GVFS_REMOTE_VOLUME_MONITOR_IGNORE=1 HOME=/var/lib/gdm3 LANG=en_US.UTF-8 LOGNAME=gdm PATH=/usr/local/sbin:/usr/local/bin:/usr/sbin:/usr/bin:/sbin:/bin:/snap/bin PWD=/var/lib/gdm3 QT_IM_MODULE=ibus RUNNING_UNDER_GDM=true SESSION_MANAGER=local/ubuntu:@/tmp/.ICE-unix/899,unix/ubuntu:/tmp/.ICE-unix/899 SHELL=/bin/false USER=gdm USERNAME=gdm WAYLAND_DISPLAY=wayland-0 XDG_CURRENT_DESKTOP=GNOME-Greeter:GNOME XDG_DATA_DIRS=/usr/share/gdm/greeter:/usr/local/share/:/usr/share/ XDG_MENU_PREFIX=gnome- XDG_RUNTIME_DIR=/run/user/121 XDG_SEAT=seat0 XDG_SESSION_CLASS=greeter XDG_SESSION_ID=c1 XDG_SESSION_TYPE=wayland XDG_VTNR=1 XMODIFIERS=@im=ibus MANAGERPID=847 INVOCATION_ID=894c30a10bbf4b329fd6409111cd3c4e JOURNAL_STREAM=9:46075
gdm           -  0.0    -      -     - -        Ssl  00:49   0:00 -
gdm           -  0.0    -      -     - -        Ssl  00:49   0:00 -
gdm           -  0.0    -      -     - -        Ssl  00:49   0:00 -
gdm           -  0.0    -      -     - -        Ssl  00:49   0:00 -
gdm        1126  0.0  0.1  49924  3784 ?        -    00:49   0:00 /usr/bin/dbus-daemon --config-file=/usr/share/defaults/at-spi2/accessibility.conf --nofork --print-address 3 DBUS_SESSION_BUS_ADDRESS=unix:path=/run/user/121/bus DCONF_PROFILE=gdm DISPLAY=:1024 GDM_SEAT_ID=seat0 GDM_VERSION=3.28.3 GIO_USE_VFS=local GNOME_DESKTOP_SESSION_ID=this-is-deprecated GNOME_SHELL_SESSION_MODE=gdm GVFS_DISABLE_FUSE=1 GVFS_REMOTE_VOLUME_MONITOR_IGNORE=1 HOME=/var/lib/gdm3 LANG=en_US.UTF-8 LOGNAME=gdm PATH=/usr/local/sbin:/usr/local/bin:/usr/sbin:/usr/bin:/sbin:/bin:/snap/bin PWD=/var/lib/gdm3 QT_IM_MODULE=ibus RUNNING_UNDER_GDM=true SESSION_MANAGER=local/ubuntu:@/tmp/.ICE-unix/899,unix/ubuntu:/tmp/.ICE-unix/899 SHELL=/bin/false USER=gdm USERNAME=gdm WAYLAND_DISPLAY=wayland-0 XDG_CURRENT_DESKTOP=GNOME-Greeter:GNOME XDG_DATA_DIRS=/usr/share/gdm/greeter:/usr/local/share/:/usr/share/ XDG_MENU_PREFIX=gnome- XDG_RUNTIME_DIR=/run/user/121 XDG_SEAT=seat0 XDG_SESSION_CLASS=greeter XDG_SESSION_ID=c1 XDG_SESSION_TYPE=wayland XDG_VTNR=1 XMODIFIERS=@im=ibus MANAGERPID=847 INVOCATION_ID=894c30a10bbf4b329fd6409111cd3c4e JOURNAL_STREAM=9:46075
gdm           -  0.0    -      -     - -        S    00:49   0:00 -
gdm        1129  0.0  0.2 220764  5768 ?        -    00:49   0:00 /usr/lib/at-spi2-core/at-spi2-registryd --use-gnome-session SHELL=/bin/false DBUS_STARTER_ADDRESS=unix:abstract=/tmp/dbus-s5S4VSzeC9,guid=2ac71df28b53152fb785e8a25eb7b205 XDG_RUNTIME_DIR=/run/user/121 XDG_CURRENT_DESKTOP=GNOME-Greeter:GNOME DCONF_PROFILE=gdm DISPLAY=:1024 XMODIFIERS=@im=ibus SESSION_MANAGER=local/ubuntu:@/tmp/.ICE-unix/899,unix/ubuntu:/tmp/.ICE-unix/899 PATH=/usr/local/sbin:/usr/local/bin:/usr/sbin:/usr/bin:/sbin:/bin:/snap/bin XDG_VTNR=1 USERNAME=gdm GDM_SEAT_ID=seat0 GNOME_DESKTOP_SESSION_ID=this-is-deprecated GVFS_REMOTE_VOLUME_MONITOR_IGNORE=1 XDG_SESSION_TYPE=wayland XDG_DATA_DIRS=/usr/share/gdm/greeter:/usr/local/share/:/usr/share/ JOURNAL_STREAM=9:46075 XDG_SESSION_ID=c1 XDG_SEAT=seat0 RUNNING_UNDER_GDM=true DBUS_SESSION_BUS_ADDRESS=unix:path=/run/user/121/bus GDM_VERSION=3.28.3 GIO_USE_VFS=local INVOCATION_ID=894c30a10bbf4b329fd6409111cd3c4e GNOME_SHELL_SESSION_MODE=gdm XDG_SESSION_CLASS=greeter USER=gdm QT_IM_MODULE=ibus GVFS_DISABLE_FUSE=1 DBUS_STARTER_BUS_TYPE=accessibility WAYLAND_DISPLAY=wayland-0 PWD=/var/lib/gdm3 MANAGERPID=847 XDG_MENU_PREFIX=gnome- LANG=en_US.UTF-8 LOGNAME=gdm HOME=/var/lib/gdm3
gdm           -  0.0    -      -     - -        Sl   00:49   0:00 -
gdm           -  0.0    -      -     - -        Sl   00:49   0:00 -
gdm           -  0.0    -      -     - -        Sl   00:49   0:00 -
gdm        1145  0.1  0.7 1400648 15972 ?       -    00:49   0:01 /usr/bin/pulseaudio --daemonize=no DBUS_SESSION_BUS_ADDRESS=unix:path=/run/user/121/bus DCONF_PROFILE=gdm DISPLAY=:1024 GDM_SEAT_ID=seat0 GDM_VERSION=3.28.3 GIO_USE_VFS=local GNOME_DESKTOP_SESSION_ID=this-is-deprecated GNOME_SHELL_SESSION_MODE=gdm GVFS_DISABLE_FUSE=1 GVFS_REMOTE_VOLUME_MONITOR_IGNORE=1 HOME=/var/lib/gdm3 LANG=en_US.UTF-8 LOGNAME=gdm PATH=/usr/local/sbin:/usr/local/bin:/usr/sbin:/usr/bin:/sbin:/bin:/snap/bin PWD=/var/lib/gdm3 QT_IM_MODULE=ibus RUNNING_UNDER_GDM=true SESSION_MANAGER=local/ubuntu:@/tmp/.ICE-unix/899,unix/ubuntu:/tmp/.ICE-unix/899 SHELL=/bin/false USER=gdm USERNAME=gdm WAYLAND_DISPLAY=wayland-0 XDG_CURRENT_DESKTOP=GNOME-Greeter:GNOME XDG_DATA_DIRS=/usr/share/gdm/greeter:/usr/local/share/:/usr/share/ XDG_MENU_PREFIX=gnome- XDG_RUNTIME_DIR=/run/user/121 XDG_SEAT=seat0 XDG_SESSION_CLASS=greeter XDG_SESSION_ID=c1 XDG_SESSION_TYPE=wayland XDG_VTNR=1 XMODIFIERS=@im=ibus NOTIFY_SOCKET=/run/user/121/systemd/notify MANAGERPID=847 LISTEN_PID=1145 LISTEN_FDS=1 LISTEN_FDNAMES=pulseaudio.socket INVOCATION_ID=0d0ac995dd5945ed8055171687e3abb8 JOURNAL_STREAM=9:46342 LD_BIND_NOW=1
gdm           -  0.0    -      -     - -        Ssl  00:49   0:00 -
gdm           -  0.0    -      -     - -        Ssl  00:49   0:00 -
gdm           -  0.0    -      -     - -        Ssl  00:49   0:00 -
gdm           -  0.0    -      -     - -        Ssl  00:49   0:00 -
rtkit      1150  0.0  0.1 183504  2916 ?        -    00:49   0:00 /usr/lib/rtkit/rtkit-daemon LANG=en_US.UTF-8 PATH=/usr/local/sbin:/usr/local/bin:/usr/sbin:/usr/bin:/sbin:/bin:/snap/bin NOTIFY_SOCKET=/run/systemd/notify INVOCATION_ID=f1e9683a56fe47dd854eb7976ad2c017 JOURNAL_STREAM=9:46474
rtkit         -  0.0    -      -     - -        SNsl 00:49   0:00 -
rtkit         -  0.0    -      -     - -        Ssl  00:49   0:00 -
rtkit         -  0.0    -      -     - -        SNsl 00:49   0:00 -
gdm        1254  0.0  0.3 435224  7824 tty1     -    00:49   0:00 ibus-daemon --xim --panel disable USER=gdm XDG_SEAT=seat0 XDG_SESSION_TYPE=wayland HOME=/var/lib/gdm3 DCONF_PROFILE=gdm GDM_VERSION=3.28.3 GNOME_SHELL_SESSION_MODE=gdm DBUS_SESSION_BUS_ADDRESS=unix:path=/run/user/121/bus LOGNAME=gdm XDG_SESSION_CLASS=greeter USERNAME=gdm XDG_SESSION_ID=c1 GVFS_REMOTE_VOLUME_MONITOR_IGNORE=1 PATH=/usr/local/sbin:/usr/local/bin:/usr/sbin:/usr/bin:/sbin:/bin:/snap/bin XDG_RUNTIME_DIR=/run/user/121 LANG=en_US.UTF-8 XDG_CURRENT_DESKTOP=GNOME-Greeter:GNOME GVFS_DISABLE_FUSE=1 SHELL=/bin/false XDG_VTNR=1 RUNNING_UNDER_GDM=true PWD=/var/lib/gdm3 GDM_SEAT_ID=seat0 XDG_DATA_DIRS=/usr/share/gdm/greeter:/usr/local/share/:/usr/share/ GIO_USE_VFS=local QT_IM_MODULE=ibus XMODIFIERS=@im=ibus GNOME_DESKTOP_SESSION_ID=this-is-deprecated XDG_MENU_PREFIX=gnome- SESSION_MANAGER=local/ubuntu:@/tmp/.ICE-unix/899,unix/ubuntu:/tmp/.ICE-unix/899 DESKTOP_AUTOSTART_ID=1087d0eb75ed529c1c158909696138527100000008990000 GIO_LAUNCHED_DESKTOP_FILE=/usr/share/applications/org.gnome.Shell.desktop GIO_LAUNCHED_DESKTOP_FILE_PID=912 DISPLAY=:1024 WAYLAND_DISPLAY=wayland-0 GJS_DEBUG_OUTPUT=stderr GJS_DEBUG_TOPICS=JS ERROR;JS LOG
gdm           -  0.0    -      -     - -        Sl   00:49   0:00 -
gdm           -  0.0    -      -     - -        Sl   00:49   0:00 -
gdm           -  0.0    -      -     - -        Sl   00:49   0:00 -
gdm        1256  0.0  0.2 271560  4952 ?        -    00:49   0:00 /usr/libexec/xdg-permission-store DBUS_SESSION_BUS_ADDRESS=unix:path=/run/user/121/bus DCONF_PROFILE=gdm DISPLAY=:1024 GDM_SEAT_ID=seat0 GDM_VERSION=3.28.3 GIO_USE_VFS=local GNOME_DESKTOP_SESSION_ID=this-is-deprecated GNOME_SHELL_SESSION_MODE=gdm GVFS_DISABLE_FUSE=1 GVFS_REMOTE_VOLUME_MONITOR_IGNORE=1 HOME=/var/lib/gdm3 LANG=en_US.UTF-8 LOGNAME=gdm PATH=/usr/local/sbin:/usr/local/bin:/usr/sbin:/usr/bin:/sbin:/bin:/snap/bin PWD=/var/lib/gdm3 QT_IM_MODULE=ibus RUNNING_UNDER_GDM=true SESSION_MANAGER=local/ubuntu:@/tmp/.ICE-unix/899,unix/ubuntu:/tmp/.ICE-unix/899 SHELL=/bin/false USER=gdm USERNAME=gdm WAYLAND_DISPLAY=wayland-0 XDG_CURRENT_DESKTOP=GNOME-Greeter:GNOME XDG_DATA_DIRS=/usr/share/gdm/greeter:/usr/local/share/:/usr/share/ XDG_MENU_PREFIX=gnome- XDG_RUNTIME_DIR=/run/user/121 XDG_SEAT=seat0 XDG_SESSION_CLASS=greeter XDG_SESSION_ID=c1 XDG_SESSION_TYPE=wayland XDG_VTNR=1 XMODIFIERS=@im=ibus MANAGERPID=847 INVOCATION_ID=81c9dddb869a441eb6b09274aea3495e JOURNAL_STREAM=9:47779
gdm           -  0.0    -      -     - -        Ssl  00:49   0:00 -
gdm           -  0.0    -      -     - -        Ssl  00:49   0:00 -
gdm           -  0.0    -      -     - -        Ssl  00:49   0:00 -
gdm        1263  0.0  0.3 280740  6608 tty1     -    00:49   0:00 /usr/lib/ibus/ibus-dconf USER=gdm XDG_SEAT=seat0 XDG_SESSION_TYPE=wayland HOME=/var/lib/gdm3 DCONF_PROFILE=gdm GDM_VERSION=3.28.3 GNOME_SHELL_SESSION_MODE=gdm DBUS_SESSION_BUS_ADDRESS=unix:path=/run/user/121/bus LOGNAME=gdm XDG_SESSION_CLASS=greeter USERNAME=gdm XDG_SESSION_ID=c1 GVFS_REMOTE_VOLUME_MONITOR_IGNORE=1 PATH=/usr/local/sbin:/usr/local/bin:/usr/sbin:/usr/bin:/sbin:/bin:/snap/bin XDG_RUNTIME_DIR=/run/user/121 LANG=en_US.UTF-8 XDG_CURRENT_DESKTOP=GNOME-Greeter:GNOME GVFS_DISABLE_FUSE=1 SHELL=/bin/false XDG_VTNR=1 RUNNING_UNDER_GDM=true PWD=/var/lib/gdm3 GDM_SEAT_ID=seat0 XDG_DATA_DIRS=/usr/share/gdm/greeter:/usr/local/share/:/usr/share/ GIO_USE_VFS=local QT_IM_MODULE=ibus XMODIFIERS=@im=ibus GNOME_DESKTOP_SESSION_ID=this-is-deprecated XDG_MENU_PREFIX=gnome- SESSION_MANAGER=local/ubuntu:@/tmp/.ICE-unix/899,unix/ubuntu:/tmp/.ICE-unix/899 DESKTOP_AUTOSTART_ID=1087d0eb75ed529c1c158909696138527100000008990000 GIO_LAUNCHED_DESKTOP_FILE=/usr/share/applications/org.gnome.Shell.desktop GIO_LAUNCHED_DESKTOP_FILE_PID=912 DISPLAY=:1024 WAYLAND_DISPLAY=wayland-0 GJS_DEBUG_OUTPUT=stderr GJS_DEBUG_TOPICS=JS ERROR;JS LOG
gdm           -  0.0    -      -     - -        Sl   00:49   0:00 -
gdm           -  0.0    -      -     - -        Sl   00:49   0:00 -
gdm           -  0.0    -      -     - -        Sl   00:49   0:00 -
gdm           -  0.0    -      -     - -        Sl   00:49   0:00 -
gdm        1266  0.0  2.4 504944 48580 tty1     -    00:49   0:00 /usr/lib/ibus/ibus-x11 --kill-daemon USER=gdm XDG_SEAT=seat0 XDG_SESSION_TYPE=wayland HOME=/var/lib/gdm3 DCONF_PROFILE=gdm GDM_VERSION=3.28.3 GNOME_SHELL_SESSION_MODE=gdm DBUS_SESSION_BUS_ADDRESS=unix:path=/run/user/121/bus LOGNAME=gdm XDG_SESSION_CLASS=greeter USERNAME=gdm XDG_SESSION_ID=c1 GVFS_REMOTE_VOLUME_MONITOR_IGNORE=1 PATH=/usr/local/sbin:/usr/local/bin:/usr/sbin:/usr/bin:/sbin:/bin:/snap/bin XDG_RUNTIME_DIR=/run/user/121 LANG=en_US.UTF-8 XDG_CURRENT_DESKTOP=GNOME-Greeter:GNOME GVFS_DISABLE_FUSE=1 SHELL=/bin/false XDG_VTNR=1 RUNNING_UNDER_GDM=true PWD=/var/lib/gdm3 GDM_SEAT_ID=seat0 XDG_DATA_DIRS=/usr/share/gdm/greeter:/usr/local/share/:/usr/share/ GIO_USE_VFS=local QT_IM_MODULE=ibus XMODIFIERS=@im=ibus GNOME_DESKTOP_SESSION_ID=this-is-deprecated XDG_MENU_PREFIX=gnome- SESSION_MANAGER=local/ubuntu:@/tmp/.ICE-unix/899,unix/ubuntu:/tmp/.ICE-unix/899 DESKTOP_AUTOSTART_ID=1087d0eb75ed529c1c158909696138527100000008990000 GIO_LAUNCHED_DESKTOP_FILE=/usr/share/applications/org.gnome.Shell.desktop GIO_LAUNCHED_DESKTOP_FILE_PID=912 DISPLAY=:1024 WAYLAND_DISPLAY=wayland-0 GJS_DEBUG_OUTPUT=stderr GJS_DEBUG_TOPICS=JS ERROR;JS LOG
gdm           -  0.0    -      -     - -        Sl   00:49   0:00 -
gdm           -  0.0    -      -     - -        Sl   00:49   0:00 -
gdm           -  0.0    -      -     - -        Sl   00:49   0:00 -
gdm        1270  0.0  0.3 278688  6096 ?        -    00:49   0:00 /usr/lib/ibus/ibus-portal SHELL=/bin/false DBUS_STARTER_ADDRESS=unix:path=/run/user/121/bus,guid=626352c50bacacd1918ab1e15eb7b200 DISPLAY=:1024 XDG_CURRENT_DESKTOP=GNOME-Greeter:GNOME DCONF_PROFILE=gdm XDG_RUNTIME_DIR=/run/user/121 SESSION_MANAGER=local/ubuntu:@/tmp/.ICE-unix/899,unix/ubuntu:/tmp/.ICE-unix/899 XMODIFIERS=@im=ibus PATH=/usr/local/sbin:/usr/local/bin:/usr/sbin:/usr/bin:/sbin:/bin:/snap/bin GNOME_DESKTOP_SESSION_ID=this-is-deprecated GDM_SEAT_ID=seat0 XDG_VTNR=1 GVFS_REMOTE_VOLUME_MONITOR_IGNORE=1 USERNAME=gdm XDG_SESSION_TYPE=wayland XDG_DATA_DIRS=/usr/share/gdm/greeter:/usr/local/share/:/usr/share/ XDG_SESSION_ID=c1 JOURNAL_STREAM=9:44326 GIO_USE_VFS=local RUNNING_UNDER_GDM=true GDM_VERSION=3.28.3 XDG_SEAT=seat0 DBUS_SESSION_BUS_ADDRESS=unix:path=/run/user/121/bus,guid=626352c50bacacd1918ab1e15eb7b200 GNOME_SHELL_SESSION_MODE=gdm INVOCATION_ID=f8b5659e55764935ad49a7a5f51411a6 QT_IM_MODULE=ibus GVFS_DISABLE_FUSE=1 XDG_SESSION_CLASS=greeter USER=gdm DBUS_STARTER_BUS_TYPE=session WAYLAND_DISPLAY=wayland-0 PWD=/var/lib/gdm3 XDG_MENU_PREFIX=gnome- LANG=en_US.UTF-8 MANAGERPID=847 HOME=/var/lib/gdm3 LOGNAME=gdm
gdm           -  0.0    -      -     - -        Sl   00:49   0:00 -
gdm           -  0.0    -      -     - -        Sl   00:49   0:00 -
gdm           -  0.0    -      -     - -        Sl   00:49   0:00 -
root       1282  0.0  0.3 296872  6828 ?        -    00:49   0:00 /usr/lib/x86_64-linux-gnu/boltd LANG=en_US.UTF-8 PATH=/usr/local/sbin:/usr/local/bin:/usr/sbin:/usr/bin:/sbin:/bin:/snap/bin INVOCATION_ID=f1a9bde96c894627a2350b8be114b63e JOURNAL_STREAM=9:48135
root          -  0.0    -      -     - -        Ssl  00:49   0:00 -
root          -  0.0    -      -     - -        Ssl  00:49   0:00 -
root          -  0.0    -      -     - -        Ssl  00:49   0:00 -
root       1283  0.4  1.8 522312 37752 ?        -    00:49   0:05 /usr/lib/packagekit/packagekitd LANG=en_US.UTF-8 PATH=/usr/local/sbin:/usr/local/bin:/usr/sbin:/usr/bin:/sbin:/bin:/snap/bin HOME=/root LOGNAME=root USER=root SHELL=/bin/sh INVOCATION_ID=488c0326bc3f4df58f1065755e328e7c JOURNAL_STREAM=9:48280
root          -  0.0    -      -     - -        Ssl  00:49   0:00 -
root          -  0.0    -      -     - -        Ssl  00:49   0:00 -
root          -  0.0    -      -     - -        Ssl  00:49   0:00 -
gdm        1287  0.0  2.4 655552 49456 tty1     -    00:49   0:00 /usr/lib/gnome-settings-daemon/gsd-xsettings USER=gdm XDG_SEAT=seat0 XDG_SESSION_TYPE=wayland HOME=/var/lib/gdm3 DCONF_PROFILE=gdm GDM_VERSION=3.28.3 GNOME_SHELL_SESSION_MODE=gdm DBUS_SESSION_BUS_ADDRESS=unix:path=/run/user/121/bus LOGNAME=gdm XDG_SESSION_CLASS=greeter USERNAME=gdm XDG_SESSION_ID=c1 GVFS_REMOTE_VOLUME_MONITOR_IGNORE=1 PATH=/usr/local/sbin:/usr/local/bin:/usr/sbin:/usr/bin:/sbin:/bin:/snap/bin XDG_RUNTIME_DIR=/run/user/121 LANG=en_US.UTF-8 XDG_CURRENT_DESKTOP=GNOME-Greeter:GNOME GVFS_DISABLE_FUSE=1 SHELL=/bin/false XDG_VTNR=1 RUNNING_UNDER_GDM=true PWD=/var/lib/gdm3 GDM_SEAT_ID=seat0 XDG_DATA_DIRS=/usr/share/gdm/greeter:/usr/local/share/:/usr/share/ GIO_USE_VFS=local QT_IM_MODULE=ibus XMODIFIERS=@im=ibus GNOME_DESKTOP_SESSION_ID=this-is-deprecated XDG_MENU_PREFIX=gnome- SESSION_MANAGER=local/ubuntu:@/tmp/.ICE-unix/899,unix/ubuntu:/tmp/.ICE-unix/899 DISPLAY=:1024 WAYLAND_DISPLAY=wayland-0 DESKTOP_AUTOSTART_ID=1087d0eb75ed529c1c158909696140472700000008990017 GIO_LAUNCHED_DESKTOP_FILE=/etc/xdg/autostart/org.gnome.SettingsDaemon.XSettings.desktop GIO_LAUNCHED_DESKTOP_FILE_PID=1287
gdm           -  0.0    -      -     - -        Sl+  00:49   0:00 -
gdm           -  0.0    -      -     - -        Sl+  00:49   0:00 -
gdm           -  0.0    -      -     - -        Sl+  00:49   0:00 -
gdm           -  0.0    -      -     - -        Sl+  00:49   0:00 -
gdm        1293  0.0  0.2 278160  5824 tty1     -    00:49   0:00 /usr/lib/gnome-settings-daemon/gsd-a11y-settings USER=gdm XDG_SEAT=seat0 XDG_SESSION_TYPE=wayland HOME=/var/lib/gdm3 DCONF_PROFILE=gdm GDM_VERSION=3.28.3 GNOME_SHELL_SESSION_MODE=gdm DBUS_SESSION_BUS_ADDRESS=unix:path=/run/user/121/bus LOGNAME=gdm XDG_SESSION_CLASS=greeter USERNAME=gdm XDG_SESSION_ID=c1 GVFS_REMOTE_VOLUME_MONITOR_IGNORE=1 PATH=/usr/local/sbin:/usr/local/bin:/usr/sbin:/usr/bin:/sbin:/bin:/snap/bin XDG_RUNTIME_DIR=/run/user/121 LANG=en_US.UTF-8 XDG_CURRENT_DESKTOP=GNOME-Greeter:GNOME GVFS_DISABLE_FUSE=1 SHELL=/bin/false XDG_VTNR=1 RUNNING_UNDER_GDM=true PWD=/var/lib/gdm3 GDM_SEAT_ID=seat0 XDG_DATA_DIRS=/usr/share/gdm/greeter:/usr/local/share/:/usr/share/ GIO_USE_VFS=local QT_IM_MODULE=ibus XMODIFIERS=@im=ibus GNOME_DESKTOP_SESSION_ID=this-is-deprecated XDG_MENU_PREFIX=gnome- SESSION_MANAGER=local/ubuntu:@/tmp/.ICE-unix/899,unix/ubuntu:/tmp/.ICE-unix/899 DISPLAY=:1024 WAYLAND_DISPLAY=wayland-0 DESKTOP_AUTOSTART_ID=1087d0eb75ed529c1c158909696138625700000008990001 GIO_LAUNCHED_DESKTOP_FILE=/etc/xdg/autostart/org.gnome.SettingsDaemon.A11ySettings.desktop GIO_LAUNCHED_DESKTOP_FILE_PID=1293
gdm           -  0.0    -      -     - -        Sl+  00:49   0:00 -
gdm           -  0.0    -      -     - -        Sl+  00:49   0:00 -
gdm           -  0.0    -      -     - -        Sl+  00:49   0:00 -
gdm           -  0.0    -      -     - -        Sl+  00:49   0:00 -
gdm        1295  0.0  2.3 504564 47668 tty1     -    00:49   0:00 /usr/lib/gnome-settings-daemon/gsd-clipboard USER=gdm XDG_SEAT=seat0 XDG_SESSION_TYPE=wayland HOME=/var/lib/gdm3 DCONF_PROFILE=gdm GDM_VERSION=3.28.3 GNOME_SHELL_SESSION_MODE=gdm DBUS_SESSION_BUS_ADDRESS=unix:path=/run/user/121/bus LOGNAME=gdm XDG_SESSION_CLASS=greeter USERNAME=gdm XDG_SESSION_ID=c1 GVFS_REMOTE_VOLUME_MONITOR_IGNORE=1 PATH=/usr/local/sbin:/usr/local/bin:/usr/sbin:/usr/bin:/sbin:/bin:/snap/bin XDG_RUNTIME_DIR=/run/user/121 LANG=en_US.UTF-8 XDG_CURRENT_DESKTOP=GNOME-Greeter:GNOME GVFS_DISABLE_FUSE=1 SHELL=/bin/false XDG_VTNR=1 RUNNING_UNDER_GDM=true PWD=/var/lib/gdm3 GDM_SEAT_ID=seat0 XDG_DATA_DIRS=/usr/share/gdm/greeter:/usr/local/share/:/usr/share/ GIO_USE_VFS=local QT_IM_MODULE=ibus XMODIFIERS=@im=ibus GNOME_DESKTOP_SESSION_ID=this-is-deprecated XDG_MENU_PREFIX=gnome- SESSION_MANAGER=local/ubuntu:@/tmp/.ICE-unix/899,unix/ubuntu:/tmp/.ICE-unix/899 DISPLAY=:1024 WAYLAND_DISPLAY=wayland-0 DESKTOP_AUTOSTART_ID=1087d0eb75ed529c1c158909696138639700000008990002 GIO_LAUNCHED_DESKTOP_FILE=/etc/xdg/autostart/org.gnome.SettingsDaemon.Clipboard.desktop GIO_LAUNCHED_DESKTOP_FILE_PID=1295
gdm           -  0.0    -      -     - -        Sl+  00:49   0:00 -
gdm           -  0.0    -      -     - -        Sl+  00:49   0:00 -
gdm           -  0.0    -      -     - -        Sl+  00:49   0:00 -
gdm        1297  0.0  2.4 819768 49692 tty1     -    00:49   0:00 /usr/lib/gnome-settings-daemon/gsd-color USER=gdm XDG_SEAT=seat0 XDG_SESSION_TYPE=wayland HOME=/var/lib/gdm3 DCONF_PROFILE=gdm GDM_VERSION=3.28.3 GNOME_SHELL_SESSION_MODE=gdm DBUS_SESSION_BUS_ADDRESS=unix:path=/run/user/121/bus LOGNAME=gdm XDG_SESSION_CLASS=greeter USERNAME=gdm XDG_SESSION_ID=c1 GVFS_REMOTE_VOLUME_MONITOR_IGNORE=1 PATH=/usr/local/sbin:/usr/local/bin:/usr/sbin:/usr/bin:/sbin:/bin:/snap/bin XDG_RUNTIME_DIR=/run/user/121 LANG=en_US.UTF-8 XDG_CURRENT_DESKTOP=GNOME-Greeter:GNOME GVFS_DISABLE_FUSE=1 SHELL=/bin/false XDG_VTNR=1 RUNNING_UNDER_GDM=true PWD=/var/lib/gdm3 GDM_SEAT_ID=seat0 XDG_DATA_DIRS=/usr/share/gdm/greeter:/usr/local/share/:/usr/share/ GIO_USE_VFS=local QT_IM_MODULE=ibus XMODIFIERS=@im=ibus GNOME_DESKTOP_SESSION_ID=this-is-deprecated XDG_MENU_PREFIX=gnome- SESSION_MANAGER=local/ubuntu:@/tmp/.ICE-unix/899,unix/ubuntu:/tmp/.ICE-unix/899 DISPLAY=:1024 WAYLAND_DISPLAY=wayland-0 DESKTOP_AUTOSTART_ID=1087d0eb75ed529c1c158909696138656000000008990003 GIO_LAUNCHED_DESKTOP_FILE=/etc/xdg/autostart/org.gnome.SettingsDaemon.Color.desktop GIO_LAUNCHED_DESKTOP_FILE_PID=1297
gdm           -  0.0    -      -     - -        Sl+  00:49   0:00 -
gdm           -  0.0    -      -     - -        Sl+  00:49   0:00 -
gdm           -  0.0    -      -     - -        Sl+  00:49   0:00 -
gdm           -  0.0    -      -     - -        Sl+  00:49   0:00 -
gdm        1299  0.0  0.6 393716 13860 tty1     -    00:49   0:00 /usr/lib/gnome-settings-daemon/gsd-datetime USER=gdm XDG_SEAT=seat0 XDG_SESSION_TYPE=wayland HOME=/var/lib/gdm3 DCONF_PROFILE=gdm GDM_VERSION=3.28.3 GNOME_SHELL_SESSION_MODE=gdm DBUS_SESSION_BUS_ADDRESS=unix:path=/run/user/121/bus LOGNAME=gdm XDG_SESSION_CLASS=greeter USERNAME=gdm XDG_SESSION_ID=c1 GVFS_REMOTE_VOLUME_MONITOR_IGNORE=1 PATH=/usr/local/sbin:/usr/local/bin:/usr/sbin:/usr/bin:/sbin:/bin:/snap/bin XDG_RUNTIME_DIR=/run/user/121 LANG=en_US.UTF-8 XDG_CURRENT_DESKTOP=GNOME-Greeter:GNOME GVFS_DISABLE_FUSE=1 SHELL=/bin/false XDG_VTNR=1 RUNNING_UNDER_GDM=true PWD=/var/lib/gdm3 GDM_SEAT_ID=seat0 XDG_DATA_DIRS=/usr/share/gdm/greeter:/usr/local/share/:/usr/share/ GIO_USE_VFS=local QT_IM_MODULE=ibus XMODIFIERS=@im=ibus GNOME_DESKTOP_SESSION_ID=this-is-deprecated XDG_MENU_PREFIX=gnome- SESSION_MANAGER=local/ubuntu:@/tmp/.ICE-unix/899,unix/ubuntu:/tmp/.ICE-unix/899 DISPLAY=:1024 WAYLAND_DISPLAY=wayland-0 DESKTOP_AUTOSTART_ID=1087d0eb75ed529c1c158909696138670300000008990004 GIO_LAUNCHED_DESKTOP_FILE=/etc/xdg/autostart/org.gnome.SettingsDaemon.Datetime.desktop GIO_LAUNCHED_DESKTOP_FILE_PID=1299
gdm           -  0.0    -      -     - -        Sl+  00:49   0:00 -
gdm           -  0.0    -      -     - -        Sl+  00:49   0:00 -
gdm           -  0.0    -      -     - -        Sl+  00:49   0:00 -
gdm        1300  0.0  0.2 283740  5256 tty1     -    00:49   0:00 /usr/lib/gnome-settings-daemon/gsd-housekeeping USER=gdm XDG_SEAT=seat0 XDG_SESSION_TYPE=wayland HOME=/var/lib/gdm3 DCONF_PROFILE=gdm GDM_VERSION=3.28.3 GNOME_SHELL_SESSION_MODE=gdm DBUS_SESSION_BUS_ADDRESS=unix:path=/run/user/121/bus LOGNAME=gdm XDG_SESSION_CLASS=greeter USERNAME=gdm XDG_SESSION_ID=c1 GVFS_REMOTE_VOLUME_MONITOR_IGNORE=1 PATH=/usr/local/sbin:/usr/local/bin:/usr/sbin:/usr/bin:/sbin:/bin:/snap/bin XDG_RUNTIME_DIR=/run/user/121 LANG=en_US.UTF-8 XDG_CURRENT_DESKTOP=GNOME-Greeter:GNOME GVFS_DISABLE_FUSE=1 SHELL=/bin/false XDG_VTNR=1 RUNNING_UNDER_GDM=true PWD=/var/lib/gdm3 GDM_SEAT_ID=seat0 XDG_DATA_DIRS=/usr/share/gdm/greeter:/usr/local/share/:/usr/share/ GIO_USE_VFS=local QT_IM_MODULE=ibus XMODIFIERS=@im=ibus GNOME_DESKTOP_SESSION_ID=this-is-deprecated XDG_MENU_PREFIX=gnome- SESSION_MANAGER=local/ubuntu:@/tmp/.ICE-unix/899,unix/ubuntu:/tmp/.ICE-unix/899 DISPLAY=:1024 WAYLAND_DISPLAY=wayland-0 DESKTOP_AUTOSTART_ID=1087d0eb75ed529c1c158909696138683400000008990005 GIO_LAUNCHED_DESKTOP_FILE=/etc/xdg/autostart/org.gnome.SettingsDaemon.Housekeeping.desktop GIO_LAUNCHED_DESKTOP_FILE_PID=1300
gdm           -  0.0    -      -     - -        Sl+  00:49   0:00 -
gdm           -  0.0    -      -     - -        Sl+  00:49   0:00 -
gdm           -  0.0    -      -     - -        Sl+  00:49   0:00 -
gdm        1301  0.0  2.4 667464 49028 tty1     -    00:49   0:00 /usr/lib/gnome-settings-daemon/gsd-keyboard USER=gdm XDG_SEAT=seat0 XDG_SESSION_TYPE=wayland HOME=/var/lib/gdm3 DCONF_PROFILE=gdm GDM_VERSION=3.28.3 GNOME_SHELL_SESSION_MODE=gdm DBUS_SESSION_BUS_ADDRESS=unix:path=/run/user/121/bus LOGNAME=gdm XDG_SESSION_CLASS=greeter USERNAME=gdm XDG_SESSION_ID=c1 GVFS_REMOTE_VOLUME_MONITOR_IGNORE=1 PATH=/usr/local/sbin:/usr/local/bin:/usr/sbin:/usr/bin:/sbin:/bin:/snap/bin XDG_RUNTIME_DIR=/run/user/121 LANG=en_US.UTF-8 XDG_CURRENT_DESKTOP=GNOME-Greeter:GNOME GVFS_DISABLE_FUSE=1 SHELL=/bin/false XDG_VTNR=1 RUNNING_UNDER_GDM=true PWD=/var/lib/gdm3 GDM_SEAT_ID=seat0 XDG_DATA_DIRS=/usr/share/gdm/greeter:/usr/local/share/:/usr/share/ GIO_USE_VFS=local QT_IM_MODULE=ibus XMODIFIERS=@im=ibus GNOME_DESKTOP_SESSION_ID=this-is-deprecated XDG_MENU_PREFIX=gnome- SESSION_MANAGER=local/ubuntu:@/tmp/.ICE-unix/899,unix/ubuntu:/tmp/.ICE-unix/899 DISPLAY=:1024 WAYLAND_DISPLAY=wayland-0 DESKTOP_AUTOSTART_ID=1087d0eb75ed529c1c158909696138698200000008990006 GIO_LAUNCHED_DESKTOP_FILE=/etc/xdg/autostart/org.gnome.SettingsDaemon.Keyboard.desktop GIO_LAUNCHED_DESKTOP_FILE_PID=1301
gdm           -  0.0    -      -     - -        Sl+  00:49   0:00 -
gdm           -  0.0    -      -     - -        Sl+  00:49   0:00 -
gdm           -  0.0    -      -     - -        Sl+  00:49   0:00 -
gdm           -  0.0    -      -     - -        Sl+  00:49   0:00 -
gdm        1302  0.0  2.5 953892 50820 tty1     -    00:49   0:00 /usr/lib/gnome-settings-daemon/gsd-media-keys USER=gdm XDG_SEAT=seat0 XDG_SESSION_TYPE=wayland HOME=/var/lib/gdm3 DCONF_PROFILE=gdm GDM_VERSION=3.28.3 GNOME_SHELL_SESSION_MODE=gdm DBUS_SESSION_BUS_ADDRESS=unix:path=/run/user/121/bus LOGNAME=gdm XDG_SESSION_CLASS=greeter USERNAME=gdm XDG_SESSION_ID=c1 GVFS_REMOTE_VOLUME_MONITOR_IGNORE=1 PATH=/usr/local/sbin:/usr/local/bin:/usr/sbin:/usr/bin:/sbin:/bin:/snap/bin XDG_RUNTIME_DIR=/run/user/121 LANG=en_US.UTF-8 XDG_CURRENT_DESKTOP=GNOME-Greeter:GNOME GVFS_DISABLE_FUSE=1 SHELL=/bin/false XDG_VTNR=1 RUNNING_UNDER_GDM=true PWD=/var/lib/gdm3 GDM_SEAT_ID=seat0 XDG_DATA_DIRS=/usr/share/gdm/greeter:/usr/local/share/:/usr/share/ GIO_USE_VFS=local QT_IM_MODULE=ibus XMODIFIERS=@im=ibus GNOME_DESKTOP_SESSION_ID=this-is-deprecated XDG_MENU_PREFIX=gnome- SESSION_MANAGER=local/ubuntu:@/tmp/.ICE-unix/899,unix/ubuntu:/tmp/.ICE-unix/899 DISPLAY=:1024 WAYLAND_DISPLAY=wayland-0 DESKTOP_AUTOSTART_ID=1087d0eb75ed529c1c158909696138755000000008990007 GIO_LAUNCHED_DESKTOP_FILE=/etc/xdg/autostart/org.gnome.SettingsDaemon.MediaKeys.desktop GIO_LAUNCHED_DESKTOP_FILE_PID=1302
gdm           -  0.0    -      -     - -        Sl+  00:49   0:00 -
gdm           -  0.0    -      -     - -        Sl+  00:49   0:00 -
gdm           -  0.0    -      -     - -        Sl+  00:49   0:00 -
gdm           -  0.0    -      -     - -        Sl+  00:49   0:00 -
gdm        1305  0.0  0.2 201996  4624 tty1     -    00:49   0:00 /usr/lib/gnome-settings-daemon/gsd-mouse USER=gdm XDG_SEAT=seat0 XDG_SESSION_TYPE=wayland HOME=/var/lib/gdm3 DCONF_PROFILE=gdm GDM_VERSION=3.28.3 GNOME_SHELL_SESSION_MODE=gdm DBUS_SESSION_BUS_ADDRESS=unix:path=/run/user/121/bus LOGNAME=gdm XDG_SESSION_CLASS=greeter USERNAME=gdm XDG_SESSION_ID=c1 GVFS_REMOTE_VOLUME_MONITOR_IGNORE=1 PATH=/usr/local/sbin:/usr/local/bin:/usr/sbin:/usr/bin:/sbin:/bin:/snap/bin XDG_RUNTIME_DIR=/run/user/121 LANG=en_US.UTF-8 XDG_CURRENT_DESKTOP=GNOME-Greeter:GNOME GVFS_DISABLE_FUSE=1 SHELL=/bin/false XDG_VTNR=1 RUNNING_UNDER_GDM=true PWD=/var/lib/gdm3 GDM_SEAT_ID=seat0 XDG_DATA_DIRS=/usr/share/gdm/greeter:/usr/local/share/:/usr/share/ GIO_USE_VFS=local QT_IM_MODULE=ibus XMODIFIERS=@im=ibus GNOME_DESKTOP_SESSION_ID=this-is-deprecated XDG_MENU_PREFIX=gnome- SESSION_MANAGER=local/ubuntu:@/tmp/.ICE-unix/899,unix/ubuntu:/tmp/.ICE-unix/899 DISPLAY=:1024 WAYLAND_DISPLAY=wayland-0 DESKTOP_AUTOSTART_ID=1087d0eb75ed529c1c158909696138779100000008990008 GIO_LAUNCHED_DESKTOP_FILE=/etc/xdg/autostart/org.gnome.SettingsDaemon.Mouse.desktop GIO_LAUNCHED_DESKTOP_FILE_PID=1305
gdm           -  0.0    -      -     - -        Sl+  00:49   0:00 -
gdm           -  0.0    -      -     - -        Sl+  00:49   0:00 -
gdm           -  0.0    -      -     - -        Sl+  00:49   0:00 -
gdm        1307  0.0  2.4 751968 49776 tty1     -    00:49   0:00 /usr/lib/gnome-settings-daemon/gsd-power USER=gdm XDG_SEAT=seat0 XDG_SESSION_TYPE=wayland HOME=/var/lib/gdm3 DCONF_PROFILE=gdm GDM_VERSION=3.28.3 GNOME_SHELL_SESSION_MODE=gdm DBUS_SESSION_BUS_ADDRESS=unix:path=/run/user/121/bus LOGNAME=gdm XDG_SESSION_CLASS=greeter USERNAME=gdm XDG_SESSION_ID=c1 GVFS_REMOTE_VOLUME_MONITOR_IGNORE=1 PATH=/usr/local/sbin:/usr/local/bin:/usr/sbin:/usr/bin:/sbin:/bin:/snap/bin XDG_RUNTIME_DIR=/run/user/121 LANG=en_US.UTF-8 XDG_CURRENT_DESKTOP=GNOME-Greeter:GNOME GVFS_DISABLE_FUSE=1 SHELL=/bin/false XDG_VTNR=1 RUNNING_UNDER_GDM=true PWD=/var/lib/gdm3 GDM_SEAT_ID=seat0 XDG_DATA_DIRS=/usr/share/gdm/greeter:/usr/local/share/:/usr/share/ GIO_USE_VFS=local QT_IM_MODULE=ibus XMODIFIERS=@im=ibus GNOME_DESKTOP_SESSION_ID=this-is-deprecated XDG_MENU_PREFIX=gnome- SESSION_MANAGER=local/ubuntu:@/tmp/.ICE-unix/899,unix/ubuntu:/tmp/.ICE-unix/899 DISPLAY=:1024 WAYLAND_DISPLAY=wayland-0 DESKTOP_AUTOSTART_ID=1087d0eb75ed529c1c158909696138798100000008990009 GIO_LAUNCHED_DESKTOP_FILE=/etc/xdg/autostart/org.gnome.SettingsDaemon.Power.desktop GIO_LAUNCHED_DESKTOP_FILE_PID=1307
gdm           -  0.0    -      -     - -        Sl+  00:49   0:00 -
gdm           -  0.0    -      -     - -        Sl+  00:49   0:00 -
gdm           -  0.0    -      -     - -        Sl+  00:49   0:00 -
gdm           -  0.0    -      -     - -        Sl+  00:49   0:00 -
gdm        1308  0.0  0.4 267012  8724 tty1     -    00:49   0:00 /usr/lib/gnome-settings-daemon/gsd-print-notifications USER=gdm XDG_SEAT=seat0 XDG_SESSION_TYPE=wayland HOME=/var/lib/gdm3 DCONF_PROFILE=gdm GDM_VERSION=3.28.3 GNOME_SHELL_SESSION_MODE=gdm DBUS_SESSION_BUS_ADDRESS=unix:path=/run/user/121/bus LOGNAME=gdm XDG_SESSION_CLASS=greeter USERNAME=gdm XDG_SESSION_ID=c1 GVFS_REMOTE_VOLUME_MONITOR_IGNORE=1 PATH=/usr/local/sbin:/usr/local/bin:/usr/sbin:/usr/bin:/sbin:/bin:/snap/bin XDG_RUNTIME_DIR=/run/user/121 LANG=en_US.UTF-8 XDG_CURRENT_DESKTOP=GNOME-Greeter:GNOME GVFS_DISABLE_FUSE=1 SHELL=/bin/false XDG_VTNR=1 RUNNING_UNDER_GDM=true PWD=/var/lib/gdm3 GDM_SEAT_ID=seat0 XDG_DATA_DIRS=/usr/share/gdm/greeter:/usr/local/share/:/usr/share/ GIO_USE_VFS=local QT_IM_MODULE=ibus XMODIFIERS=@im=ibus GNOME_DESKTOP_SESSION_ID=this-is-deprecated XDG_MENU_PREFIX=gnome- SESSION_MANAGER=local/ubuntu:@/tmp/.ICE-unix/899,unix/ubuntu:/tmp/.ICE-unix/899 DISPLAY=:1024 WAYLAND_DISPLAY=wayland-0 DESKTOP_AUTOSTART_ID=1087d0eb75ed529c1c158909696138812600000008990010 GIO_LAUNCHED_DESKTOP_FILE=/etc/xdg/autostart/org.gnome.SettingsDaemon.PrintNotifications.desktop GIO_LAUNCHED_DESKTOP_FILE_PID=1308
gdm           -  0.0    -      -     - -        Sl+  00:49   0:00 -
gdm           -  0.0    -      -     - -        Sl+  00:49   0:00 -
gdm           -  0.0    -      -     - -        Sl+  00:49   0:00 -
gdm        1311  0.0  0.2 202016  4604 tty1     -    00:49   0:00 /usr/lib/gnome-settings-daemon/gsd-rfkill USER=gdm XDG_SEAT=seat0 XDG_SESSION_TYPE=wayland HOME=/var/lib/gdm3 DCONF_PROFILE=gdm GDM_VERSION=3.28.3 GNOME_SHELL_SESSION_MODE=gdm DBUS_SESSION_BUS_ADDRESS=unix:path=/run/user/121/bus LOGNAME=gdm XDG_SESSION_CLASS=greeter USERNAME=gdm XDG_SESSION_ID=c1 GVFS_REMOTE_VOLUME_MONITOR_IGNORE=1 PATH=/usr/local/sbin:/usr/local/bin:/usr/sbin:/usr/bin:/sbin:/bin:/snap/bin XDG_RUNTIME_DIR=/run/user/121 LANG=en_US.UTF-8 XDG_CURRENT_DESKTOP=GNOME-Greeter:GNOME GVFS_DISABLE_FUSE=1 SHELL=/bin/false XDG_VTNR=1 RUNNING_UNDER_GDM=true PWD=/var/lib/gdm3 GDM_SEAT_ID=seat0 XDG_DATA_DIRS=/usr/share/gdm/greeter:/usr/local/share/:/usr/share/ GIO_USE_VFS=local QT_IM_MODULE=ibus XMODIFIERS=@im=ibus GNOME_DESKTOP_SESSION_ID=this-is-deprecated XDG_MENU_PREFIX=gnome- SESSION_MANAGER=local/ubuntu:@/tmp/.ICE-unix/899,unix/ubuntu:/tmp/.ICE-unix/899 DISPLAY=:1024 WAYLAND_DISPLAY=wayland-0 DESKTOP_AUTOSTART_ID=1087d0eb75ed529c1c158909696138827100000008990011 GIO_LAUNCHED_DESKTOP_FILE=/etc/xdg/autostart/org.gnome.SettingsDaemon.Rfkill.desktop GIO_LAUNCHED_DESKTOP_FILE_PID=1311
gdm           -  0.0    -      -     - -        Sl+  00:49   0:00 -
gdm           -  0.0    -      -     - -        Sl+  00:49   0:00 -
gdm           -  0.0    -      -     - -        Sl+  00:49   0:00 -
gdm        1313  0.0  0.2 275732  4852 tty1     -    00:49   0:00 /usr/lib/gnome-settings-daemon/gsd-screensaver-proxy USER=gdm XDG_SEAT=seat0 XDG_SESSION_TYPE=wayland HOME=/var/lib/gdm3 DCONF_PROFILE=gdm GDM_VERSION=3.28.3 GNOME_SHELL_SESSION_MODE=gdm DBUS_SESSION_BUS_ADDRESS=unix:path=/run/user/121/bus LOGNAME=gdm XDG_SESSION_CLASS=greeter USERNAME=gdm XDG_SESSION_ID=c1 GVFS_REMOTE_VOLUME_MONITOR_IGNORE=1 PATH=/usr/local/sbin:/usr/local/bin:/usr/sbin:/usr/bin:/sbin:/bin:/snap/bin XDG_RUNTIME_DIR=/run/user/121 LANG=en_US.UTF-8 XDG_CURRENT_DESKTOP=GNOME-Greeter:GNOME GVFS_DISABLE_FUSE=1 SHELL=/bin/false XDG_VTNR=1 RUNNING_UNDER_GDM=true PWD=/var/lib/gdm3 GDM_SEAT_ID=seat0 XDG_DATA_DIRS=/usr/share/gdm/greeter:/usr/local/share/:/usr/share/ GIO_USE_VFS=local QT_IM_MODULE=ibus XMODIFIERS=@im=ibus GNOME_DESKTOP_SESSION_ID=this-is-deprecated XDG_MENU_PREFIX=gnome- SESSION_MANAGER=local/ubuntu:@/tmp/.ICE-unix/899,unix/ubuntu:/tmp/.ICE-unix/899 DISPLAY=:1024 WAYLAND_DISPLAY=wayland-0 DESKTOP_AUTOSTART_ID=1087d0eb75ed529c1c158909696138839900000008990012 GIO_LAUNCHED_DESKTOP_FILE=/etc/xdg/autostart/org.gnome.SettingsDaemon.ScreensaverProxy.desktop GIO_LAUNCHED_DESKTOP_FILE_PID=1313
gdm           -  0.0    -      -     - -        Sl+  00:49   0:00 -
gdm           -  0.0    -      -     - -        Sl+  00:49   0:00 -
gdm           -  0.0    -      -     - -        Sl+  00:49   0:00 -
gdm        1315  0.0  0.4 305252  8184 tty1     -    00:49   0:00 /usr/lib/gnome-settings-daemon/gsd-sharing USER=gdm XDG_SEAT=seat0 XDG_SESSION_TYPE=wayland HOME=/var/lib/gdm3 DCONF_PROFILE=gdm GDM_VERSION=3.28.3 GNOME_SHELL_SESSION_MODE=gdm DBUS_SESSION_BUS_ADDRESS=unix:path=/run/user/121/bus LOGNAME=gdm XDG_SESSION_CLASS=greeter USERNAME=gdm XDG_SESSION_ID=c1 GVFS_REMOTE_VOLUME_MONITOR_IGNORE=1 PATH=/usr/local/sbin:/usr/local/bin:/usr/sbin:/usr/bin:/sbin:/bin:/snap/bin XDG_RUNTIME_DIR=/run/user/121 LANG=en_US.UTF-8 XDG_CURRENT_DESKTOP=GNOME-Greeter:GNOME GVFS_DISABLE_FUSE=1 SHELL=/bin/false XDG_VTNR=1 RUNNING_UNDER_GDM=true PWD=/var/lib/gdm3 GDM_SEAT_ID=seat0 XDG_DATA_DIRS=/usr/share/gdm/greeter:/usr/local/share/:/usr/share/ GIO_USE_VFS=local QT_IM_MODULE=ibus XMODIFIERS=@im=ibus GNOME_DESKTOP_SESSION_ID=this-is-deprecated XDG_MENU_PREFIX=gnome- SESSION_MANAGER=local/ubuntu:@/tmp/.ICE-unix/899,unix/ubuntu:/tmp/.ICE-unix/899 DISPLAY=:1024 WAYLAND_DISPLAY=wayland-0 DESKTOP_AUTOSTART_ID=1087d0eb75ed529c1c158909696138851900000008990013 GIO_LAUNCHED_DESKTOP_FILE=/etc/xdg/autostart/org.gnome.SettingsDaemon.Sharing.desktop GIO_LAUNCHED_DESKTOP_FILE_PID=1315
gdm           -  0.0    -      -     - -        Sl+  00:49   0:00 -
gdm           -  0.0    -      -     - -        Sl+  00:49   0:00 -
gdm           -  0.0    -      -     - -        Sl+  00:49   0:00 -
gdm           -  0.0    -      -     - -        Sl+  00:49   0:00 -
gdm        1317  0.0  0.4 451672  9036 tty1     -    00:49   0:00 /usr/lib/gnome-settings-daemon/gsd-smartcard USER=gdm XDG_SEAT=seat0 XDG_SESSION_TYPE=wayland HOME=/var/lib/gdm3 DCONF_PROFILE=gdm GDM_VERSION=3.28.3 GNOME_SHELL_SESSION_MODE=gdm DBUS_SESSION_BUS_ADDRESS=unix:path=/run/user/121/bus LOGNAME=gdm XDG_SESSION_CLASS=greeter USERNAME=gdm XDG_SESSION_ID=c1 GVFS_REMOTE_VOLUME_MONITOR_IGNORE=1 PATH=/usr/local/sbin:/usr/local/bin:/usr/sbin:/usr/bin:/sbin:/bin:/snap/bin XDG_RUNTIME_DIR=/run/user/121 LANG=en_US.UTF-8 XDG_CURRENT_DESKTOP=GNOME-Greeter:GNOME GVFS_DISABLE_FUSE=1 SHELL=/bin/false XDG_VTNR=1 RUNNING_UNDER_GDM=true PWD=/var/lib/gdm3 GDM_SEAT_ID=seat0 XDG_DATA_DIRS=/usr/share/gdm/greeter:/usr/local/share/:/usr/share/ GIO_USE_VFS=local QT_IM_MODULE=ibus XMODIFIERS=@im=ibus GNOME_DESKTOP_SESSION_ID=this-is-deprecated XDG_MENU_PREFIX=gnome- SESSION_MANAGER=local/ubuntu:@/tmp/.ICE-unix/899,unix/ubuntu:/tmp/.ICE-unix/899 DISPLAY=:1024 WAYLAND_DISPLAY=wayland-0 DESKTOP_AUTOSTART_ID=1087d0eb75ed529c1c158909696140279600000008990014 GIO_LAUNCHED_DESKTOP_FILE=/etc/xdg/autostart/org.gnome.SettingsDaemon.Smartcard.desktop GIO_LAUNCHED_DESKTOP_FILE_PID=1317
gdm           -  0.0    -      -     - -        Sl+  00:49   0:00 -
gdm           -  0.0    -      -     - -        Sl+  00:49   0:00 -
gdm           -  0.0    -      -     - -        Sl+  00:49   0:00 -
gdm           -  0.0    -      -     - -        Sl+  00:49   0:00 -
gdm           -  0.0    -      -     - -        Sl+  00:49   0:00 -
gdm        1323  0.0  0.3 332876  7980 tty1     -    00:49   0:00 /usr/lib/gnome-settings-daemon/gsd-sound USER=gdm XDG_SEAT=seat0 XDG_SESSION_TYPE=wayland HOME=/var/lib/gdm3 DCONF_PROFILE=gdm GDM_VERSION=3.28.3 GNOME_SHELL_SESSION_MODE=gdm DBUS_SESSION_BUS_ADDRESS=unix:path=/run/user/121/bus LOGNAME=gdm XDG_SESSION_CLASS=greeter USERNAME=gdm XDG_SESSION_ID=c1 GVFS_REMOTE_VOLUME_MONITOR_IGNORE=1 PATH=/usr/local/sbin:/usr/local/bin:/usr/sbin:/usr/bin:/sbin:/bin:/snap/bin XDG_RUNTIME_DIR=/run/user/121 LANG=en_US.UTF-8 XDG_CURRENT_DESKTOP=GNOME-Greeter:GNOME GVFS_DISABLE_FUSE=1 SHELL=/bin/false XDG_VTNR=1 RUNNING_UNDER_GDM=true PWD=/var/lib/gdm3 GDM_SEAT_ID=seat0 XDG_DATA_DIRS=/usr/share/gdm/greeter:/usr/local/share/:/usr/share/ GIO_USE_VFS=local QT_IM_MODULE=ibus XMODIFIERS=@im=ibus GNOME_DESKTOP_SESSION_ID=this-is-deprecated XDG_MENU_PREFIX=gnome- SESSION_MANAGER=local/ubuntu:@/tmp/.ICE-unix/899,unix/ubuntu:/tmp/.ICE-unix/899 DISPLAY=:1024 WAYLAND_DISPLAY=wayland-0 DESKTOP_AUTOSTART_ID=1087d0eb75ed529c1c158909696140441500000008990015 GIO_LAUNCHED_DESKTOP_FILE=/etc/xdg/autostart/org.gnome.SettingsDaemon.Sound.desktop GIO_LAUNCHED_DESKTOP_FILE_PID=1323
gdm           -  0.0    -      -     - -        Sl+  00:49   0:00 -
gdm           -  0.0    -      -     - -        Sl+  00:49   0:00 -
gdm           -  0.0    -      -     - -        Sl+  00:49   0:00 -
gdm           -  0.0    -      -     - -        Sl+  00:49   0:00 -
gdm        1327  0.0  2.4 589520 48636 tty1     -    00:49   0:00 /usr/lib/gnome-settings-daemon/gsd-wacom USER=gdm XDG_SEAT=seat0 XDG_SESSION_TYPE=wayland HOME=/var/lib/gdm3 DCONF_PROFILE=gdm GDM_VERSION=3.28.3 GNOME_SHELL_SESSION_MODE=gdm DBUS_SESSION_BUS_ADDRESS=unix:path=/run/user/121/bus LOGNAME=gdm XDG_SESSION_CLASS=greeter USERNAME=gdm XDG_SESSION_ID=c1 GVFS_REMOTE_VOLUME_MONITOR_IGNORE=1 PATH=/usr/local/sbin:/usr/local/bin:/usr/sbin:/usr/bin:/sbin:/bin:/snap/bin XDG_RUNTIME_DIR=/run/user/121 LANG=en_US.UTF-8 XDG_CURRENT_DESKTOP=GNOME-Greeter:GNOME GVFS_DISABLE_FUSE=1 SHELL=/bin/false XDG_VTNR=1 RUNNING_UNDER_GDM=true PWD=/var/lib/gdm3 GDM_SEAT_ID=seat0 XDG_DATA_DIRS=/usr/share/gdm/greeter:/usr/local/share/:/usr/share/ GIO_USE_VFS=local QT_IM_MODULE=ibus XMODIFIERS=@im=ibus GNOME_DESKTOP_SESSION_ID=this-is-deprecated XDG_MENU_PREFIX=gnome- SESSION_MANAGER=local/ubuntu:@/tmp/.ICE-unix/899,unix/ubuntu:/tmp/.ICE-unix/899 DISPLAY=:1024 WAYLAND_DISPLAY=wayland-0 DESKTOP_AUTOSTART_ID=1087d0eb75ed529c1c158909696140455700000008990016 GIO_LAUNCHED_DESKTOP_FILE=/etc/xdg/autostart/org.gnome.SettingsDaemon.Wacom.desktop GIO_LAUNCHED_DESKTOP_FILE_PID=1327
gdm           -  0.0    -      -     - -        Sl+  00:49   0:00 -
gdm           -  0.0    -      -     - -        Sl+  00:49   0:00 -
gdm           -  0.0    -      -     - -        Sl+  00:49   0:00 -
gdm        1340  0.0  0.2 204888  5972 tty1     -    00:49   0:00 /usr/lib/ibus/ibus-engine-simple USER=gdm XDG_SEAT=seat0 XDG_SESSION_TYPE=wayland HOME=/var/lib/gdm3 DCONF_PROFILE=gdm GDM_VERSION=3.28.3 GNOME_SHELL_SESSION_MODE=gdm DBUS_SESSION_BUS_ADDRESS=unix:path=/run/user/121/bus LOGNAME=gdm XDG_SESSION_CLASS=greeter USERNAME=gdm XDG_SESSION_ID=c1 GVFS_REMOTE_VOLUME_MONITOR_IGNORE=1 PATH=/usr/local/sbin:/usr/local/bin:/usr/sbin:/usr/bin:/sbin:/bin:/snap/bin XDG_RUNTIME_DIR=/run/user/121 LANG=en_US.UTF-8 XDG_CURRENT_DESKTOP=GNOME-Greeter:GNOME GVFS_DISABLE_FUSE=1 SHELL=/bin/false XDG_VTNR=1 RUNNING_UNDER_GDM=true PWD=/var/lib/gdm3 GDM_SEAT_ID=seat0 XDG_DATA_DIRS=/usr/share/gdm/greeter:/usr/local/share/:/usr/share/ GIO_USE_VFS=local QT_IM_MODULE=ibus XMODIFIERS=@im=ibus GNOME_DESKTOP_SESSION_ID=this-is-deprecated XDG_MENU_PREFIX=gnome- SESSION_MANAGER=local/ubuntu:@/tmp/.ICE-unix/899,unix/ubuntu:/tmp/.ICE-unix/899 DESKTOP_AUTOSTART_ID=1087d0eb75ed529c1c158909696138527100000008990000 GIO_LAUNCHED_DESKTOP_FILE=/usr/share/applications/org.gnome.Shell.desktop GIO_LAUNCHED_DESKTOP_FILE_PID=912 DISPLAY=:1024 WAYLAND_DISPLAY=wayland-0 GJS_DEBUG_OUTPUT=stderr GJS_DEBUG_TOPICS=JS ERROR;JS LOG
gdm           -  0.0    -      -     - -        Sl   00:49   0:00 -
gdm           -  0.0    -      -     - -        Sl   00:49   0:00 -
gdm           -  0.0    -      -     - -        Sl   00:49   0:00 -
colord     1371  0.0  0.6 325012 13860 ?        -    00:49   0:00 /usr/lib/colord/colord LANG=en_US.UTF-8 PATH=/usr/local/sbin:/usr/local/bin:/usr/sbin:/usr/bin:/sbin:/bin:/snap/bin HOME=/var/lib/colord LOGNAME=colord USER=colord INVOCATION_ID=ede40847984b44bc8ff5fc76b15ba24d JOURNAL_STREAM=9:49094
colord        -  0.0    -      -     - -        Ssl  00:49   0:00 -
colord        -  0.0    -      -     - -        Ssl  00:49   0:00 -
colord        -  0.0    -      -     - -        Ssl  00:49   0:00 -
root       1388  0.0  0.4 267744  8368 ?        -    00:49   0:00 gdm-session-worker [pam/gdm-password] LANG=en_US.UTF-8 JOURNAL_STREAM=9:43067 GDM_SESSION_DBUS_ADDRESS=unix:abstract=/tmp/dbus-Uv8XcUWO PATH=/usr/local/sbin:/usr/local/bin:/usr/sbin:/usr/bin:/sbin:/bin:/snap/bin INVOCATION_ID=4c62d98495b747e58815e4ce7ace0401
root          -  0.0    -      -     - -        Sl   00:49   0:00 -
root          -  0.0    -      -     - -        Sl   00:49   0:00 -
root          -  0.0    -      -     - -        Sl   00:49   0:00 -
ambly      1391  0.0  0.4  77032  8068 ?        -    00:49   0:00 /lib/systemd/systemd --user LANG=en_US.UTF-8 PATH=/usr/local/sbin:/usr/local/bin:/usr/sbin:/usr/bin:/sbin:/bin:/snap/bin NOTIFY_SOCKET=/run/systemd/notify HOME=/home/ambly LOGNAME=ambly USER=ambly SHELL=/bin/bash INVOCATION_ID=a71a8bc3cb9a4b39a3677dd1c3f6071d JOURNAL_STREAM=9:49524 XDG_RUNTIME_DIR=/run/user/1000
ambly         -  0.0    -      -     - -        Ss   00:49   0:00 -
ambly      1392  0.0  0.0 114044  1936 ?        -    00:49   0:00 (sd-pam) find_preseed=/preseed.cfg HOME=/ init=/sbin/init NETWORK_SKIP_ENSLAVED= recovery= locale=en_US TERM=linux drop_caps= BOOT_IMAGE=/boot/vmlinuz-5.3.0-51-generic PATH=/sbin:/usr/sbin:/bin:/usr/bin PWD=/ rootmnt=/root priority=critical
ambly         -  0.0    -      -     - -        S    00:49   0:00 -
ambly      1405  0.0  0.3 288352  7900 ?        -    00:49   0:00 /usr/bin/gnome-keyring-daemon --daemonize --login XDG_SEAT=seat0 LOGNAME=ambly USER=ambly USERNAME=ambly HOME=/home/ambly PWD=/home/ambly SHELL=/bin/bash PATH=/usr/local/sbin:/usr/local/bin:/usr/sbin:/usr/bin:/sbin:/bin:/usr/games:/usr/local/games XDG_SESSION_TYPE=x11 XDG_VTNR=2 LANG=en_US.UTF-8 XDG_SESSION_ID=2 XDG_RUNTIME_DIR=/run/user/1000 DBUS_SESSION_BUS_ADDRESS=unix:path=/run/user/1000/bus
ambly         -  0.0    -      -     - -        Sl   00:49   0:00 -
ambly         -  0.0    -      -     - -        Sl   00:49   0:00 -
ambly         -  0.0    -      -     - -        Sl   00:49   0:00 -
ambly         -  0.0    -      -     - -        Sl   00:49   0:00 -
ambly      1409  0.0  0.2 212132  5904 tty2     -    00:49   0:00 /usr/lib/gdm3/gdm-x-session --run-script env GNOME_SHELL_SESSION_MODE=ubuntu gnome-session --session=ubuntu XDG_SEAT=seat0 LOGNAME=ambly USER=ambly USERNAME=ambly HOME=/home/ambly PWD=/home/ambly SHELL=/bin/bash PATH=/usr/local/sbin:/usr/local/bin:/usr/sbin:/usr/bin:/sbin:/bin:/usr/games:/usr/local/games XDG_SESSION_TYPE=x11 XDG_VTNR=2 LANG=en_US.UTF-8 XDG_SESSION_ID=2 XDG_RUNTIME_DIR=/run/user/1000 DBUS_SESSION_BUS_ADDRESS=unix:path=/run/user/1000/bus GDMSESSION=ubuntu XDG_SESSION_DESKTOP=ubuntu DESKTOP_SESSION=ubuntu XDG_CURRENT_DESKTOP=ubuntu:GNOME
ambly         -  0.0    -      -     - -        Ssl+ 00:49   0:00 -
ambly         -  0.0    -      -     - -        Ssl+ 00:49   0:00 -
ambly         -  0.0    -      -     - -        Ssl+ 00:49   0:00 -
ambly      1411  0.7  4.5 474952 90612 tty2     -    00:49   0:09 /usr/lib/xorg/Xorg vt2 -displayfd 3 -auth /run/user/1000/gdm/Xauthority -background none -noreset -keeptty -verbose 3 USER=ambly XDG_SEAT=seat0 XDG_SESSION_TYPE=x11 HOME=/home/ambly DESKTOP_SESSION=ubuntu XORG_RUN_AS_USER_OK=1 DBUS_SESSION_BUS_ADDRESS=unix:path=/run/user/1000/bus LOGNAME=ambly USERNAME=ambly XDG_SESSION_ID=2 PATH=/usr/local/sbin:/usr/local/bin:/usr/sbin:/usr/bin:/sbin:/bin:/usr/games:/usr/local/games XDG_RUNTIME_DIR=/run/user/1000 LANG=en_US.UTF-8 XDG_CURRENT_DESKTOP=ubuntu:GNOME XDG_SESSION_DESKTOP=ubuntu SHELL=/bin/bash GDMSESSION=ubuntu XDG_VTNR=2 PWD=/home/ambly
ambly         -  0.6    -      -     - -        Sl+  00:49   0:08 -
ambly         -  0.0    -      -     - -        Sl+  00:49   0:01 -
ambly      1416  0.0  0.2  50768  5032 ?        -    00:49   0:00 /usr/bin/dbus-daemon --session --address=systemd: --nofork --nopidfile --systemd-activation --syslog-only DBUS_SESSION_BUS_ADDRESS=unix:path=/run/user/1000/bus HOME=/home/ambly LANG=en_US.UTF-8 LOGNAME=ambly PATH=/usr/local/sbin:/usr/local/bin:/usr/sbin:/usr/bin:/sbin:/bin:/usr/games:/usr/local/games:/snap/bin SHELL=/bin/bash USER=ambly XDG_DATA_DIRS=/usr/local/share/:/usr/share/:/var/lib/snapd/desktop XDG_RUNTIME_DIR=/run/user/1000 MANAGERPID=1391 LISTEN_PID=1416 LISTEN_FDS=1 LISTEN_FDNAMES=dbus.socket INVOCATION_ID=b8932879665d4398b47c9cd9d38208a7 JOURNAL_STREAM=9:49756
ambly         -  0.0    -      -     - -        Ss   00:49   0:00 -
ambly      1420  0.0  0.7 559216 14376 tty2     -    00:49   0:00 /usr/lib/gnome-session/gnome-session-binary --session=ubuntu USER=ambly TEXTDOMAIN=im-config XDG_SEAT=seat0 XDG_SESSION_TYPE=x11 SSH_AGENT_PID=1493 SHLVL=0 QT4_IM_MODULE=xim HOME=/home/ambly DESKTOP_SESSION=ubuntu GTK_MODULES=gail:atk-bridge GNOME_SHELL_SESSION_MODE=ubuntu DBUS_SESSION_BUS_ADDRESS=unix:path=/run/user/1000/bus IM_CONFIG_PHASE=2 LOGNAME=ambly GTK_IM_MODULE=xim USERNAME=ambly XDG_SESSION_ID=2 WINDOWPATH=2 PATH=/home/ambly/.local/bin:/usr/local/sbin:/usr/local/bin:/usr/sbin:/usr/bin:/sbin:/bin:/usr/games:/usr/local/games:/snap/bin XDG_RUNTIME_DIR=/run/user/1000 DISPLAY=:0 LANG=en_US.UTF-8 XDG_CURRENT_DESKTOP=ubuntu:GNOME XDG_SESSION_DESKTOP=ubuntu XMODIFIERS=@im=none XAUTHORITY=/run/user/1000/gdm/Xauthority SSH_AUTH_SOCK=/tmp/ssh-undwgEn9aY1I/agent.1420 SHELL=/bin/bash QT_ACCESSIBILITY=1 GDMSESSION=ubuntu TEXTDOMAINDIR=/usr/share/locale/ GPG_AGENT_INFO=/run/user/1000/gnupg/S.gpg-agent:0:1 XDG_VTNR=2 PWD=/home/ambly CLUTTER_IM_MODULE=xim XDG_DATA_DIRS=/usr/share/ubuntu:/usr/local/share/:/usr/share/:/var/lib/snapd/desktop XDG_CONFIG_DIRS=/etc/xdg/xdg-ubuntu:/etc/xdg
ambly         -  0.0    -      -     - -        Sl+  00:49   0:00 -
ambly         -  0.0    -      -     - -        Sl+  00:49   0:00 -
ambly         -  0.0    -      -     - -        Sl+  00:49   0:00 -
ambly         -  0.0    -      -     - -        Sl+  00:49   0:00 -
ambly      1493  0.0  0.0  11300   320 ?        -    00:49   0:00 /usr/bin/ssh-agent /usr/bin/im-launch env GNOME_SHELL_SESSION_MODE=ubuntu gnome-session --session=ubuntu CLUTTER_IM_MODULE=xim LANG=en_US.UTF-8 DISPLAY=:0 USERNAME=ambly XDG_VTNR=2 XDG_SESSION_ID=2 USER=ambly DESKTOP_SESSION=ubuntu QT4_IM_MODULE=xim TEXTDOMAINDIR=/usr/share/locale/ PWD=/home/ambly HOME=/home/ambly TEXTDOMAIN=im-config QT_ACCESSIBILITY=1 XDG_SESSION_TYPE=x11 XDG_DATA_DIRS=/usr/share/ubuntu:/usr/local/share/:/usr/share/:/var/lib/snapd/desktop XDG_SESSION_DESKTOP=ubuntu GTK_MODULES=gail:atk-bridge WINDOWPATH=2 SHELL=/bin/bash XMODIFIERS=@im=none IM_CONFIG_PHASE=2 XDG_CURRENT_DESKTOP=ubuntu:GNOME GPG_AGENT_INFO=/run/user/1000/gnupg/S.gpg-agent:0:1 SHLVL=0 XDG_SEAT=seat0 GDMSESSION=ubuntu LOGNAME=ambly DBUS_SESSION_BUS_ADDRESS=unix:path=/run/user/1000/bus XDG_RUNTIME_DIR=/run/user/1000 XAUTHORITY=/run/user/1000/gdm/Xauthority XDG_CONFIG_DIRS=/etc/xdg/xdg-ubuntu:/etc/xdg PATH=/home/ambly/.local/bin:/usr/local/sbin:/usr/local/bin:/usr/sbin:/usr/bin:/sbin:/bin:/usr/games:/usr/local/games:/snap/bin GTK_IM_MODULE=xim
ambly         -  0.0    -      -     - -        Ss   00:49   0:00 -
ambly      1495  0.0  0.3 349304  6532 ?        -    00:49   0:00 /usr/lib/at-spi2-core/at-spi-bus-launcher CLUTTER_IM_MODULE=xim DBUS_SESSION_BUS_ADDRESS=unix:path=/run/user/1000/bus DESKTOP_SESSION=ubuntu DISPLAY=:0 GDMSESSION=ubuntu GPG_AGENT_INFO=/run/user/1000/gnupg/S.gpg-agent:0:1 GTK_IM_MODULE=xim GTK_MODULES=gail:atk-bridge HOME=/home/ambly IM_CONFIG_PHASE=2 LANG=en_US.UTF-8 LOGNAME=ambly PATH=/home/ambly/.local/bin:/usr/local/sbin:/usr/local/bin:/usr/sbin:/usr/bin:/sbin:/bin:/usr/games:/usr/local/games:/snap/bin PWD=/home/ambly QT4_IM_MODULE=xim QT_ACCESSIBILITY=1 SHELL=/bin/bash SHLVL=1 TEXTDOMAIN=im-config TEXTDOMAINDIR=/usr/share/locale/ USER=ambly USERNAME=ambly WINDOWPATH=2 XAUTHORITY=/run/user/1000/gdm/Xauthority XDG_CONFIG_DIRS=/etc/xdg/xdg-ubuntu:/etc/xdg XDG_CURRENT_DESKTOP=ubuntu:GNOME XDG_DATA_DIRS=/usr/share/ubuntu:/usr/local/share/:/usr/share/:/var/lib/snapd/desktop XDG_RUNTIME_DIR=/run/user/1000 XDG_SESSION_DESKTOP=ubuntu XDG_SESSION_TYPE=x11 XMODIFIERS=@im=none _=/usr/bin/dbus-update-activation-environment MANAGERPID=1391 INVOCATION_ID=44ccc9f12f7746bdbc7ef2caf0906c54 JOURNAL_STREAM=9:49945
ambly         -  0.0    -      -     - -        Ssl  00:49   0:00 -
ambly         -  0.0    -      -     - -        Ssl  00:49   0:00 -
ambly         -  0.0    -      -     - -        Ssl  00:49   0:00 -
ambly         -  0.0    -      -     - -        Ssl  00:49   0:00 -
ambly      1500  0.0  0.2  49924  4096 ?        -    00:49   0:00 /usr/bin/dbus-daemon --config-file=/usr/share/defaults/at-spi2/accessibility.conf --nofork --print-address 3 CLUTTER_IM_MODULE=xim DBUS_SESSION_BUS_ADDRESS=unix:path=/run/user/1000/bus DESKTOP_SESSION=ubuntu DISPLAY=:0 GDMSESSION=ubuntu GPG_AGENT_INFO=/run/user/1000/gnupg/S.gpg-agent:0:1 GTK_IM_MODULE=xim GTK_MODULES=gail:atk-bridge HOME=/home/ambly IM_CONFIG_PHASE=2 LANG=en_US.UTF-8 LOGNAME=ambly PATH=/home/ambly/.local/bin:/usr/local/sbin:/usr/local/bin:/usr/sbin:/usr/bin:/sbin:/bin:/usr/games:/usr/local/games:/snap/bin PWD=/home/ambly QT4_IM_MODULE=xim QT_ACCESSIBILITY=1 SHELL=/bin/bash SHLVL=1 TEXTDOMAIN=im-config TEXTDOMAINDIR=/usr/share/locale/ USER=ambly USERNAME=ambly WINDOWPATH=2 XAUTHORITY=/run/user/1000/gdm/Xauthority XDG_CONFIG_DIRS=/etc/xdg/xdg-ubuntu:/etc/xdg XDG_CURRENT_DESKTOP=ubuntu:GNOME XDG_DATA_DIRS=/usr/share/ubuntu:/usr/local/share/:/usr/share/:/var/lib/snapd/desktop XDG_RUNTIME_DIR=/run/user/1000 XDG_SESSION_DESKTOP=ubuntu XDG_SESSION_TYPE=x11 XMODIFIERS=@im=none _=/usr/bin/dbus-update-activation-environment MANAGERPID=1391 INVOCATION_ID=44ccc9f12f7746bdbc7ef2caf0906c54 JOURNAL_STREAM=9:49945
ambly         -  0.0    -      -     - -        S    00:49   0:00 -
ambly      1503  0.0  0.3 220708  6980 ?        -    00:49   0:00 /usr/lib/at-spi2-core/at-spi2-registryd --use-gnome-session SHELL=/bin/bash DBUS_STARTER_ADDRESS=unix:abstract=/tmp/dbus-8oYFdipQ0n,guid=8da1b550ffc75f4e5bcd51575eb7b218 TEXTDOMAIN=im-config CLUTTER_IM_MODULE=xim XDG_RUNTIME_DIR=/run/user/1000 XDG_CURRENT_DESKTOP=ubuntu:GNOME QT_ACCESSIBILITY=1 DISPLAY=:0 DESKTOP_SESSION=ubuntu XMODIFIERS=@im=none WINDOWPATH=2 PATH=/home/ambly/.local/bin:/usr/local/sbin:/usr/local/bin:/usr/sbin:/usr/bin:/sbin:/bin:/usr/games:/usr/local/games:/snap/bin USERNAME=ambly GDMSESSION=ubuntu GTK_IM_MODULE=xim GTK_MODULES=gail:atk-bridge XDG_SESSION_TYPE=x11 XDG_DATA_DIRS=/usr/share/ubuntu:/usr/local/share/:/usr/share/:/var/lib/snapd/desktop JOURNAL_STREAM=9:49945 QT4_IM_MODULE=xim DBUS_SESSION_BUS_ADDRESS=unix:path=/run/user/1000/bus GPG_AGENT_INFO=/run/user/1000/gnupg/S.gpg-agent:0:1 IM_CONFIG_PHASE=2 INVOCATION_ID=44ccc9f12f7746bdbc7ef2caf0906c54 XAUTHORITY=/run/user/1000/gdm/Xauthority USER=ambly DBUS_STARTER_BUS_TYPE=accessibility TEXTDOMAINDIR=/usr/share/locale/ SHLVL=1 PWD=/home/ambly MANAGERPID=1391 LANG=en_US.UTF-8 _=/usr/bin/dbus-update-activation-environment XDG_SESSION_DESKTOP=ubuntu XDG_CONFIG_DIRS=/etc/xdg/xdg-ubuntu:/etc/xdg HOME=/home/ambly LOGNAME=ambly
ambly         -  0.0    -      -     - -        Sl   00:49   0:00 -
ambly         -  0.0    -      -     - -        Sl   00:49   0:00 -
ambly         -  0.0    -      -     - -        Sl   00:49   0:00 -
ambly      1516  0.0  0.3 291968  6984 ?        -    00:49   0:00 /usr/lib/gvfs/gvfsd CLUTTER_IM_MODULE=xim DBUS_SESSION_BUS_ADDRESS=unix:path=/run/user/1000/bus DESKTOP_SESSION=ubuntu DISPLAY=:0 GDMSESSION=ubuntu GNOME_DESKTOP_SESSION_ID=this-is-deprecated GNOME_SHELL_SESSION_MODE=ubuntu GPG_AGENT_INFO=/run/user/1000/gnupg/S.gpg-agent:0:1 GTK_IM_MODULE=xim GTK_MODULES=gail:atk-bridge HOME=/home/ambly IM_CONFIG_PHASE=2 LANG=en_US.UTF-8 LOGNAME=ambly PATH=/home/ambly/.local/bin:/usr/local/sbin:/usr/local/bin:/usr/sbin:/usr/bin:/sbin:/bin:/usr/games:/usr/local/games:/snap/bin PWD=/home/ambly QT4_IM_MODULE=xim QT_ACCESSIBILITY=1 QT_IM_MODULE=ibus SHELL=/bin/bash SHLVL=0 SSH_AGENT_PID=1493 SSH_AUTH_SOCK=/tmp/ssh-undwgEn9aY1I/agent.1420 TEXTDOMAIN=im-config TEXTDOMAINDIR=/usr/share/locale/ USER=ambly USERNAME=ambly WINDOWPATH=2 XAUTHORITY=/run/user/1000/gdm/Xauthority XDG_CONFIG_DIRS=/etc/xdg/xdg-ubuntu:/etc/xdg XDG_CURRENT_DESKTOP=ubuntu:GNOME XDG_DATA_DIRS=/usr/share/ubuntu:/usr/local/share/:/usr/share/:/var/lib/snapd/desktop XDG_MENU_PREFIX=gnome- XDG_RUNTIME_DIR=/run/user/1000 XDG_SEAT=seat0 XDG_SESSION_DESKTOP=ubuntu XDG_SESSION_ID=2 XDG_SESSION_TYPE=x11 XDG_VTNR=2 XMODIFIERS=@im=none _=/usr/bin/dbus-update-activation-environment MANAGERPID=1391 INVOCATION_ID=c9ac78aa3ae64a1181b61a3edd21e649 JOURNAL_STREAM=9:50105
ambly         -  0.0    -      -     - -        Ssl  00:49   0:00 -
ambly         -  0.0    -      -     - -        Ssl  00:49   0:00 -
ambly         -  0.0    -      -     - -        Ssl  00:49   0:00 -
ambly      1521  0.0  0.2 416112  5292 ?        -    00:49   0:00 /usr/lib/gvfs/gvfsd-fuse /run/user/1000/gvfs -f -o big_writes CLUTTER_IM_MODULE=xim DBUS_SESSION_BUS_ADDRESS=unix:path=/run/user/1000/bus DESKTOP_SESSION=ubuntu DISPLAY=:0 GDMSESSION=ubuntu GNOME_DESKTOP_SESSION_ID=this-is-deprecated GNOME_SHELL_SESSION_MODE=ubuntu GPG_AGENT_INFO=/run/user/1000/gnupg/S.gpg-agent:0:1 GTK_IM_MODULE=xim GTK_MODULES=gail:atk-bridge HOME=/home/ambly IM_CONFIG_PHASE=2 LANG=en_US.UTF-8 LOGNAME=ambly PATH=/home/ambly/.local/bin:/usr/local/sbin:/usr/local/bin:/usr/sbin:/usr/bin:/sbin:/bin:/usr/games:/usr/local/games:/snap/bin PWD=/home/ambly QT4_IM_MODULE=xim QT_ACCESSIBILITY=1 QT_IM_MODULE=ibus SHELL=/bin/bash SHLVL=0 SSH_AGENT_PID=1493 SSH_AUTH_SOCK=/tmp/ssh-undwgEn9aY1I/agent.1420 TEXTDOMAIN=im-config TEXTDOMAINDIR=/usr/share/locale/ USER=ambly USERNAME=ambly WINDOWPATH=2 XAUTHORITY=/run/user/1000/gdm/Xauthority XDG_CONFIG_DIRS=/etc/xdg/xdg-ubuntu:/etc/xdg XDG_CURRENT_DESKTOP=ubuntu:GNOME XDG_DATA_DIRS=/usr/share/ubuntu:/usr/local/share/:/usr/share/:/var/lib/snapd/desktop XDG_MENU_PREFIX=gnome- XDG_RUNTIME_DIR=/run/user/1000 XDG_SEAT=seat0 XDG_SESSION_DESKTOP=ubuntu XDG_SESSION_ID=2 XDG_SESSION_TYPE=x11 XDG_VTNR=2 XMODIFIERS=@im=none _=/usr/bin/dbus-update-activation-environment MANAGERPID=1391 INVOCATION_ID=c9ac78aa3ae64a1181b61a3edd21e649 JOURNAL_STREAM=9:50105
ambly         -  0.0    -      -     - -        Sl   00:49   0:00 -
ambly         -  0.0    -      -     - -        Sl   00:49   0:00 -
ambly         -  0.0    -      -     - -        Sl   00:49   0:00 -
ambly         -  0.0    -      -     - -        Sl   00:49   0:00 -
ambly         -  0.0    -      -     - -        Sl   00:49   0:00 -
ambly         -  0.0    -      -     - -        Sl   00:49   0:00 -
ambly      1537  0.9  8.8 2941460 177256 tty2   -    00:49   0:12 /usr/bin/gnome-shell USER=ambly TEXTDOMAIN=im-config XDG_SEAT=seat0 XDG_SESSION_TYPE=x11 SSH_AGENT_PID=1493 SHLVL=0 QT4_IM_MODULE=xim HOME=/home/ambly DESKTOP_SESSION=ubuntu GTK_MODULES=gail:atk-bridge GNOME_SHELL_SESSION_MODE=ubuntu DBUS_SESSION_BUS_ADDRESS=unix:path=/run/user/1000/bus IM_CONFIG_PHASE=2 LOGNAME=ambly GTK_IM_MODULE=xim USERNAME=ambly XDG_SESSION_ID=2 WINDOWPATH=2 PATH=/home/ambly/.local/bin:/usr/local/sbin:/usr/local/bin:/usr/sbin:/usr/bin:/sbin:/bin:/usr/games:/usr/local/games:/snap/bin XDG_RUNTIME_DIR=/run/user/1000 DISPLAY=:0 LANG=en_US.UTF-8 XDG_CURRENT_DESKTOP=ubuntu:GNOME XDG_SESSION_DESKTOP=ubuntu XMODIFIERS=@im=none XAUTHORITY=/run/user/1000/gdm/Xauthority SSH_AUTH_SOCK=/run/user/1000/keyring/ssh SHELL=/bin/bash QT_ACCESSIBILITY=1 GDMSESSION=ubuntu TEXTDOMAINDIR=/usr/share/locale/ GPG_AGENT_INFO=/run/user/1000/gnupg/S.gpg-agent:0:1 XDG_VTNR=2 PWD=/home/ambly CLUTTER_IM_MODULE=xim XDG_DATA_DIRS=/usr/share/ubuntu:/usr/local/share/:/usr/share/:/var/lib/snapd/desktop XDG_CONFIG_DIRS=/etc/xdg/xdg-ubuntu:/etc/xdg QT_IM_MODULE=ibus GNOME_DESKTOP_SESSION_ID=this-is-deprecated XDG_MENU_PREFIX=gnome- SESSION_MANAGER=local/ubuntu:@/tmp/.ICE-unix/1420,unix/ubuntu:/tmp/.ICE-unix/1420 DESKTOP_AUTOSTART_ID=10ea5fee3bfcdfe5b0158909698540312500000014200000 GIO_LAUNCHED_DESKTOP_FILE=/usr/share/applications/org.gnome.Shell.desktop GIO_LAUNCHED_DESKTOP_FILE_PID=1537
ambly         -  0.9    -      -     - -        Sl+  00:49   0:12 -
ambly         -  0.0    -      -     - -        Sl+  00:49   0:00 -
ambly         -  0.0    -      -     - -        Sl+  00:49   0:00 -
ambly         -  0.0    -      -     - -        Sl+  00:49   0:00 -
ambly         -  0.0    -      -     - -        Sl+  00:49   0:00 -
ambly         -  0.0    -      -     - -        Sl+  00:49   0:00 -
ambly         -  0.0    -      -     - -        Sl+  00:49   0:00 -
ambly         -  0.0    -      -     - -        Sl+  00:49   0:00 -
ambly         -  0.0    -      -     - -        Sl+  00:49   0:00 -
ambly         -  0.0    -      -     - -        Sl+  00:49   0:00 -
ambly      1546  0.2  0.8 1341132 16572 ?       -    00:49   0:03 /usr/bin/pulseaudio --start --log-target=syslog USER=ambly TEXTDOMAIN=im-config XDG_SEAT=seat0 XDG_SESSION_TYPE=x11 SSH_AGENT_PID=1493 SHLVL=0 QT4_IM_MODULE=xim HOME=/home/ambly DESKTOP_SESSION=ubuntu GTK_MODULES=gail:atk-bridge GNOME_SHELL_SESSION_MODE=ubuntu DBUS_SESSION_BUS_ADDRESS=unix:path=/run/user/1000/bus IM_CONFIG_PHASE=2 LOGNAME=ambly GTK_IM_MODULE=xim USERNAME=ambly XDG_SESSION_ID=2 WINDOWPATH=2 PATH=/home/ambly/.local/bin:/usr/local/sbin:/usr/local/bin:/usr/sbin:/usr/bin:/sbin:/bin:/usr/games:/usr/local/games:/snap/bin XDG_RUNTIME_DIR=/run/user/1000 DISPLAY=:0 LANG=en_US.UTF-8 XDG_CURRENT_DESKTOP=ubuntu:GNOME XDG_SESSION_DESKTOP=ubuntu XMODIFIERS=@im=none XAUTHORITY=/run/user/1000/gdm/Xauthority SSH_AUTH_SOCK=/run/user/1000/keyring/ssh SHELL=/bin/bash QT_ACCESSIBILITY=1 GDMSESSION=ubuntu TEXTDOMAINDIR=/usr/share/locale/ GPG_AGENT_INFO=/run/user/1000/gnupg/S.gpg-agent:0:1 XDG_VTNR=2 PWD=/home/ambly CLUTTER_IM_MODULE=xim XDG_DATA_DIRS=/usr/share/ubuntu:/usr/local/share/:/usr/share/:/var/lib/snapd/desktop XDG_CONFIG_DIRS=/etc/xdg/xdg-ubuntu:/etc/xdg QT_IM_MODULE=ibus GNOME_DESKTOP_SESSION_ID=this-is-deprecated XDG_MENU_PREFIX=gnome- SESSION_MANAGER=local/ubuntu:@/tmp/.ICE-unix/1420,unix/ubuntu:/tmp/.ICE-unix/1420 DESKTOP_AUTOSTART_ID=10ea5fee3bfcdfe5b0158909698540312500000014200000 GIO_LAUNCHED_DESKTOP_FILE=/usr/share/applications/org.gnome.Shell.desktop GIO_LAUNCHED_DESKTOP_FILE_PID=1537 GJS_DEBUG_OUTPUT=stderr GJS_DEBUG_TOPICS=JS ERROR;JS LOG LD_BIND_NOW=1
ambly         -  0.0    -      -     - -        S<l  00:49   0:00 -
ambly         -  0.2    -      -     - -        Sl   00:49   0:03 -
ambly         -  0.0    -      -     - -        Sl   00:49   0:00 -
ambly         -  0.0    -      -     - -        Sl   00:49   0:00 -
ambly      1556  0.0  0.3 361488  7868 tty2     -    00:49   0:00 ibus-daemon --xim --panel disable USER=ambly TEXTDOMAIN=im-config XDG_SEAT=seat0 XDG_SESSION_TYPE=x11 SSH_AGENT_PID=1493 SHLVL=0 QT4_IM_MODULE=xim HOME=/home/ambly DESKTOP_SESSION=ubuntu GTK_MODULES=gail:atk-bridge GNOME_SHELL_SESSION_MODE=ubuntu DBUS_SESSION_BUS_ADDRESS=unix:path=/run/user/1000/bus IM_CONFIG_PHASE=2 LOGNAME=ambly GTK_IM_MODULE=xim USERNAME=ambly XDG_SESSION_ID=2 WINDOWPATH=2 PATH=/home/ambly/.local/bin:/usr/local/sbin:/usr/local/bin:/usr/sbin:/usr/bin:/sbin:/bin:/usr/games:/usr/local/games:/snap/bin XDG_RUNTIME_DIR=/run/user/1000 DISPLAY=:0 LANG=en_US.UTF-8 XDG_CURRENT_DESKTOP=ubuntu:GNOME XDG_SESSION_DESKTOP=ubuntu XMODIFIERS=@im=none XAUTHORITY=/run/user/1000/gdm/Xauthority SSH_AUTH_SOCK=/run/user/1000/keyring/ssh SHELL=/bin/bash QT_ACCESSIBILITY=1 GDMSESSION=ubuntu TEXTDOMAINDIR=/usr/share/locale/ GPG_AGENT_INFO=/run/user/1000/gnupg/S.gpg-agent:0:1 XDG_VTNR=2 PWD=/home/ambly CLUTTER_IM_MODULE=xim XDG_DATA_DIRS=/usr/share/ubuntu:/usr/local/share/:/usr/share/:/var/lib/snapd/desktop XDG_CONFIG_DIRS=/etc/xdg/xdg-ubuntu:/etc/xdg QT_IM_MODULE=ibus GNOME_DESKTOP_SESSION_ID=this-is-deprecated XDG_MENU_PREFIX=gnome- SESSION_MANAGER=local/ubuntu:@/tmp/.ICE-unix/1420,unix/ubuntu:/tmp/.ICE-unix/1420 DESKTOP_AUTOSTART_ID=10ea5fee3bfcdfe5b0158909698540312500000014200000 GIO_LAUNCHED_DESKTOP_FILE=/usr/share/applications/org.gnome.Shell.desktop GIO_LAUNCHED_DESKTOP_FILE_PID=1537 GJS_DEBUG_OUTPUT=stderr GJS_DEBUG_TOPICS=JS ERROR;JS LOG
ambly         -  0.0    -      -     - -        Sl   00:49   0:00 -
ambly         -  0.0    -      -     - -        Sl   00:49   0:00 -
ambly         -  0.0    -      -     - -        Sl   00:49   0:00 -
ambly      1558  0.0  0.2 271560  5092 ?        -    00:49   0:00 /usr/libexec/xdg-permission-store CLUTTER_IM_MODULE=xim DBUS_SESSION_BUS_ADDRESS=unix:path=/run/user/1000/bus DESKTOP_SESSION=ubuntu DISPLAY=:0 GDMSESSION=ubuntu GNOME_DESKTOP_SESSION_ID=this-is-deprecated GNOME_SHELL_SESSION_MODE=ubuntu GPG_AGENT_INFO=/run/user/1000/gnupg/S.gpg-agent:0:1 GTK_IM_MODULE=xim GTK_MODULES=gail:atk-bridge HOME=/home/ambly IM_CONFIG_PHASE=2 LANG=en_US.UTF-8 LOGNAME=ambly PATH=/home/ambly/.local/bin:/usr/local/sbin:/usr/local/bin:/usr/sbin:/usr/bin:/sbin:/bin:/usr/games:/usr/local/games:/snap/bin PWD=/home/ambly QT4_IM_MODULE=xim QT_ACCESSIBILITY=1 QT_IM_MODULE=ibus SESSION_MANAGER=local/ubuntu:@/tmp/.ICE-unix/1420,unix/ubuntu:/tmp/.ICE-unix/1420 SHELL=/bin/bash SHLVL=0 SSH_AGENT_PID=1493 SSH_AUTH_SOCK=/run/user/1000/keyring/ssh TEXTDOMAIN=im-config TEXTDOMAINDIR=/usr/share/locale/ USER=ambly USERNAME=ambly WINDOWPATH=2 XAUTHORITY=/run/user/1000/gdm/Xauthority XDG_CONFIG_DIRS=/etc/xdg/xdg-ubuntu:/etc/xdg XDG_CURRENT_DESKTOP=ubuntu:GNOME XDG_DATA_DIRS=/usr/share/ubuntu:/usr/local/share/:/usr/share/:/var/lib/snapd/desktop XDG_MENU_PREFIX=gnome- XDG_RUNTIME_DIR=/run/user/1000 XDG_SEAT=seat0 XDG_SESSION_DESKTOP=ubuntu XDG_SESSION_ID=2 XDG_SESSION_TYPE=x11 XDG_VTNR=2 XMODIFIERS=@im=none _=/usr/bin/dbus-update-activation-environment MANAGERPID=1391 INVOCATION_ID=f096a12222354c61a4e28b62328cc8c4 JOURNAL_STREAM=9:50558
ambly         -  0.0    -      -     - -        Ssl  00:49   0:00 -
ambly         -  0.0    -      -     - -        Ssl  00:49   0:00 -
ambly         -  0.0    -      -     - -        Ssl  00:49   0:00 -
ambly      1564  0.0  1.0 689780 20340 ?        -    00:49   0:00 /usr/lib/gnome-shell/gnome-shell-calendar-server SHELL=/bin/bash DBUS_STARTER_ADDRESS=unix:path=/run/user/1000/bus,guid=8d53e2f91f70997f6e34665d5eb7b217 TEXTDOMAIN=im-config CLUTTER_IM_MODULE=xim XDG_CURRENT_DESKTOP=ubuntu:GNOME QT_ACCESSIBILITY=1 DISPLAY=:0 XDG_RUNTIME_DIR=/run/user/1000 DESKTOP_SESSION=ubuntu SESSION_MANAGER=local/ubuntu:@/tmp/.ICE-unix/1420,unix/ubuntu:/tmp/.ICE-unix/1420 SSH_AUTH_SOCK=/run/user/1000/keyring/ssh XMODIFIERS=@im=none WINDOWPATH=2 PATH=/home/ambly/.local/bin:/usr/local/sbin:/usr/local/bin:/usr/sbin:/usr/bin:/sbin:/bin:/usr/games:/usr/local/games:/snap/bin GNOME_DESKTOP_SESSION_ID=this-is-deprecated XDG_VTNR=2 GTK_IM_MODULE=xim GDMSESSION=ubuntu USERNAME=ambly GTK_MODULES=gail:atk-bridge XDG_SESSION_TYPE=x11 XDG_DATA_DIRS=/usr/share/ubuntu:/usr/local/share/:/usr/share/:/var/lib/snapd/desktop XDG_SESSION_ID=2 JOURNAL_STREAM=9:49756 XDG_SEAT=seat0 GPG_AGENT_INFO=/run/user/1000/gnupg/S.gpg-agent:0:1 IM_CONFIG_PHASE=2 QT4_IM_MODULE=xim DBUS_SESSION_BUS_ADDRESS=unix:path=/run/user/1000/bus,guid=8d53e2f91f70997f6e34665d5eb7b217 GNOME_SHELL_SESSION_MODE=ubuntu SSH_AGENT_PID=1493 INVOCATION_ID=b8932879665d4398b47c9cd9d38208a7 QT_IM_MODULE=ibus XAUTHORITY=/run/user/1000/gdm/Xauthority USER=ambly DBUS_STARTER_BUS_TYPE=session TEXTDOMAINDIR=/usr/share/locale/ SHLVL=0 PWD=/home/ambly XDG_MENU_PREFIX=gnome- LANG=en_US.UTF-8 MANAGERPID=1391 _=/usr/bin/dbus-update-activation-environment XDG_CONFIG_DIRS=/etc/xdg/xdg-ubuntu:/etc/xdg XDG_SESSION_DESKTOP=ubuntu HOME=/home/ambly LOGNAME=ambly
ambly         -  0.0    -      -     - -        Sl   00:49   0:00 -
ambly         -  0.0    -      -     - -        Sl   00:49   0:00 -
ambly         -  0.0    -      -     - -        Sl   00:49   0:00 -
ambly         -  0.0    -      -     - -        Sl   00:49   0:00 -
ambly         -  0.0    -      -     - -        Sl   00:49   0:00 -
ambly         -  0.0    -      -     - -        Sl   00:49   0:00 -
ambly      1568  0.0  0.3 280748  6572 tty2     -    00:49   0:00 /usr/lib/ibus/ibus-dconf USER=ambly TEXTDOMAIN=im-config XDG_SEAT=seat0 XDG_SESSION_TYPE=x11 SSH_AGENT_PID=1493 SHLVL=0 QT4_IM_MODULE=xim HOME=/home/ambly DESKTOP_SESSION=ubuntu GTK_MODULES=gail:atk-bridge GNOME_SHELL_SESSION_MODE=ubuntu DBUS_SESSION_BUS_ADDRESS=unix:path=/run/user/1000/bus IM_CONFIG_PHASE=2 LOGNAME=ambly GTK_IM_MODULE=xim USERNAME=ambly XDG_SESSION_ID=2 WINDOWPATH=2 PATH=/home/ambly/.local/bin:/usr/local/sbin:/usr/local/bin:/usr/sbin:/usr/bin:/sbin:/bin:/usr/games:/usr/local/games:/snap/bin XDG_RUNTIME_DIR=/run/user/1000 DISPLAY=:0 LANG=en_US.UTF-8 XDG_CURRENT_DESKTOP=ubuntu:GNOME XDG_SESSION_DESKTOP=ubuntu XMODIFIERS=@im=none XAUTHORITY=/run/user/1000/gdm/Xauthority SSH_AUTH_SOCK=/run/user/1000/keyring/ssh SHELL=/bin/bash QT_ACCESSIBILITY=1 GDMSESSION=ubuntu TEXTDOMAINDIR=/usr/share/locale/ GPG_AGENT_INFO=/run/user/1000/gnupg/S.gpg-agent:0:1 XDG_VTNR=2 PWD=/home/ambly CLUTTER_IM_MODULE=xim XDG_DATA_DIRS=/usr/share/ubuntu:/usr/local/share/:/usr/share/:/var/lib/snapd/desktop XDG_CONFIG_DIRS=/etc/xdg/xdg-ubuntu:/etc/xdg QT_IM_MODULE=ibus GNOME_DESKTOP_SESSION_ID=this-is-deprecated XDG_MENU_PREFIX=gnome- SESSION_MANAGER=local/ubuntu:@/tmp/.ICE-unix/1420,unix/ubuntu:/tmp/.ICE-unix/1420 DESKTOP_AUTOSTART_ID=10ea5fee3bfcdfe5b0158909698540312500000014200000 GIO_LAUNCHED_DESKTOP_FILE=/usr/share/applications/org.gnome.Shell.desktop GIO_LAUNCHED_DESKTOP_FILE_PID=1537 GJS_DEBUG_OUTPUT=stderr GJS_DEBUG_TOPICS=JS ERROR;JS LOG
ambly         -  0.0    -      -     - -        Sl   00:49   0:00 -
ambly         -  0.0    -      -     - -        Sl   00:49   0:00 -
ambly         -  0.0    -      -     - -        Sl   00:49   0:00 -
ambly         -  0.0    -      -     - -        Sl   00:49   0:00 -
ambly      1572  0.0  1.2 692224 25428 ?        -    00:49   0:00 /usr/lib/evolution/evolution-source-registry CLUTTER_IM_MODULE=xim DBUS_SESSION_BUS_ADDRESS=unix:path=/run/user/1000/bus DESKTOP_SESSION=ubuntu DISPLAY=:0 GDMSESSION=ubuntu GNOME_DESKTOP_SESSION_ID=this-is-deprecated GNOME_SHELL_SESSION_MODE=ubuntu GPG_AGENT_INFO=/run/user/1000/gnupg/S.gpg-agent:0:1 GTK_IM_MODULE=xim GTK_MODULES=gail:atk-bridge HOME=/home/ambly IM_CONFIG_PHASE=2 LANG=en_US.UTF-8 LOGNAME=ambly PATH=/home/ambly/.local/bin:/usr/local/sbin:/usr/local/bin:/usr/sbin:/usr/bin:/sbin:/bin:/usr/games:/usr/local/games:/snap/bin PWD=/home/ambly QT4_IM_MODULE=xim QT_ACCESSIBILITY=1 QT_IM_MODULE=ibus SESSION_MANAGER=local/ubuntu:@/tmp/.ICE-unix/1420,unix/ubuntu:/tmp/.ICE-unix/1420 SHELL=/bin/bash SHLVL=0 SSH_AGENT_PID=1493 SSH_AUTH_SOCK=/run/user/1000/keyring/ssh TEXTDOMAIN=im-config TEXTDOMAINDIR=/usr/share/locale/ USER=ambly USERNAME=ambly WINDOWPATH=2 XAUTHORITY=/run/user/1000/gdm/Xauthority XDG_CONFIG_DIRS=/etc/xdg/xdg-ubuntu:/etc/xdg XDG_CURRENT_DESKTOP=ubuntu:GNOME XDG_DATA_DIRS=/usr/share/ubuntu:/usr/local/share/:/usr/share/:/var/lib/snapd/desktop XDG_MENU_PREFIX=gnome- XDG_RUNTIME_DIR=/run/user/1000 XDG_SEAT=seat0 XDG_SESSION_DESKTOP=ubuntu XDG_SESSION_ID=2 XDG_SESSION_TYPE=x11 XDG_VTNR=2 XMODIFIERS=@im=none _=/usr/bin/dbus-update-activation-environment MANAGERPID=1391 INVOCATION_ID=b22685ae7011406caa1366f578ca69fe JOURNAL_STREAM=9:50654
ambly         -  0.0    -      -     - -        Ssl  00:49   0:00 -
ambly         -  0.0    -      -     - -        Ssl  00:49   0:00 -
ambly         -  0.0    -      -     - -        Ssl  00:49   0:00 -
ambly         -  0.0    -      -     - -        Ssl  00:49   0:00 -
ambly      1575  0.0  1.0 343980 20768 tty2     -    00:49   0:00 /usr/lib/ibus/ibus-x11 --kill-daemon USER=ambly TEXTDOMAIN=im-config XDG_SEAT=seat0 XDG_SESSION_TYPE=x11 SSH_AGENT_PID=1493 SHLVL=0 QT4_IM_MODULE=xim HOME=/home/ambly DESKTOP_SESSION=ubuntu GTK_MODULES=gail:atk-bridge GNOME_SHELL_SESSION_MODE=ubuntu DBUS_SESSION_BUS_ADDRESS=unix:path=/run/user/1000/bus IM_CONFIG_PHASE=2 LOGNAME=ambly GTK_IM_MODULE=xim USERNAME=ambly XDG_SESSION_ID=2 WINDOWPATH=2 PATH=/home/ambly/.local/bin:/usr/local/sbin:/usr/local/bin:/usr/sbin:/usr/bin:/sbin:/bin:/usr/games:/usr/local/games:/snap/bin XDG_RUNTIME_DIR=/run/user/1000 DISPLAY=:0 LANG=en_US.UTF-8 XDG_CURRENT_DESKTOP=ubuntu:GNOME XDG_SESSION_DESKTOP=ubuntu XMODIFIERS=@im=none XAUTHORITY=/run/user/1000/gdm/Xauthority SSH_AUTH_SOCK=/run/user/1000/keyring/ssh SHELL=/bin/bash QT_ACCESSIBILITY=1 GDMSESSION=ubuntu TEXTDOMAINDIR=/usr/share/locale/ GPG_AGENT_INFO=/run/user/1000/gnupg/S.gpg-agent:0:1 XDG_VTNR=2 PWD=/home/ambly CLUTTER_IM_MODULE=xim XDG_DATA_DIRS=/usr/share/ubuntu:/usr/local/share/:/usr/share/:/var/lib/snapd/desktop XDG_CONFIG_DIRS=/etc/xdg/xdg-ubuntu:/etc/xdg QT_IM_MODULE=ibus GNOME_DESKTOP_SESSION_ID=this-is-deprecated XDG_MENU_PREFIX=gnome- SESSION_MANAGER=local/ubuntu:@/tmp/.ICE-unix/1420,unix/ubuntu:/tmp/.ICE-unix/1420 DESKTOP_AUTOSTART_ID=10ea5fee3bfcdfe5b0158909698540312500000014200000 GIO_LAUNCHED_DESKTOP_FILE=/usr/share/applications/org.gnome.Shell.desktop GIO_LAUNCHED_DESKTOP_FILE_PID=1537 GJS_DEBUG_OUTPUT=stderr GJS_DEBUG_TOPICS=JS ERROR;JS LOG
ambly         -  0.0    -      -     - -        Sl   00:49   0:00 -
ambly         -  0.0    -      -     - -        Sl   00:49   0:00 -
ambly         -  0.0    -      -     - -        Sl   00:49   0:00 -
ambly      1577  0.0  0.2 278688  5920 ?        -    00:49   0:00 /usr/lib/ibus/ibus-portal SHELL=/bin/bash DBUS_STARTER_ADDRESS=unix:path=/run/user/1000/bus,guid=8d53e2f91f70997f6e34665d5eb7b217 TEXTDOMAIN=im-config CLUTTER_IM_MODULE=xim XDG_CURRENT_DESKTOP=ubuntu:GNOME QT_ACCESSIBILITY=1 DISPLAY=:0 XDG_RUNTIME_DIR=/run/user/1000 DESKTOP_SESSION=ubuntu SESSION_MANAGER=local/ubuntu:@/tmp/.ICE-unix/1420,unix/ubuntu:/tmp/.ICE-unix/1420 SSH_AUTH_SOCK=/run/user/1000/keyring/ssh XMODIFIERS=@im=none WINDOWPATH=2 PATH=/home/ambly/.local/bin:/usr/local/sbin:/usr/local/bin:/usr/sbin:/usr/bin:/sbin:/bin:/usr/games:/usr/local/games:/snap/bin GNOME_DESKTOP_SESSION_ID=this-is-deprecated XDG_VTNR=2 GTK_IM_MODULE=xim GDMSESSION=ubuntu USERNAME=ambly GTK_MODULES=gail:atk-bridge XDG_SESSION_TYPE=x11 XDG_DATA_DIRS=/usr/share/ubuntu:/usr/local/share/:/usr/share/:/var/lib/snapd/desktop XDG_SESSION_ID=2 JOURNAL_STREAM=9:49756 XDG_SEAT=seat0 GPG_AGENT_INFO=/run/user/1000/gnupg/S.gpg-agent:0:1 IM_CONFIG_PHASE=2 QT4_IM_MODULE=xim DBUS_SESSION_BUS_ADDRESS=unix:path=/run/user/1000/bus,guid=8d53e2f91f70997f6e34665d5eb7b217 GNOME_SHELL_SESSION_MODE=ubuntu SSH_AGENT_PID=1493 INVOCATION_ID=b8932879665d4398b47c9cd9d38208a7 QT_IM_MODULE=ibus XAUTHORITY=/run/user/1000/gdm/Xauthority USER=ambly DBUS_STARTER_BUS_TYPE=session TEXTDOMAINDIR=/usr/share/locale/ SHLVL=0 PWD=/home/ambly XDG_MENU_PREFIX=gnome- LANG=en_US.UTF-8 MANAGERPID=1391 _=/usr/bin/dbus-update-activation-environment XDG_CONFIG_DIRS=/etc/xdg/xdg-ubuntu:/etc/xdg XDG_SESSION_DESKTOP=ubuntu HOME=/home/ambly LOGNAME=ambly
ambly         -  0.0    -      -     - -        Sl   00:49   0:00 -
ambly         -  0.0    -      -     - -        Sl   00:49   0:00 -
ambly         -  0.0    -      -     - -        Sl   00:49   0:00 -
ambly      1589  0.0  1.6 857492 32596 ?        -    00:49   0:00 /usr/lib/gnome-online-accounts/goa-daemon SHELL=/bin/bash DBUS_STARTER_ADDRESS=unix:path=/run/user/1000/bus,guid=8d53e2f91f70997f6e34665d5eb7b217 TEXTDOMAIN=im-config CLUTTER_IM_MODULE=xim XDG_CURRENT_DESKTOP=ubuntu:GNOME QT_ACCESSIBILITY=1 DISPLAY=:0 XDG_RUNTIME_DIR=/run/user/1000 DESKTOP_SESSION=ubuntu SESSION_MANAGER=local/ubuntu:@/tmp/.ICE-unix/1420,unix/ubuntu:/tmp/.ICE-unix/1420 SSH_AUTH_SOCK=/run/user/1000/keyring/ssh XMODIFIERS=@im=none WINDOWPATH=2 PATH=/home/ambly/.local/bin:/usr/local/sbin:/usr/local/bin:/usr/sbin:/usr/bin:/sbin:/bin:/usr/games:/usr/local/games:/snap/bin GNOME_DESKTOP_SESSION_ID=this-is-deprecated XDG_VTNR=2 GTK_IM_MODULE=xim GDMSESSION=ubuntu USERNAME=ambly GTK_MODULES=gail:atk-bridge XDG_SESSION_TYPE=x11 XDG_DATA_DIRS=/usr/share/ubuntu:/usr/local/share/:/usr/share/:/var/lib/snapd/desktop XDG_SESSION_ID=2 JOURNAL_STREAM=9:49756 XDG_SEAT=seat0 GPG_AGENT_INFO=/run/user/1000/gnupg/S.gpg-agent:0:1 IM_CONFIG_PHASE=2 QT4_IM_MODULE=xim DBUS_SESSION_BUS_ADDRESS=unix:path=/run/user/1000/bus,guid=8d53e2f91f70997f6e34665d5eb7b217 GNOME_SHELL_SESSION_MODE=ubuntu SSH_AGENT_PID=1493 INVOCATION_ID=b8932879665d4398b47c9cd9d38208a7 QT_IM_MODULE=ibus XAUTHORITY=/run/user/1000/gdm/Xauthority USER=ambly DBUS_STARTER_BUS_TYPE=session TEXTDOMAINDIR=/usr/share/locale/ SHLVL=0 PWD=/home/ambly XDG_MENU_PREFIX=gnome- LANG=en_US.UTF-8 MANAGERPID=1391 _=/usr/bin/dbus-update-activation-environment XDG_CONFIG_DIRS=/etc/xdg/xdg-ubuntu:/etc/xdg XDG_SESSION_DESKTOP=ubuntu HOME=/home/ambly LOGNAME=ambly
ambly         -  0.0    -      -     - -        Sl   00:49   0:00 -
ambly         -  0.0    -      -     - -        Sl   00:49   0:00 -
ambly         -  0.0    -      -     - -        Sl   00:49   0:00 -
ambly         -  0.0    -      -     - -        Sl   00:49   0:00 -
ambly      1608  0.0  0.3 377092  7612 ?        -    00:49   0:00 /usr/lib/gnome-online-accounts/goa-identity-service SHELL=/bin/bash DBUS_STARTER_ADDRESS=unix:path=/run/user/1000/bus,guid=8d53e2f91f70997f6e34665d5eb7b217 TEXTDOMAIN=im-config CLUTTER_IM_MODULE=xim XDG_CURRENT_DESKTOP=ubuntu:GNOME QT_ACCESSIBILITY=1 DISPLAY=:0 XDG_RUNTIME_DIR=/run/user/1000 DESKTOP_SESSION=ubuntu SESSION_MANAGER=local/ubuntu:@/tmp/.ICE-unix/1420,unix/ubuntu:/tmp/.ICE-unix/1420 SSH_AUTH_SOCK=/run/user/1000/keyring/ssh XMODIFIERS=@im=none WINDOWPATH=2 PATH=/home/ambly/.local/bin:/usr/local/sbin:/usr/local/bin:/usr/sbin:/usr/bin:/sbin:/bin:/usr/games:/usr/local/games:/snap/bin GNOME_DESKTOP_SESSION_ID=this-is-deprecated XDG_VTNR=2 GTK_IM_MODULE=xim GDMSESSION=ubuntu USERNAME=ambly GTK_MODULES=gail:atk-bridge XDG_SESSION_TYPE=x11 XDG_DATA_DIRS=/usr/share/ubuntu:/usr/local/share/:/usr/share/:/var/lib/snapd/desktop XDG_SESSION_ID=2 JOURNAL_STREAM=9:49756 XDG_SEAT=seat0 GPG_AGENT_INFO=/run/user/1000/gnupg/S.gpg-agent:0:1 IM_CONFIG_PHASE=2 QT4_IM_MODULE=xim DBUS_SESSION_BUS_ADDRESS=unix:path=/run/user/1000/bus,guid=8d53e2f91f70997f6e34665d5eb7b217 GNOME_SHELL_SESSION_MODE=ubuntu SSH_AGENT_PID=1493 INVOCATION_ID=b8932879665d4398b47c9cd9d38208a7 QT_IM_MODULE=ibus XAUTHORITY=/run/user/1000/gdm/Xauthority USER=ambly DBUS_STARTER_BUS_TYPE=session TEXTDOMAINDIR=/usr/share/locale/ SHLVL=0 PWD=/home/ambly XDG_MENU_PREFIX=gnome- LANG=en_US.UTF-8 MANAGERPID=1391 _=/usr/bin/dbus-update-activation-environment XDG_CONFIG_DIRS=/etc/xdg/xdg-ubuntu:/etc/xdg XDG_SESSION_DESKTOP=ubuntu HOME=/home/ambly LOGNAME=ambly
ambly         -  0.0    -      -     - -        Sl   00:49   0:00 -
ambly         -  0.0    -      -     - -        Sl   00:49   0:00 -
ambly         -  0.0    -      -     - -        Sl   00:49   0:00 -
ambly         -  0.0    -      -     - -        Sl   00:49   0:00 -
ambly      1610  0.0  0.2 187904  5240 ?        -    00:49   0:00 /usr/lib/dconf/dconf-service SHELL=/bin/bash DBUS_STARTER_ADDRESS=unix:path=/run/user/1000/bus,guid=8d53e2f91f70997f6e34665d5eb7b217 TEXTDOMAIN=im-config CLUTTER_IM_MODULE=xim XDG_CURRENT_DESKTOP=ubuntu:GNOME QT_ACCESSIBILITY=1 DISPLAY=:0 XDG_RUNTIME_DIR=/run/user/1000 DESKTOP_SESSION=ubuntu SESSION_MANAGER=local/ubuntu:@/tmp/.ICE-unix/1420,unix/ubuntu:/tmp/.ICE-unix/1420 SSH_AUTH_SOCK=/run/user/1000/keyring/ssh XMODIFIERS=@im=none WINDOWPATH=2 PATH=/home/ambly/.local/bin:/usr/local/sbin:/usr/local/bin:/usr/sbin:/usr/bin:/sbin:/bin:/usr/games:/usr/local/games:/snap/bin GNOME_DESKTOP_SESSION_ID=this-is-deprecated XDG_VTNR=2 GTK_IM_MODULE=xim GDMSESSION=ubuntu USERNAME=ambly GTK_MODULES=gail:atk-bridge XDG_SESSION_TYPE=x11 XDG_DATA_DIRS=/usr/share/ubuntu:/usr/local/share/:/usr/share/:/var/lib/snapd/desktop XDG_SESSION_ID=2 JOURNAL_STREAM=9:49756 XDG_SEAT=seat0 GPG_AGENT_INFO=/run/user/1000/gnupg/S.gpg-agent:0:1 IM_CONFIG_PHASE=2 QT4_IM_MODULE=xim DBUS_SESSION_BUS_ADDRESS=unix:path=/run/user/1000/bus,guid=8d53e2f91f70997f6e34665d5eb7b217 GNOME_SHELL_SESSION_MODE=ubuntu SSH_AGENT_PID=1493 INVOCATION_ID=b8932879665d4398b47c9cd9d38208a7 QT_IM_MODULE=ibus XAUTHORITY=/run/user/1000/gdm/Xauthority USER=ambly DBUS_STARTER_BUS_TYPE=session TEXTDOMAINDIR=/usr/share/locale/ SHLVL=0 PWD=/home/ambly XDG_MENU_PREFIX=gnome- LANG=en_US.UTF-8 MANAGERPID=1391 _=/usr/bin/dbus-update-activation-environment XDG_CONFIG_DIRS=/etc/xdg/xdg-ubuntu:/etc/xdg XDG_SESSION_DESKTOP=ubuntu HOME=/home/ambly LOGNAME=ambly
ambly         -  0.0    -      -     - -        Sl   00:49   0:00 -
ambly         -  0.0    -      -     - -        Sl   00:49   0:00 -
ambly         -  0.0    -      -     - -        Sl   00:49   0:00 -
ambly      1617  0.0  0.4 306444  8548 ?        -    00:49   0:00 /usr/lib/gvfs/gvfs-udisks2-volume-monitor CLUTTER_IM_MODULE=xim DBUS_SESSION_BUS_ADDRESS=unix:path=/run/user/1000/bus DESKTOP_SESSION=ubuntu DISPLAY=:0 GDMSESSION=ubuntu GNOME_DESKTOP_SESSION_ID=this-is-deprecated GNOME_SHELL_SESSION_MODE=ubuntu GPG_AGENT_INFO=/run/user/1000/gnupg/S.gpg-agent:0:1 GTK_IM_MODULE=xim GTK_MODULES=gail:atk-bridge HOME=/home/ambly IM_CONFIG_PHASE=2 LANG=en_US.UTF-8 LOGNAME=ambly PATH=/home/ambly/.local/bin:/usr/local/sbin:/usr/local/bin:/usr/sbin:/usr/bin:/sbin:/bin:/usr/games:/usr/local/games:/snap/bin PWD=/home/ambly QT4_IM_MODULE=xim QT_ACCESSIBILITY=1 QT_IM_MODULE=ibus SESSION_MANAGER=local/ubuntu:@/tmp/.ICE-unix/1420,unix/ubuntu:/tmp/.ICE-unix/1420 SHELL=/bin/bash SHLVL=0 SSH_AGENT_PID=1493 SSH_AUTH_SOCK=/run/user/1000/keyring/ssh TEXTDOMAIN=im-config TEXTDOMAINDIR=/usr/share/locale/ USER=ambly USERNAME=ambly WINDOWPATH=2 XAUTHORITY=/run/user/1000/gdm/Xauthority XDG_CONFIG_DIRS=/etc/xdg/xdg-ubuntu:/etc/xdg XDG_CURRENT_DESKTOP=ubuntu:GNOME XDG_DATA_DIRS=/usr/share/ubuntu:/usr/local/share/:/usr/share/:/var/lib/snapd/desktop XDG_MENU_PREFIX=gnome- XDG_RUNTIME_DIR=/run/user/1000 XDG_SEAT=seat0 XDG_SESSION_DESKTOP=ubuntu XDG_SESSION_ID=2 XDG_SESSION_TYPE=x11 XDG_VTNR=2 XMODIFIERS=@im=none _=/usr/bin/dbus-update-activation-environment MANAGERPID=1391 INVOCATION_ID=4825b234003740c0b5c60939497ae72b JOURNAL_STREAM=9:51016
ambly         -  0.0    -      -     - -        Ssl  00:49   0:00 -
ambly         -  0.0    -      -     - -        Ssl  00:49   0:00 -
ambly         -  0.0    -      -     - -        Ssl  00:49   0:00 -
ambly      1621  0.0  0.2 274044  5784 ?        -    00:49   0:00 /usr/lib/gvfs/gvfs-goa-volume-monitor CLUTTER_IM_MODULE=xim DBUS_SESSION_BUS_ADDRESS=unix:path=/run/user/1000/bus DESKTOP_SESSION=ubuntu DISPLAY=:0 GDMSESSION=ubuntu GNOME_DESKTOP_SESSION_ID=this-is-deprecated GNOME_SHELL_SESSION_MODE=ubuntu GPG_AGENT_INFO=/run/user/1000/gnupg/S.gpg-agent:0:1 GTK_IM_MODULE=xim GTK_MODULES=gail:atk-bridge HOME=/home/ambly IM_CONFIG_PHASE=2 LANG=en_US.UTF-8 LOGNAME=ambly PATH=/home/ambly/.local/bin:/usr/local/sbin:/usr/local/bin:/usr/sbin:/usr/bin:/sbin:/bin:/usr/games:/usr/local/games:/snap/bin PWD=/home/ambly QT4_IM_MODULE=xim QT_ACCESSIBILITY=1 QT_IM_MODULE=ibus SESSION_MANAGER=local/ubuntu:@/tmp/.ICE-unix/1420,unix/ubuntu:/tmp/.ICE-unix/1420 SHELL=/bin/bash SHLVL=0 SSH_AGENT_PID=1493 SSH_AUTH_SOCK=/run/user/1000/keyring/ssh TEXTDOMAIN=im-config TEXTDOMAINDIR=/usr/share/locale/ USER=ambly USERNAME=ambly WINDOWPATH=2 XAUTHORITY=/run/user/1000/gdm/Xauthority XDG_CONFIG_DIRS=/etc/xdg/xdg-ubuntu:/etc/xdg XDG_CURRENT_DESKTOP=ubuntu:GNOME XDG_DATA_DIRS=/usr/share/ubuntu:/usr/local/share/:/usr/share/:/var/lib/snapd/desktop XDG_MENU_PREFIX=gnome- XDG_RUNTIME_DIR=/run/user/1000 XDG_SEAT=seat0 XDG_SESSION_DESKTOP=ubuntu XDG_SESSION_ID=2 XDG_SESSION_TYPE=x11 XDG_VTNR=2 XMODIFIERS=@im=none _=/usr/bin/dbus-update-activation-environment MANAGERPID=1391 INVOCATION_ID=7724e169b956494fb717a6ec0eae56c2 JOURNAL_STREAM=9:51067
ambly         -  0.0    -      -     - -        Ssl  00:49   0:00 -
ambly         -  0.0    -      -     - -        Ssl  00:49   0:00 -
ambly         -  0.0    -      -     - -        Ssl  00:49   0:00 -
ambly      1625  0.0  0.3 378820  7632 ?        -    00:49   0:00 /usr/lib/gvfs/gvfs-afc-volume-monitor CLUTTER_IM_MODULE=xim DBUS_SESSION_BUS_ADDRESS=unix:path=/run/user/1000/bus DESKTOP_SESSION=ubuntu DISPLAY=:0 GDMSESSION=ubuntu GNOME_DESKTOP_SESSION_ID=this-is-deprecated GNOME_SHELL_SESSION_MODE=ubuntu GPG_AGENT_INFO=/run/user/1000/gnupg/S.gpg-agent:0:1 GTK_IM_MODULE=xim GTK_MODULES=gail:atk-bridge HOME=/home/ambly IM_CONFIG_PHASE=2 LANG=en_US.UTF-8 LOGNAME=ambly PATH=/home/ambly/.local/bin:/usr/local/sbin:/usr/local/bin:/usr/sbin:/usr/bin:/sbin:/bin:/usr/games:/usr/local/games:/snap/bin PWD=/home/ambly QT4_IM_MODULE=xim QT_ACCESSIBILITY=1 QT_IM_MODULE=ibus SESSION_MANAGER=local/ubuntu:@/tmp/.ICE-unix/1420,unix/ubuntu:/tmp/.ICE-unix/1420 SHELL=/bin/bash SHLVL=0 SSH_AGENT_PID=1493 SSH_AUTH_SOCK=/run/user/1000/keyring/ssh TEXTDOMAIN=im-config TEXTDOMAINDIR=/usr/share/locale/ USER=ambly USERNAME=ambly WINDOWPATH=2 XAUTHORITY=/run/user/1000/gdm/Xauthority XDG_CONFIG_DIRS=/etc/xdg/xdg-ubuntu:/etc/xdg XDG_CURRENT_DESKTOP=ubuntu:GNOME XDG_DATA_DIRS=/usr/share/ubuntu:/usr/local/share/:/usr/share/:/var/lib/snapd/desktop XDG_MENU_PREFIX=gnome- XDG_RUNTIME_DIR=/run/user/1000 XDG_SEAT=seat0 XDG_SESSION_DESKTOP=ubuntu XDG_SESSION_ID=2 XDG_SESSION_TYPE=x11 XDG_VTNR=2 XMODIFIERS=@im=none _=/usr/bin/dbus-update-activation-environment MANAGERPID=1391 INVOCATION_ID=4dd2342874404268a51090050bc7dc8e JOURNAL_STREAM=9:51111
ambly         -  0.0    -      -     - -        Ssl  00:49   0:00 -
ambly         -  0.0    -      -     - -        Ssl  00:49   0:00 -
ambly         -  0.0    -      -     - -        Ssl  00:49   0:00 -
ambly         -  0.0    -      -     - -        Ssl  00:49   0:00 -
ambly      1630  0.0  0.3 288656  6736 ?        -    00:49   0:00 /usr/lib/gvfs/gvfs-gphoto2-volume-monitor CLUTTER_IM_MODULE=xim DBUS_SESSION_BUS_ADDRESS=unix:path=/run/user/1000/bus DESKTOP_SESSION=ubuntu DISPLAY=:0 GDMSESSION=ubuntu GNOME_DESKTOP_SESSION_ID=this-is-deprecated GNOME_SHELL_SESSION_MODE=ubuntu GPG_AGENT_INFO=/run/user/1000/gnupg/S.gpg-agent:0:1 GTK_IM_MODULE=xim GTK_MODULES=gail:atk-bridge HOME=/home/ambly IM_CONFIG_PHASE=2 LANG=en_US.UTF-8 LOGNAME=ambly PATH=/home/ambly/.local/bin:/usr/local/sbin:/usr/local/bin:/usr/sbin:/usr/bin:/sbin:/bin:/usr/games:/usr/local/games:/snap/bin PWD=/home/ambly QT4_IM_MODULE=xim QT_ACCESSIBILITY=1 QT_IM_MODULE=ibus SESSION_MANAGER=local/ubuntu:@/tmp/.ICE-unix/1420,unix/ubuntu:/tmp/.ICE-unix/1420 SHELL=/bin/bash SHLVL=0 SSH_AGENT_PID=1493 SSH_AUTH_SOCK=/run/user/1000/keyring/ssh TEXTDOMAIN=im-config TEXTDOMAINDIR=/usr/share/locale/ USER=ambly USERNAME=ambly WINDOWPATH=2 XAUTHORITY=/run/user/1000/gdm/Xauthority XDG_CONFIG_DIRS=/etc/xdg/xdg-ubuntu:/etc/xdg XDG_CURRENT_DESKTOP=ubuntu:GNOME XDG_DATA_DIRS=/usr/share/ubuntu:/usr/local/share/:/usr/share/:/var/lib/snapd/desktop XDG_MENU_PREFIX=gnome- XDG_RUNTIME_DIR=/run/user/1000 XDG_SEAT=seat0 XDG_SESSION_DESKTOP=ubuntu XDG_SESSION_ID=2 XDG_SESSION_TYPE=x11 XDG_VTNR=2 XMODIFIERS=@im=none _=/usr/bin/dbus-update-activation-environment MANAGERPID=1391 INVOCATION_ID=3ec741b077e64d4bba06066baa1a7e91 JOURNAL_STREAM=9:51163
ambly         -  0.0    -      -     - -        Ssl  00:49   0:00 -
ambly         -  0.0    -      -     - -        Ssl  00:49   0:00 -
ambly         -  0.0    -      -     - -        Ssl  00:49   0:00 -
ambly      1634  0.0  0.2 275868  4880 ?        -    00:49   0:00 /usr/lib/gvfs/gvfs-mtp-volume-monitor CLUTTER_IM_MODULE=xim DBUS_SESSION_BUS_ADDRESS=unix:path=/run/user/1000/bus DESKTOP_SESSION=ubuntu DISPLAY=:0 GDMSESSION=ubuntu GNOME_DESKTOP_SESSION_ID=this-is-deprecated GNOME_SHELL_SESSION_MODE=ubuntu GPG_AGENT_INFO=/run/user/1000/gnupg/S.gpg-agent:0:1 GTK_IM_MODULE=xim GTK_MODULES=gail:atk-bridge HOME=/home/ambly IM_CONFIG_PHASE=2 LANG=en_US.UTF-8 LOGNAME=ambly PATH=/home/ambly/.local/bin:/usr/local/sbin:/usr/local/bin:/usr/sbin:/usr/bin:/sbin:/bin:/usr/games:/usr/local/games:/snap/bin PWD=/home/ambly QT4_IM_MODULE=xim QT_ACCESSIBILITY=1 QT_IM_MODULE=ibus SESSION_MANAGER=local/ubuntu:@/tmp/.ICE-unix/1420,unix/ubuntu:/tmp/.ICE-unix/1420 SHELL=/bin/bash SHLVL=0 SSH_AGENT_PID=1493 SSH_AUTH_SOCK=/run/user/1000/keyring/ssh TEXTDOMAIN=im-config TEXTDOMAINDIR=/usr/share/locale/ USER=ambly USERNAME=ambly WINDOWPATH=2 XAUTHORITY=/run/user/1000/gdm/Xauthority XDG_CONFIG_DIRS=/etc/xdg/xdg-ubuntu:/etc/xdg XDG_CURRENT_DESKTOP=ubuntu:GNOME XDG_DATA_DIRS=/usr/share/ubuntu:/usr/local/share/:/usr/share/:/var/lib/snapd/desktop XDG_MENU_PREFIX=gnome- XDG_RUNTIME_DIR=/run/user/1000 XDG_SEAT=seat0 XDG_SESSION_DESKTOP=ubuntu XDG_SESSION_ID=2 XDG_SESSION_TYPE=x11 XDG_VTNR=2 XMODIFIERS=@im=none _=/usr/bin/dbus-update-activation-environment MANAGERPID=1391 INVOCATION_ID=40d6a2732e894a1db1d4e1aa553887f7 JOURNAL_STREAM=9:51208
ambly         -  0.0    -      -     - -        Ssl  00:49   0:00 -
ambly         -  0.0    -      -     - -        Ssl  00:49   0:00 -
ambly         -  0.0    -      -     - -        Ssl  00:49   0:00 -
ambly      1638  0.0  1.0 590976 21988 tty2     -    00:49   0:00 /usr/lib/gnome-settings-daemon/gsd-power USER=ambly TEXTDOMAIN=im-config XDG_SEAT=seat0 XDG_SESSION_TYPE=x11 SSH_AGENT_PID=1493 SHLVL=0 QT4_IM_MODULE=xim HOME=/home/ambly DESKTOP_SESSION=ubuntu GTK_MODULES=gail:atk-bridge GNOME_SHELL_SESSION_MODE=ubuntu DBUS_SESSION_BUS_ADDRESS=unix:path=/run/user/1000/bus IM_CONFIG_PHASE=2 LOGNAME=ambly GTK_IM_MODULE=xim USERNAME=ambly XDG_SESSION_ID=2 WINDOWPATH=2 PATH=/home/ambly/.local/bin:/usr/local/sbin:/usr/local/bin:/usr/sbin:/usr/bin:/sbin:/bin:/usr/games:/usr/local/games:/snap/bin XDG_RUNTIME_DIR=/run/user/1000 DISPLAY=:0 LANG=en_US.UTF-8 XDG_CURRENT_DESKTOP=ubuntu:GNOME XDG_SESSION_DESKTOP=ubuntu XMODIFIERS=@im=none XAUTHORITY=/run/user/1000/gdm/Xauthority SSH_AUTH_SOCK=/run/user/1000/keyring/ssh SHELL=/bin/bash QT_ACCESSIBILITY=1 GDMSESSION=ubuntu TEXTDOMAINDIR=/usr/share/locale/ GPG_AGENT_INFO=/run/user/1000/gnupg/S.gpg-agent:0:1 XDG_VTNR=2 PWD=/home/ambly CLUTTER_IM_MODULE=xim XDG_DATA_DIRS=/usr/share/ubuntu:/usr/local/share/:/usr/share/:/var/lib/snapd/desktop XDG_CONFIG_DIRS=/etc/xdg/xdg-ubuntu:/etc/xdg QT_IM_MODULE=ibus GNOME_DESKTOP_SESSION_ID=this-is-deprecated XDG_MENU_PREFIX=gnome- SESSION_MANAGER=local/ubuntu:@/tmp/.ICE-unix/1420,unix/ubuntu:/tmp/.ICE-unix/1420 DESKTOP_AUTOSTART_ID=10ea5fee3bfcdfe5b0158909698540418500000014200009 GIO_LAUNCHED_DESKTOP_FILE=/etc/xdg/autostart/org.gnome.SettingsDaemon.Power.desktop GIO_LAUNCHED_DESKTOP_FILE_PID=1638
ambly         -  0.0    -      -     - -        Sl+  00:49   0:00 -
ambly         -  0.0    -      -     - -        Sl+  00:49   0:00 -
ambly         -  0.0    -      -     - -        Sl+  00:49   0:00 -
ambly         -  0.0    -      -     - -        Sl+  00:49   0:00 -
ambly      1639  0.0  0.4 349332  9792 tty2     -    00:49   0:00 /usr/lib/gnome-settings-daemon/gsd-print-notifications USER=ambly TEXTDOMAIN=im-config XDG_SEAT=seat0 XDG_SESSION_TYPE=x11 SSH_AGENT_PID=1493 SHLVL=0 QT4_IM_MODULE=xim HOME=/home/ambly DESKTOP_SESSION=ubuntu GTK_MODULES=gail:atk-bridge GNOME_SHELL_SESSION_MODE=ubuntu DBUS_SESSION_BUS_ADDRESS=unix:path=/run/user/1000/bus IM_CONFIG_PHASE=2 LOGNAME=ambly GTK_IM_MODULE=xim USERNAME=ambly XDG_SESSION_ID=2 WINDOWPATH=2 PATH=/home/ambly/.local/bin:/usr/local/sbin:/usr/local/bin:/usr/sbin:/usr/bin:/sbin:/bin:/usr/games:/usr/local/games:/snap/bin XDG_RUNTIME_DIR=/run/user/1000 DISPLAY=:0 LANG=en_US.UTF-8 XDG_CURRENT_DESKTOP=ubuntu:GNOME XDG_SESSION_DESKTOP=ubuntu XMODIFIERS=@im=none XAUTHORITY=/run/user/1000/gdm/Xauthority SSH_AUTH_SOCK=/run/user/1000/keyring/ssh SHELL=/bin/bash QT_ACCESSIBILITY=1 GDMSESSION=ubuntu TEXTDOMAINDIR=/usr/share/locale/ GPG_AGENT_INFO=/run/user/1000/gnupg/S.gpg-agent:0:1 XDG_VTNR=2 PWD=/home/ambly CLUTTER_IM_MODULE=xim XDG_DATA_DIRS=/usr/share/ubuntu:/usr/local/share/:/usr/share/:/var/lib/snapd/desktop XDG_CONFIG_DIRS=/etc/xdg/xdg-ubuntu:/etc/xdg QT_IM_MODULE=ibus GNOME_DESKTOP_SESSION_ID=this-is-deprecated XDG_MENU_PREFIX=gnome- SESSION_MANAGER=local/ubuntu:@/tmp/.ICE-unix/1420,unix/ubuntu:/tmp/.ICE-unix/1420 DESKTOP_AUTOSTART_ID=10ea5fee3bfcdfe5b0158909698540434300000014200010 GIO_LAUNCHED_DESKTOP_FILE=/etc/xdg/autostart/org.gnome.SettingsDaemon.PrintNotifications.desktop GIO_LAUNCHED_DESKTOP_FILE_PID=1639
ambly         -  0.0    -      -     - -        Sl+  00:49   0:00 -
ambly         -  0.0    -      -     - -        Sl+  00:49   0:00 -
ambly         -  0.0    -      -     - -        Sl+  00:49   0:00 -
ambly      1641  0.0  0.2 423212  5820 tty2     -    00:49   0:00 /usr/lib/gnome-settings-daemon/gsd-rfkill USER=ambly TEXTDOMAIN=im-config XDG_SEAT=seat0 XDG_SESSION_TYPE=x11 SSH_AGENT_PID=1493 SHLVL=0 QT4_IM_MODULE=xim HOME=/home/ambly DESKTOP_SESSION=ubuntu GTK_MODULES=gail:atk-bridge GNOME_SHELL_SESSION_MODE=ubuntu DBUS_SESSION_BUS_ADDRESS=unix:path=/run/user/1000/bus IM_CONFIG_PHASE=2 LOGNAME=ambly GTK_IM_MODULE=xim USERNAME=ambly XDG_SESSION_ID=2 WINDOWPATH=2 PATH=/home/ambly/.local/bin:/usr/local/sbin:/usr/local/bin:/usr/sbin:/usr/bin:/sbin:/bin:/usr/games:/usr/local/games:/snap/bin XDG_RUNTIME_DIR=/run/user/1000 DISPLAY=:0 LANG=en_US.UTF-8 XDG_CURRENT_DESKTOP=ubuntu:GNOME XDG_SESSION_DESKTOP=ubuntu XMODIFIERS=@im=none XAUTHORITY=/run/user/1000/gdm/Xauthority SSH_AUTH_SOCK=/run/user/1000/keyring/ssh SHELL=/bin/bash QT_ACCESSIBILITY=1 GDMSESSION=ubuntu TEXTDOMAINDIR=/usr/share/locale/ GPG_AGENT_INFO=/run/user/1000/gnupg/S.gpg-agent:0:1 XDG_VTNR=2 PWD=/home/ambly CLUTTER_IM_MODULE=xim XDG_DATA_DIRS=/usr/share/ubuntu:/usr/local/share/:/usr/share/:/var/lib/snapd/desktop XDG_CONFIG_DIRS=/etc/xdg/xdg-ubuntu:/etc/xdg QT_IM_MODULE=ibus GNOME_DESKTOP_SESSION_ID=this-is-deprecated XDG_MENU_PREFIX=gnome- SESSION_MANAGER=local/ubuntu:@/tmp/.ICE-unix/1420,unix/ubuntu:/tmp/.ICE-unix/1420 DESKTOP_AUTOSTART_ID=10ea5fee3bfcdfe5b0158909698540452200000014200011 GIO_LAUNCHED_DESKTOP_FILE=/etc/xdg/autostart/org.gnome.SettingsDaemon.Rfkill.desktop GIO_LAUNCHED_DESKTOP_FILE_PID=1641
ambly         -  0.0    -      -     - -        Sl+  00:49   0:00 -
ambly         -  0.0    -      -     - -        Sl+  00:49   0:00 -
ambly         -  0.0    -      -     - -        Sl+  00:49   0:00 -
ambly      1642  0.0  0.2 275732  4724 tty2     -    00:49   0:00 /usr/lib/gnome-settings-daemon/gsd-screensaver-proxy USER=ambly TEXTDOMAIN=im-config XDG_SEAT=seat0 XDG_SESSION_TYPE=x11 SSH_AGENT_PID=1493 SHLVL=0 QT4_IM_MODULE=xim HOME=/home/ambly DESKTOP_SESSION=ubuntu GTK_MODULES=gail:atk-bridge GNOME_SHELL_SESSION_MODE=ubuntu DBUS_SESSION_BUS_ADDRESS=unix:path=/run/user/1000/bus IM_CONFIG_PHASE=2 LOGNAME=ambly GTK_IM_MODULE=xim USERNAME=ambly XDG_SESSION_ID=2 WINDOWPATH=2 PATH=/home/ambly/.local/bin:/usr/local/sbin:/usr/local/bin:/usr/sbin:/usr/bin:/sbin:/bin:/usr/games:/usr/local/games:/snap/bin XDG_RUNTIME_DIR=/run/user/1000 DISPLAY=:0 LANG=en_US.UTF-8 XDG_CURRENT_DESKTOP=ubuntu:GNOME XDG_SESSION_DESKTOP=ubuntu XMODIFIERS=@im=none XAUTHORITY=/run/user/1000/gdm/Xauthority SSH_AUTH_SOCK=/run/user/1000/keyring/ssh SHELL=/bin/bash QT_ACCESSIBILITY=1 GDMSESSION=ubuntu TEXTDOMAINDIR=/usr/share/locale/ GPG_AGENT_INFO=/run/user/1000/gnupg/S.gpg-agent:0:1 XDG_VTNR=2 PWD=/home/ambly CLUTTER_IM_MODULE=xim XDG_DATA_DIRS=/usr/share/ubuntu:/usr/local/share/:/usr/share/:/var/lib/snapd/desktop XDG_CONFIG_DIRS=/etc/xdg/xdg-ubuntu:/etc/xdg QT_IM_MODULE=ibus GNOME_DESKTOP_SESSION_ID=this-is-deprecated XDG_MENU_PREFIX=gnome- SESSION_MANAGER=local/ubuntu:@/tmp/.ICE-unix/1420,unix/ubuntu:/tmp/.ICE-unix/1420 DESKTOP_AUTOSTART_ID=10ea5fee3bfcdfe5b0158909698540465600000014200012 GIO_LAUNCHED_DESKTOP_FILE=/etc/xdg/autostart/org.gnome.SettingsDaemon.ScreensaverProxy.desktop GIO_LAUNCHED_DESKTOP_FILE_PID=1642
ambly         -  0.0    -      -     - -        Sl+  00:49   0:00 -
ambly         -  0.0    -      -     - -        Sl+  00:49   0:00 -
ambly         -  0.0    -      -     - -        Sl+  00:49   0:00 -
ambly      1643  0.0  0.4 452848  9404 tty2     -    00:49   0:00 /usr/lib/gnome-settings-daemon/gsd-sharing USER=ambly TEXTDOMAIN=im-config XDG_SEAT=seat0 XDG_SESSION_TYPE=x11 SSH_AGENT_PID=1493 SHLVL=0 QT4_IM_MODULE=xim HOME=/home/ambly DESKTOP_SESSION=ubuntu GTK_MODULES=gail:atk-bridge GNOME_SHELL_SESSION_MODE=ubuntu DBUS_SESSION_BUS_ADDRESS=unix:path=/run/user/1000/bus IM_CONFIG_PHASE=2 LOGNAME=ambly GTK_IM_MODULE=xim USERNAME=ambly XDG_SESSION_ID=2 WINDOWPATH=2 PATH=/home/ambly/.local/bin:/usr/local/sbin:/usr/local/bin:/usr/sbin:/usr/bin:/sbin:/bin:/usr/games:/usr/local/games:/snap/bin XDG_RUNTIME_DIR=/run/user/1000 DISPLAY=:0 LANG=en_US.UTF-8 XDG_CURRENT_DESKTOP=ubuntu:GNOME XDG_SESSION_DESKTOP=ubuntu XMODIFIERS=@im=none XAUTHORITY=/run/user/1000/gdm/Xauthority SSH_AUTH_SOCK=/run/user/1000/keyring/ssh SHELL=/bin/bash QT_ACCESSIBILITY=1 GDMSESSION=ubuntu TEXTDOMAINDIR=/usr/share/locale/ GPG_AGENT_INFO=/run/user/1000/gnupg/S.gpg-agent:0:1 XDG_VTNR=2 PWD=/home/ambly CLUTTER_IM_MODULE=xim XDG_DATA_DIRS=/usr/share/ubuntu:/usr/local/share/:/usr/share/:/var/lib/snapd/desktop XDG_CONFIG_DIRS=/etc/xdg/xdg-ubuntu:/etc/xdg QT_IM_MODULE=ibus GNOME_DESKTOP_SESSION_ID=this-is-deprecated XDG_MENU_PREFIX=gnome- SESSION_MANAGER=local/ubuntu:@/tmp/.ICE-unix/1420,unix/ubuntu:/tmp/.ICE-unix/1420 DESKTOP_AUTOSTART_ID=10ea5fee3bfcdfe5b0158909698540475800000014200013 GIO_LAUNCHED_DESKTOP_FILE=/etc/xdg/autostart/org.gnome.SettingsDaemon.Sharing.desktop GIO_LAUNCHED_DESKTOP_FILE_PID=1643
ambly         -  0.0    -      -     - -        Sl+  00:49   0:00 -
ambly         -  0.0    -      -     - -        Sl+  00:49   0:00 -
ambly         -  0.0    -      -     - -        Sl+  00:49   0:00 -
ambly         -  0.0    -      -     - -        Sl+  00:49   0:00 -
ambly      1644  0.0  0.3 451676  7824 tty2     -    00:49   0:00 /usr/lib/gnome-settings-daemon/gsd-smartcard USER=ambly TEXTDOMAIN=im-config XDG_SEAT=seat0 XDG_SESSION_TYPE=x11 SSH_AGENT_PID=1493 SHLVL=0 QT4_IM_MODULE=xim HOME=/home/ambly DESKTOP_SESSION=ubuntu GTK_MODULES=gail:atk-bridge GNOME_SHELL_SESSION_MODE=ubuntu DBUS_SESSION_BUS_ADDRESS=unix:path=/run/user/1000/bus IM_CONFIG_PHASE=2 LOGNAME=ambly GTK_IM_MODULE=xim USERNAME=ambly XDG_SESSION_ID=2 WINDOWPATH=2 PATH=/home/ambly/.local/bin:/usr/local/sbin:/usr/local/bin:/usr/sbin:/usr/bin:/sbin:/bin:/usr/games:/usr/local/games:/snap/bin XDG_RUNTIME_DIR=/run/user/1000 DISPLAY=:0 LANG=en_US.UTF-8 XDG_CURRENT_DESKTOP=ubuntu:GNOME XDG_SESSION_DESKTOP=ubuntu XMODIFIERS=@im=none XAUTHORITY=/run/user/1000/gdm/Xauthority SSH_AUTH_SOCK=/run/user/1000/keyring/ssh SHELL=/bin/bash QT_ACCESSIBILITY=1 GDMSESSION=ubuntu TEXTDOMAINDIR=/usr/share/locale/ GPG_AGENT_INFO=/run/user/1000/gnupg/S.gpg-agent:0:1 XDG_VTNR=2 PWD=/home/ambly CLUTTER_IM_MODULE=xim XDG_DATA_DIRS=/usr/share/ubuntu:/usr/local/share/:/usr/share/:/var/lib/snapd/desktop XDG_CONFIG_DIRS=/etc/xdg/xdg-ubuntu:/etc/xdg QT_IM_MODULE=ibus GNOME_DESKTOP_SESSION_ID=this-is-deprecated XDG_MENU_PREFIX=gnome- SESSION_MANAGER=local/ubuntu:@/tmp/.ICE-unix/1420,unix/ubuntu:/tmp/.ICE-unix/1420 DESKTOP_AUTOSTART_ID=10ea5fee3bfcdfe5b0158909698540485600000014200014 GIO_LAUNCHED_DESKTOP_FILE=/etc/xdg/autostart/org.gnome.SettingsDaemon.Smartcard.desktop GIO_LAUNCHED_DESKTOP_FILE_PID=1644
ambly         -  0.0    -      -     - -        Sl+  00:49   0:00 -
ambly         -  0.0    -      -     - -        Sl+  00:49   0:00 -
ambly         -  0.0    -      -     - -        Sl+  00:49   0:00 -
ambly         -  0.0    -      -     - -        Sl+  00:49   0:00 -
ambly         -  0.0    -      -     - -        Sl+  00:49   0:00 -
ambly      1645  0.0  0.3 332872  7892 tty2     -    00:49   0:00 /usr/lib/gnome-settings-daemon/gsd-sound USER=ambly TEXTDOMAIN=im-config XDG_SEAT=seat0 XDG_SESSION_TYPE=x11 SSH_AGENT_PID=1493 SHLVL=0 QT4_IM_MODULE=xim HOME=/home/ambly DESKTOP_SESSION=ubuntu GTK_MODULES=gail:atk-bridge GNOME_SHELL_SESSION_MODE=ubuntu DBUS_SESSION_BUS_ADDRESS=unix:path=/run/user/1000/bus IM_CONFIG_PHASE=2 LOGNAME=ambly GTK_IM_MODULE=xim USERNAME=ambly XDG_SESSION_ID=2 WINDOWPATH=2 PATH=/home/ambly/.local/bin:/usr/local/sbin:/usr/local/bin:/usr/sbin:/usr/bin:/sbin:/bin:/usr/games:/usr/local/games:/snap/bin XDG_RUNTIME_DIR=/run/user/1000 DISPLAY=:0 LANG=en_US.UTF-8 XDG_CURRENT_DESKTOP=ubuntu:GNOME XDG_SESSION_DESKTOP=ubuntu XMODIFIERS=@im=none XAUTHORITY=/run/user/1000/gdm/Xauthority SSH_AUTH_SOCK=/run/user/1000/keyring/ssh SHELL=/bin/bash QT_ACCESSIBILITY=1 GDMSESSION=ubuntu TEXTDOMAINDIR=/usr/share/locale/ GPG_AGENT_INFO=/run/user/1000/gnupg/S.gpg-agent:0:1 XDG_VTNR=2 PWD=/home/ambly CLUTTER_IM_MODULE=xim XDG_DATA_DIRS=/usr/share/ubuntu:/usr/local/share/:/usr/share/:/var/lib/snapd/desktop XDG_CONFIG_DIRS=/etc/xdg/xdg-ubuntu:/etc/xdg QT_IM_MODULE=ibus GNOME_DESKTOP_SESSION_ID=this-is-deprecated XDG_MENU_PREFIX=gnome- SESSION_MANAGER=local/ubuntu:@/tmp/.ICE-unix/1420,unix/ubuntu:/tmp/.ICE-unix/1420 DESKTOP_AUTOSTART_ID=10ea5fee3bfcdfe5b0158909698540497100000014200015 GIO_LAUNCHED_DESKTOP_FILE=/etc/xdg/autostart/org.gnome.SettingsDaemon.Sound.desktop GIO_LAUNCHED_DESKTOP_FILE_PID=1645
ambly         -  0.0    -      -     - -        Sl+  00:49   0:00 -
ambly         -  0.0    -      -     - -        Sl+  00:49   0:00 -
ambly         -  0.0    -      -     - -        Sl+  00:49   0:00 -
ambly         -  0.0    -      -     - -        Sl+  00:49   0:00 -
ambly      1649  0.0  1.0 494620 21760 tty2     -    00:49   0:00 /usr/lib/gnome-settings-daemon/gsd-xsettings USER=ambly TEXTDOMAIN=im-config XDG_SEAT=seat0 XDG_SESSION_TYPE=x11 SSH_AGENT_PID=1493 SHLVL=0 QT4_IM_MODULE=xim HOME=/home/ambly DESKTOP_SESSION=ubuntu GTK_MODULES=gail:atk-bridge GNOME_SHELL_SESSION_MODE=ubuntu DBUS_SESSION_BUS_ADDRESS=unix:path=/run/user/1000/bus IM_CONFIG_PHASE=2 LOGNAME=ambly GTK_IM_MODULE=xim USERNAME=ambly XDG_SESSION_ID=2 WINDOWPATH=2 PATH=/home/ambly/.local/bin:/usr/local/sbin:/usr/local/bin:/usr/sbin:/usr/bin:/sbin:/bin:/usr/games:/usr/local/games:/snap/bin XDG_RUNTIME_DIR=/run/user/1000 DISPLAY=:0 LANG=en_US.UTF-8 XDG_CURRENT_DESKTOP=ubuntu:GNOME XDG_SESSION_DESKTOP=ubuntu XMODIFIERS=@im=none XAUTHORITY=/run/user/1000/gdm/Xauthority SSH_AUTH_SOCK=/run/user/1000/keyring/ssh SHELL=/bin/bash QT_ACCESSIBILITY=1 GDMSESSION=ubuntu TEXTDOMAINDIR=/usr/share/locale/ GPG_AGENT_INFO=/run/user/1000/gnupg/S.gpg-agent:0:1 XDG_VTNR=2 PWD=/home/ambly CLUTTER_IM_MODULE=xim XDG_DATA_DIRS=/usr/share/ubuntu:/usr/local/share/:/usr/share/:/var/lib/snapd/desktop XDG_CONFIG_DIRS=/etc/xdg/xdg-ubuntu:/etc/xdg QT_IM_MODULE=ibus GNOME_DESKTOP_SESSION_ID=this-is-deprecated XDG_MENU_PREFIX=gnome- SESSION_MANAGER=local/ubuntu:@/tmp/.ICE-unix/1420,unix/ubuntu:/tmp/.ICE-unix/1420 DESKTOP_AUTOSTART_ID=10ea5fee3bfcdfe5b0158909698540519100000014200017 GIO_LAUNCHED_DESKTOP_FILE=/etc/xdg/autostart/org.gnome.SettingsDaemon.XSettings.desktop GIO_LAUNCHED_DESKTOP_FILE_PID=1649
ambly         -  0.0    -      -     - -        Sl+  00:49   0:00 -
ambly         -  0.0    -      -     - -        Sl+  00:49   0:00 -
ambly         -  0.0    -      -     - -        Sl+  00:49   0:00 -
ambly         -  0.0    -      -     - -        Sl+  00:49   0:00 -
ambly      1652  0.0  1.0 428576 20720 tty2     -    00:49   0:00 /usr/lib/gnome-settings-daemon/gsd-wacom USER=ambly TEXTDOMAIN=im-config XDG_SEAT=seat0 XDG_SESSION_TYPE=x11 SSH_AGENT_PID=1493 SHLVL=0 QT4_IM_MODULE=xim HOME=/home/ambly DESKTOP_SESSION=ubuntu GTK_MODULES=gail:atk-bridge GNOME_SHELL_SESSION_MODE=ubuntu DBUS_SESSION_BUS_ADDRESS=unix:path=/run/user/1000/bus IM_CONFIG_PHASE=2 LOGNAME=ambly GTK_IM_MODULE=xim USERNAME=ambly XDG_SESSION_ID=2 WINDOWPATH=2 PATH=/home/ambly/.local/bin:/usr/local/sbin:/usr/local/bin:/usr/sbin:/usr/bin:/sbin:/bin:/usr/games:/usr/local/games:/snap/bin XDG_RUNTIME_DIR=/run/user/1000 DISPLAY=:0 LANG=en_US.UTF-8 XDG_CURRENT_DESKTOP=ubuntu:GNOME XDG_SESSION_DESKTOP=ubuntu XMODIFIERS=@im=none XAUTHORITY=/run/user/1000/gdm/Xauthority SSH_AUTH_SOCK=/run/user/1000/keyring/ssh SHELL=/bin/bash QT_ACCESSIBILITY=1 GDMSESSION=ubuntu TEXTDOMAINDIR=/usr/share/locale/ GPG_AGENT_INFO=/run/user/1000/gnupg/S.gpg-agent:0:1 XDG_VTNR=2 PWD=/home/ambly CLUTTER_IM_MODULE=xim XDG_DATA_DIRS=/usr/share/ubuntu:/usr/local/share/:/usr/share/:/var/lib/snapd/desktop XDG_CONFIG_DIRS=/etc/xdg/xdg-ubuntu:/etc/xdg QT_IM_MODULE=ibus GNOME_DESKTOP_SESSION_ID=this-is-deprecated XDG_MENU_PREFIX=gnome- SESSION_MANAGER=local/ubuntu:@/tmp/.ICE-unix/1420,unix/ubuntu:/tmp/.ICE-unix/1420 DESKTOP_AUTOSTART_ID=10ea5fee3bfcdfe5b0158909698540507600000014200016 GIO_LAUNCHED_DESKTOP_FILE=/etc/xdg/autostart/org.gnome.SettingsDaemon.Wacom.desktop GIO_LAUNCHED_DESKTOP_FILE_PID=1652
ambly         -  0.0    -      -     - -        Sl+  00:49   0:00 -
ambly         -  0.0    -      -     - -        Sl+  00:49   0:00 -
ambly         -  0.0    -      -     - -        Sl+  00:49   0:00 -
ambly      1665  0.0  0.2 278160  5948 tty2     -    00:49   0:00 /usr/lib/gnome-settings-daemon/gsd-a11y-settings USER=ambly TEXTDOMAIN=im-config XDG_SEAT=seat0 XDG_SESSION_TYPE=x11 SSH_AGENT_PID=1493 SHLVL=0 QT4_IM_MODULE=xim HOME=/home/ambly DESKTOP_SESSION=ubuntu GTK_MODULES=gail:atk-bridge GNOME_SHELL_SESSION_MODE=ubuntu DBUS_SESSION_BUS_ADDRESS=unix:path=/run/user/1000/bus IM_CONFIG_PHASE=2 LOGNAME=ambly GTK_IM_MODULE=xim USERNAME=ambly XDG_SESSION_ID=2 WINDOWPATH=2 PATH=/home/ambly/.local/bin:/usr/local/sbin:/usr/local/bin:/usr/sbin:/usr/bin:/sbin:/bin:/usr/games:/usr/local/games:/snap/bin XDG_RUNTIME_DIR=/run/user/1000 DISPLAY=:0 LANG=en_US.UTF-8 XDG_CURRENT_DESKTOP=ubuntu:GNOME XDG_SESSION_DESKTOP=ubuntu XMODIFIERS=@im=none XAUTHORITY=/run/user/1000/gdm/Xauthority SSH_AUTH_SOCK=/run/user/1000/keyring/ssh SHELL=/bin/bash QT_ACCESSIBILITY=1 GDMSESSION=ubuntu TEXTDOMAINDIR=/usr/share/locale/ GPG_AGENT_INFO=/run/user/1000/gnupg/S.gpg-agent:0:1 XDG_VTNR=2 PWD=/home/ambly CLUTTER_IM_MODULE=xim XDG_DATA_DIRS=/usr/share/ubuntu:/usr/local/share/:/usr/share/:/var/lib/snapd/desktop XDG_CONFIG_DIRS=/etc/xdg/xdg-ubuntu:/etc/xdg QT_IM_MODULE=ibus GNOME_DESKTOP_SESSION_ID=this-is-deprecated XDG_MENU_PREFIX=gnome- SESSION_MANAGER=local/ubuntu:@/tmp/.ICE-unix/1420,unix/ubuntu:/tmp/.ICE-unix/1420 DESKTOP_AUTOSTART_ID=10ea5fee3bfcdfe5b0158909698540331300000014200001 GIO_LAUNCHED_DESKTOP_FILE=/etc/xdg/autostart/org.gnome.SettingsDaemon.A11ySettings.desktop GIO_LAUNCHED_DESKTOP_FILE_PID=1665
ambly         -  0.0    -      -     - -        Sl+  00:49   0:00 -
ambly         -  0.0    -      -     - -        Sl+  00:49   0:00 -
ambly         -  0.0    -      -     - -        Sl+  00:49   0:00 -
ambly         -  0.0    -      -     - -        Sl+  00:49   0:00 -
ambly      1666  0.0  1.0 343616 20092 tty2     -    00:49   0:00 /usr/lib/gnome-settings-daemon/gsd-clipboard USER=ambly TEXTDOMAIN=im-config XDG_SEAT=seat0 XDG_SESSION_TYPE=x11 SSH_AGENT_PID=1493 SHLVL=0 QT4_IM_MODULE=xim HOME=/home/ambly DESKTOP_SESSION=ubuntu GTK_MODULES=gail:atk-bridge GNOME_SHELL_SESSION_MODE=ubuntu DBUS_SESSION_BUS_ADDRESS=unix:path=/run/user/1000/bus IM_CONFIG_PHASE=2 LOGNAME=ambly GTK_IM_MODULE=xim USERNAME=ambly XDG_SESSION_ID=2 WINDOWPATH=2 PATH=/home/ambly/.local/bin:/usr/local/sbin:/usr/local/bin:/usr/sbin:/usr/bin:/sbin:/bin:/usr/games:/usr/local/games:/snap/bin XDG_RUNTIME_DIR=/run/user/1000 DISPLAY=:0 LANG=en_US.UTF-8 XDG_CURRENT_DESKTOP=ubuntu:GNOME XDG_SESSION_DESKTOP=ubuntu XMODIFIERS=@im=none XAUTHORITY=/run/user/1000/gdm/Xauthority SSH_AUTH_SOCK=/run/user/1000/keyring/ssh SHELL=/bin/bash QT_ACCESSIBILITY=1 GDMSESSION=ubuntu TEXTDOMAINDIR=/usr/share/locale/ GPG_AGENT_INFO=/run/user/1000/gnupg/S.gpg-agent:0:1 XDG_VTNR=2 PWD=/home/ambly CLUTTER_IM_MODULE=xim XDG_DATA_DIRS=/usr/share/ubuntu:/usr/local/share/:/usr/share/:/var/lib/snapd/desktop XDG_CONFIG_DIRS=/etc/xdg/xdg-ubuntu:/etc/xdg QT_IM_MODULE=ibus GNOME_DESKTOP_SESSION_ID=this-is-deprecated XDG_MENU_PREFIX=gnome- SESSION_MANAGER=local/ubuntu:@/tmp/.ICE-unix/1420,unix/ubuntu:/tmp/.ICE-unix/1420 DESKTOP_AUTOSTART_ID=10ea5fee3bfcdfe5b0158909698540342600000014200002 GIO_LAUNCHED_DESKTOP_FILE=/etc/xdg/autostart/org.gnome.SettingsDaemon.Clipboard.desktop GIO_LAUNCHED_DESKTOP_FILE_PID=1666
ambly         -  0.0    -      -     - -        Sl+  00:49   0:00 -
ambly         -  0.0    -      -     - -        Sl+  00:49   0:00 -
ambly         -  0.0    -      -     - -        Sl+  00:49   0:00 -
ambly      1669  0.0  1.0 658780 21496 tty2     -    00:49   0:00 /usr/lib/gnome-settings-daemon/gsd-color USER=ambly TEXTDOMAIN=im-config XDG_SEAT=seat0 XDG_SESSION_TYPE=x11 SSH_AGENT_PID=1493 SHLVL=0 QT4_IM_MODULE=xim HOME=/home/ambly DESKTOP_SESSION=ubuntu GTK_MODULES=gail:atk-bridge GNOME_SHELL_SESSION_MODE=ubuntu DBUS_SESSION_BUS_ADDRESS=unix:path=/run/user/1000/bus IM_CONFIG_PHASE=2 LOGNAME=ambly GTK_IM_MODULE=xim USERNAME=ambly XDG_SESSION_ID=2 WINDOWPATH=2 PATH=/home/ambly/.local/bin:/usr/local/sbin:/usr/local/bin:/usr/sbin:/usr/bin:/sbin:/bin:/usr/games:/usr/local/games:/snap/bin XDG_RUNTIME_DIR=/run/user/1000 DISPLAY=:0 LANG=en_US.UTF-8 XDG_CURRENT_DESKTOP=ubuntu:GNOME XDG_SESSION_DESKTOP=ubuntu XMODIFIERS=@im=none XAUTHORITY=/run/user/1000/gdm/Xauthority SSH_AUTH_SOCK=/run/user/1000/keyring/ssh SHELL=/bin/bash QT_ACCESSIBILITY=1 GDMSESSION=ubuntu TEXTDOMAINDIR=/usr/share/locale/ GPG_AGENT_INFO=/run/user/1000/gnupg/S.gpg-agent:0:1 XDG_VTNR=2 PWD=/home/ambly CLUTTER_IM_MODULE=xim XDG_DATA_DIRS=/usr/share/ubuntu:/usr/local/share/:/usr/share/:/var/lib/snapd/desktop XDG_CONFIG_DIRS=/etc/xdg/xdg-ubuntu:/etc/xdg QT_IM_MODULE=ibus GNOME_DESKTOP_SESSION_ID=this-is-deprecated XDG_MENU_PREFIX=gnome- SESSION_MANAGER=local/ubuntu:@/tmp/.ICE-unix/1420,unix/ubuntu:/tmp/.ICE-unix/1420 DESKTOP_AUTOSTART_ID=10ea5fee3bfcdfe5b0158909698540352700000014200003 GIO_LAUNCHED_DESKTOP_FILE=/etc/xdg/autostart/org.gnome.SettingsDaemon.Color.desktop GIO_LAUNCHED_DESKTOP_FILE_PID=1669
ambly         -  0.0    -      -     - -        Sl+  00:49   0:00 -
ambly         -  0.0    -      -     - -        Sl+  00:49   0:00 -
ambly         -  0.0    -      -     - -        Sl+  00:49   0:00 -
ambly         -  0.0    -      -     - -        Sl+  00:49   0:00 -
ambly      1672  0.0  0.6 469752 13556 tty2     -    00:49   0:00 /usr/lib/gnome-settings-daemon/gsd-datetime USER=ambly TEXTDOMAIN=im-config XDG_SEAT=seat0 XDG_SESSION_TYPE=x11 SSH_AGENT_PID=1493 SHLVL=0 QT4_IM_MODULE=xim HOME=/home/ambly DESKTOP_SESSION=ubuntu GTK_MODULES=gail:atk-bridge GNOME_SHELL_SESSION_MODE=ubuntu DBUS_SESSION_BUS_ADDRESS=unix:path=/run/user/1000/bus IM_CONFIG_PHASE=2 LOGNAME=ambly GTK_IM_MODULE=xim USERNAME=ambly XDG_SESSION_ID=2 WINDOWPATH=2 PATH=/home/ambly/.local/bin:/usr/local/sbin:/usr/local/bin:/usr/sbin:/usr/bin:/sbin:/bin:/usr/games:/usr/local/games:/snap/bin XDG_RUNTIME_DIR=/run/user/1000 DISPLAY=:0 LANG=en_US.UTF-8 XDG_CURRENT_DESKTOP=ubuntu:GNOME XDG_SESSION_DESKTOP=ubuntu XMODIFIERS=@im=none XAUTHORITY=/run/user/1000/gdm/Xauthority SSH_AUTH_SOCK=/run/user/1000/keyring/ssh SHELL=/bin/bash QT_ACCESSIBILITY=1 GDMSESSION=ubuntu TEXTDOMAINDIR=/usr/share/locale/ GPG_AGENT_INFO=/run/user/1000/gnupg/S.gpg-agent:0:1 XDG_VTNR=2 PWD=/home/ambly CLUTTER_IM_MODULE=xim XDG_DATA_DIRS=/usr/share/ubuntu:/usr/local/share/:/usr/share/:/var/lib/snapd/desktop XDG_CONFIG_DIRS=/etc/xdg/xdg-ubuntu:/etc/xdg QT_IM_MODULE=ibus GNOME_DESKTOP_SESSION_ID=this-is-deprecated XDG_MENU_PREFIX=gnome- SESSION_MANAGER=local/ubuntu:@/tmp/.ICE-unix/1420,unix/ubuntu:/tmp/.ICE-unix/1420 DESKTOP_AUTOSTART_ID=10ea5fee3bfcdfe5b0158909698540363400000014200004 GIO_LAUNCHED_DESKTOP_FILE=/etc/xdg/autostart/org.gnome.SettingsDaemon.Datetime.desktop GIO_LAUNCHED_DESKTOP_FILE_PID=1672
ambly         -  0.0    -      -     - -        Sl+  00:49   0:00 -
ambly         -  0.0    -      -     - -        Sl+  00:49   0:00 -
ambly         -  0.0    -      -     - -        Sl+  00:49   0:00 -
ambly         -  0.0    -      -     - -        Sl+  00:49   0:00 -
ambly      1677  0.0  0.3 364456  7032 tty2     -    00:49   0:00 /usr/lib/gnome-settings-daemon/gsd-housekeeping USER=ambly TEXTDOMAIN=im-config XDG_SEAT=seat0 XDG_SESSION_TYPE=x11 SSH_AGENT_PID=1493 SHLVL=0 QT4_IM_MODULE=xim HOME=/home/ambly DESKTOP_SESSION=ubuntu GTK_MODULES=gail:atk-bridge GNOME_SHELL_SESSION_MODE=ubuntu DBUS_SESSION_BUS_ADDRESS=unix:path=/run/user/1000/bus IM_CONFIG_PHASE=2 LOGNAME=ambly GTK_IM_MODULE=xim USERNAME=ambly XDG_SESSION_ID=2 WINDOWPATH=2 PATH=/home/ambly/.local/bin:/usr/local/sbin:/usr/local/bin:/usr/sbin:/usr/bin:/sbin:/bin:/usr/games:/usr/local/games:/snap/bin XDG_RUNTIME_DIR=/run/user/1000 DISPLAY=:0 LANG=en_US.UTF-8 XDG_CURRENT_DESKTOP=ubuntu:GNOME XDG_SESSION_DESKTOP=ubuntu XMODIFIERS=@im=none XAUTHORITY=/run/user/1000/gdm/Xauthority SSH_AUTH_SOCK=/run/user/1000/keyring/ssh SHELL=/bin/bash QT_ACCESSIBILITY=1 GDMSESSION=ubuntu TEXTDOMAINDIR=/usr/share/locale/ GPG_AGENT_INFO=/run/user/1000/gnupg/S.gpg-agent:0:1 XDG_VTNR=2 PWD=/home/ambly CLUTTER_IM_MODULE=xim XDG_DATA_DIRS=/usr/share/ubuntu:/usr/local/share/:/usr/share/:/var/lib/snapd/desktop XDG_CONFIG_DIRS=/etc/xdg/xdg-ubuntu:/etc/xdg QT_IM_MODULE=ibus GNOME_DESKTOP_SESSION_ID=this-is-deprecated XDG_MENU_PREFIX=gnome- SESSION_MANAGER=local/ubuntu:@/tmp/.ICE-unix/1420,unix/ubuntu:/tmp/.ICE-unix/1420 DESKTOP_AUTOSTART_ID=10ea5fee3bfcdfe5b0158909698540376000000014200005 GIO_LAUNCHED_DESKTOP_FILE=/etc/xdg/autostart/org.gnome.SettingsDaemon.Housekeeping.desktop GIO_LAUNCHED_DESKTOP_FILE_PID=1677
ambly         -  0.0    -      -     - -        Sl+  00:49   0:00 -
ambly         -  0.0    -      -     - -        Sl+  00:49   0:00 -
ambly         -  0.0    -      -     - -        Sl+  00:49   0:00 -
ambly         -  0.0    -      -     - -        Sl+  00:49   0:00 -
ambly      1680  0.0  1.0 506532 21316 tty2     -    00:49   0:00 /usr/lib/gnome-settings-daemon/gsd-keyboard USER=ambly TEXTDOMAIN=im-config XDG_SEAT=seat0 XDG_SESSION_TYPE=x11 SSH_AGENT_PID=1493 SHLVL=0 QT4_IM_MODULE=xim HOME=/home/ambly DESKTOP_SESSION=ubuntu GTK_MODULES=gail:atk-bridge GNOME_SHELL_SESSION_MODE=ubuntu DBUS_SESSION_BUS_ADDRESS=unix:path=/run/user/1000/bus IM_CONFIG_PHASE=2 LOGNAME=ambly GTK_IM_MODULE=xim USERNAME=ambly XDG_SESSION_ID=2 WINDOWPATH=2 PATH=/home/ambly/.local/bin:/usr/local/sbin:/usr/local/bin:/usr/sbin:/usr/bin:/sbin:/bin:/usr/games:/usr/local/games:/snap/bin XDG_RUNTIME_DIR=/run/user/1000 DISPLAY=:0 LANG=en_US.UTF-8 XDG_CURRENT_DESKTOP=ubuntu:GNOME XDG_SESSION_DESKTOP=ubuntu XMODIFIERS=@im=none XAUTHORITY=/run/user/1000/gdm/Xauthority SSH_AUTH_SOCK=/run/user/1000/keyring/ssh SHELL=/bin/bash QT_ACCESSIBILITY=1 GDMSESSION=ubuntu TEXTDOMAINDIR=/usr/share/locale/ GPG_AGENT_INFO=/run/user/1000/gnupg/S.gpg-agent:0:1 XDG_VTNR=2 PWD=/home/ambly CLUTTER_IM_MODULE=xim XDG_DATA_DIRS=/usr/share/ubuntu:/usr/local/share/:/usr/share/:/var/lib/snapd/desktop XDG_CONFIG_DIRS=/etc/xdg/xdg-ubuntu:/etc/xdg QT_IM_MODULE=ibus GNOME_DESKTOP_SESSION_ID=this-is-deprecated XDG_MENU_PREFIX=gnome- SESSION_MANAGER=local/ubuntu:@/tmp/.ICE-unix/1420,unix/ubuntu:/tmp/.ICE-unix/1420 DESKTOP_AUTOSTART_ID=10ea5fee3bfcdfe5b0158909698540387700000014200006 GIO_LAUNCHED_DESKTOP_FILE=/etc/xdg/autostart/org.gnome.SettingsDaemon.Keyboard.desktop GIO_LAUNCHED_DESKTOP_FILE_PID=1680
ambly         -  0.0    -      -     - -        Sl+  00:49   0:00 -
ambly         -  0.0    -      -     - -        Sl+  00:49   0:00 -
ambly         -  0.0    -      -     - -        Sl+  00:49   0:00 -
ambly         -  0.0    -      -     - -        Sl+  00:49   0:00 -
ambly      1681  0.0  1.1 792896 23060 tty2     -    00:49   0:00 /usr/lib/gnome-settings-daemon/gsd-media-keys USER=ambly TEXTDOMAIN=im-config XDG_SEAT=seat0 XDG_SESSION_TYPE=x11 SSH_AGENT_PID=1493 SHLVL=0 QT4_IM_MODULE=xim HOME=/home/ambly DESKTOP_SESSION=ubuntu GTK_MODULES=gail:atk-bridge GNOME_SHELL_SESSION_MODE=ubuntu DBUS_SESSION_BUS_ADDRESS=unix:path=/run/user/1000/bus IM_CONFIG_PHASE=2 LOGNAME=ambly GTK_IM_MODULE=xim USERNAME=ambly XDG_SESSION_ID=2 WINDOWPATH=2 PATH=/home/ambly/.local/bin:/usr/local/sbin:/usr/local/bin:/usr/sbin:/usr/bin:/sbin:/bin:/usr/games:/usr/local/games:/snap/bin XDG_RUNTIME_DIR=/run/user/1000 DISPLAY=:0 LANG=en_US.UTF-8 XDG_CURRENT_DESKTOP=ubuntu:GNOME XDG_SESSION_DESKTOP=ubuntu XMODIFIERS=@im=none XAUTHORITY=/run/user/1000/gdm/Xauthority SSH_AUTH_SOCK=/run/user/1000/keyring/ssh SHELL=/bin/bash QT_ACCESSIBILITY=1 GDMSESSION=ubuntu TEXTDOMAINDIR=/usr/share/locale/ GPG_AGENT_INFO=/run/user/1000/gnupg/S.gpg-agent:0:1 XDG_VTNR=2 PWD=/home/ambly CLUTTER_IM_MODULE=xim XDG_DATA_DIRS=/usr/share/ubuntu:/usr/local/share/:/usr/share/:/var/lib/snapd/desktop XDG_CONFIG_DIRS=/etc/xdg/xdg-ubuntu:/etc/xdg QT_IM_MODULE=ibus GNOME_DESKTOP_SESSION_ID=this-is-deprecated XDG_MENU_PREFIX=gnome- SESSION_MANAGER=local/ubuntu:@/tmp/.ICE-unix/1420,unix/ubuntu:/tmp/.ICE-unix/1420 DESKTOP_AUTOSTART_ID=10ea5fee3bfcdfe5b0158909698540397600000014200007 GIO_LAUNCHED_DESKTOP_FILE=/etc/xdg/autostart/org.gnome.SettingsDaemon.MediaKeys.desktop GIO_LAUNCHED_DESKTOP_FILE_PID=1681
ambly         -  0.0    -      -     - -        Sl+  00:49   0:00 -
ambly         -  0.0    -      -     - -        Sl+  00:49   0:00 -
ambly         -  0.0    -      -     - -        Sl+  00:49   0:00 -
ambly         -  0.0    -      -     - -        Sl+  00:49   0:00 -
ambly      1684  0.0  0.2 278168  5856 tty2     -    00:49   0:00 /usr/lib/gnome-settings-daemon/gsd-mouse USER=ambly TEXTDOMAIN=im-config XDG_SEAT=seat0 XDG_SESSION_TYPE=x11 SSH_AGENT_PID=1493 SHLVL=0 QT4_IM_MODULE=xim HOME=/home/ambly DESKTOP_SESSION=ubuntu GTK_MODULES=gail:atk-bridge GNOME_SHELL_SESSION_MODE=ubuntu DBUS_SESSION_BUS_ADDRESS=unix:path=/run/user/1000/bus IM_CONFIG_PHASE=2 LOGNAME=ambly GTK_IM_MODULE=xim USERNAME=ambly XDG_SESSION_ID=2 WINDOWPATH=2 PATH=/home/ambly/.local/bin:/usr/local/sbin:/usr/local/bin:/usr/sbin:/usr/bin:/sbin:/bin:/usr/games:/usr/local/games:/snap/bin XDG_RUNTIME_DIR=/run/user/1000 DISPLAY=:0 LANG=en_US.UTF-8 XDG_CURRENT_DESKTOP=ubuntu:GNOME XDG_SESSION_DESKTOP=ubuntu XMODIFIERS=@im=none XAUTHORITY=/run/user/1000/gdm/Xauthority SSH_AUTH_SOCK=/run/user/1000/keyring/ssh SHELL=/bin/bash QT_ACCESSIBILITY=1 GDMSESSION=ubuntu TEXTDOMAINDIR=/usr/share/locale/ GPG_AGENT_INFO=/run/user/1000/gnupg/S.gpg-agent:0:1 XDG_VTNR=2 PWD=/home/ambly CLUTTER_IM_MODULE=xim XDG_DATA_DIRS=/usr/share/ubuntu:/usr/local/share/:/usr/share/:/var/lib/snapd/desktop XDG_CONFIG_DIRS=/etc/xdg/xdg-ubuntu:/etc/xdg QT_IM_MODULE=ibus GNOME_DESKTOP_SESSION_ID=this-is-deprecated XDG_MENU_PREFIX=gnome- SESSION_MANAGER=local/ubuntu:@/tmp/.ICE-unix/1420,unix/ubuntu:/tmp/.ICE-unix/1420 DESKTOP_AUTOSTART_ID=10ea5fee3bfcdfe5b0158909698540408100000014200008 GIO_LAUNCHED_DESKTOP_FILE=/etc/xdg/autostart/org.gnome.SettingsDaemon.Mouse.desktop GIO_LAUNCHED_DESKTOP_FILE_PID=1684
ambly         -  0.0    -      -     - -        Sl+  00:49   0:00 -
ambly         -  0.0    -      -     - -        Sl+  00:49   0:00 -
ambly         -  0.0    -      -     - -        Sl+  00:49   0:00 -
ambly         -  0.0    -      -     - -        Sl+  00:49   0:00 -
ambly      1703  0.0  0.6 508768 12436 tty2     -    00:49   0:00 /usr/lib/gnome-settings-daemon/gsd-printer USER=ambly TEXTDOMAIN=im-config XDG_SEAT=seat0 XDG_SESSION_TYPE=x11 SSH_AGENT_PID=1493 SHLVL=0 QT4_IM_MODULE=xim HOME=/home/ambly DESKTOP_SESSION=ubuntu GTK_MODULES=gail:atk-bridge GNOME_SHELL_SESSION_MODE=ubuntu DBUS_SESSION_BUS_ADDRESS=unix:path=/run/user/1000/bus IM_CONFIG_PHASE=2 LOGNAME=ambly GTK_IM_MODULE=xim USERNAME=ambly XDG_SESSION_ID=2 WINDOWPATH=2 PATH=/home/ambly/.local/bin:/usr/local/sbin:/usr/local/bin:/usr/sbin:/usr/bin:/sbin:/bin:/usr/games:/usr/local/games:/snap/bin XDG_RUNTIME_DIR=/run/user/1000 DISPLAY=:0 LANG=en_US.UTF-8 XDG_CURRENT_DESKTOP=ubuntu:GNOME XDG_SESSION_DESKTOP=ubuntu XMODIFIERS=@im=none XAUTHORITY=/run/user/1000/gdm/Xauthority SSH_AUTH_SOCK=/run/user/1000/keyring/ssh SHELL=/bin/bash QT_ACCESSIBILITY=1 GDMSESSION=ubuntu TEXTDOMAINDIR=/usr/share/locale/ GPG_AGENT_INFO=/run/user/1000/gnupg/S.gpg-agent:0:1 XDG_VTNR=2 PWD=/home/ambly CLUTTER_IM_MODULE=xim XDG_DATA_DIRS=/usr/share/ubuntu:/usr/local/share/:/usr/share/:/var/lib/snapd/desktop XDG_CONFIG_DIRS=/etc/xdg/xdg-ubuntu:/etc/xdg QT_IM_MODULE=ibus GNOME_DESKTOP_SESSION_ID=this-is-deprecated XDG_MENU_PREFIX=gnome- SESSION_MANAGER=local/ubuntu:@/tmp/.ICE-unix/1420,unix/ubuntu:/tmp/.ICE-unix/1420 DESKTOP_AUTOSTART_ID=10ea5fee3bfcdfe5b0158909698540434300000014200010 GIO_LAUNCHED_DESKTOP_FILE=/etc/xdg/autostart/org.gnome.SettingsDaemon.PrintNotifications.desktop GIO_LAUNCHED_DESKTOP_FILE_PID=1639
ambly         -  0.0    -      -     - -        Sl+  00:49   0:00 -
ambly         -  0.0    -      -     - -        Sl+  00:49   0:00 -
ambly         -  0.0    -      -     - -        Sl+  00:49   0:00 -
ambly      1739  0.1  1.7 488176 34652 tty2     -    00:49   0:02 /usr/bin/vmtoolsd -n vmusr --blockFd 3 USER=ambly TEXTDOMAIN=im-config XDG_SEAT=seat0 XDG_SESSION_TYPE=x11 SSH_AGENT_PID=1493 SHLVL=0 QT4_IM_MODULE=xim HOME=/home/ambly DESKTOP_SESSION=ubuntu GTK_MODULES=gail:atk-bridge GNOME_SHELL_SESSION_MODE=ubuntu DBUS_SESSION_BUS_ADDRESS=unix:path=/run/user/1000/bus IM_CONFIG_PHASE=2 LOGNAME=ambly GTK_IM_MODULE=xim USERNAME=ambly XDG_SESSION_ID=2 WINDOWPATH=2 PATH=/home/ambly/.local/bin:/usr/local/sbin:/usr/local/bin:/usr/sbin:/usr/bin:/sbin:/bin:/usr/games:/usr/local/games:/snap/bin XDG_RUNTIME_DIR=/run/user/1000 DISPLAY=:0 LANG=en_US.UTF-8 XDG_CURRENT_DESKTOP=ubuntu:GNOME XDG_SESSION_DESKTOP=ubuntu XMODIFIERS=@im=none XAUTHORITY=/run/user/1000/gdm/Xauthority SSH_AUTH_SOCK=/run/user/1000/keyring/ssh SHELL=/bin/bash QT_ACCESSIBILITY=1 GDMSESSION=ubuntu TEXTDOMAINDIR=/usr/share/locale/ GPG_AGENT_INFO=/run/user/1000/gnupg/S.gpg-agent:0:1 XDG_VTNR=2 PWD=/home/ambly CLUTTER_IM_MODULE=xim XDG_DATA_DIRS=/usr/share/ubuntu:/usr/local/share/:/usr/share/:/var/lib/snapd/desktop XDG_CONFIG_DIRS=/etc/xdg/xdg-ubuntu:/etc/xdg QT_IM_MODULE=ibus GNOME_DESKTOP_SESSION_ID=this-is-deprecated XDG_MENU_PREFIX=gnome- SESSION_MANAGER=local/ubuntu:@/tmp/.ICE-unix/1420,unix/ubuntu:/tmp/.ICE-unix/1420 DESKTOP_AUTOSTART_ID=10ea5fee3bfcdfe5b0158909698541727400000014200033 GIO_LAUNCHED_DESKTOP_FILE=/etc/xdg/autostart/vmware-user.desktop GIO_LAUNCHED_DESKTOP_FILE_PID=1737
ambly         -  0.1    -      -     - -        Sl+  00:49   0:02 -
ambly         -  0.0    -      -     - -        Sl+  00:49   0:00 -
ambly         -  0.0    -      -     - -        Sl+  00:49   0:00 -
ambly         -  0.0    -      -     - -        Sl+  00:49   0:00 -
ambly      1740  0.0  0.3 373232  7580 tty2     -    00:49   0:00 /usr/lib/x86_64-linux-gnu/indicator-messages/indicator-messages-service USER=ambly TEXTDOMAIN=im-config XDG_SEAT=seat0 XDG_SESSION_TYPE=x11 SSH_AGENT_PID=1493 SHLVL=0 QT4_IM_MODULE=xim HOME=/home/ambly DESKTOP_SESSION=ubuntu GTK_MODULES=gail:atk-bridge GNOME_SHELL_SESSION_MODE=ubuntu DBUS_SESSION_BUS_ADDRESS=unix:path=/run/user/1000/bus IM_CONFIG_PHASE=2 LOGNAME=ambly GTK_IM_MODULE=xim USERNAME=ambly XDG_SESSION_ID=2 WINDOWPATH=2 PATH=/home/ambly/.local/bin:/usr/local/sbin:/usr/local/bin:/usr/sbin:/usr/bin:/sbin:/bin:/usr/games:/usr/local/games:/snap/bin XDG_RUNTIME_DIR=/run/user/1000 DISPLAY=:0 LANG=en_US.UTF-8 XDG_CURRENT_DESKTOP=ubuntu:GNOME XDG_SESSION_DESKTOP=ubuntu XMODIFIERS=@im=none XAUTHORITY=/run/user/1000/gdm/Xauthority SSH_AUTH_SOCK=/run/user/1000/keyring/ssh SHELL=/bin/bash QT_ACCESSIBILITY=1 GDMSESSION=ubuntu TEXTDOMAINDIR=/usr/share/locale/ GPG_AGENT_INFO=/run/user/1000/gnupg/S.gpg-agent:0:1 XDG_VTNR=2 PWD=/home/ambly CLUTTER_IM_MODULE=xim XDG_DATA_DIRS=/usr/share/ubuntu:/usr/local/share/:/usr/share/:/var/lib/snapd/desktop XDG_CONFIG_DIRS=/etc/xdg/xdg-ubuntu:/etc/xdg QT_IM_MODULE=ibus GNOME_DESKTOP_SESSION_ID=this-is-deprecated XDG_MENU_PREFIX=gnome- SESSION_MANAGER=local/ubuntu:@/tmp/.ICE-unix/1420,unix/ubuntu:/tmp/.ICE-unix/1420 DESKTOP_AUTOSTART_ID=10ea5fee3bfcdfe5b0158909698542637400000014200052 GIO_LAUNCHED_DESKTOP_FILE=/etc/xdg/autostart/indicator-messages.desktop GIO_LAUNCHED_DESKTOP_FILE_PID=1740
ambly         -  0.0    -      -     - -        Sl+  00:49   0:00 -
ambly         -  0.0    -      -     - -        Sl+  00:49   0:00 -
ambly         -  0.0    -      -     - -        Sl+  00:49   0:00 -
ambly         -  0.0    -      -     - -        Sl+  00:49   0:00 -
ambly      1742  0.1  3.4 1047900 68220 tty2    -    00:49   0:01 nautilus-desktop USER=ambly TEXTDOMAIN=im-config XDG_SEAT=seat0 XDG_SESSION_TYPE=x11 SSH_AGENT_PID=1493 SHLVL=0 QT4_IM_MODULE=xim HOME=/home/ambly DESKTOP_SESSION=ubuntu GTK_MODULES=gail:atk-bridge GNOME_SHELL_SESSION_MODE=ubuntu DBUS_SESSION_BUS_ADDRESS=unix:path=/run/user/1000/bus IM_CONFIG_PHASE=2 LOGNAME=ambly GTK_IM_MODULE=xim USERNAME=ambly XDG_SESSION_ID=2 WINDOWPATH=2 PATH=/home/ambly/.local/bin:/usr/local/sbin:/usr/local/bin:/usr/sbin:/usr/bin:/sbin:/bin:/usr/games:/usr/local/games:/snap/bin XDG_RUNTIME_DIR=/run/user/1000 DISPLAY=:0 LANG=en_US.UTF-8 XDG_CURRENT_DESKTOP=ubuntu:GNOME XDG_SESSION_DESKTOP=ubuntu XMODIFIERS=@im=none XAUTHORITY=/run/user/1000/gdm/Xauthority SSH_AUTH_SOCK=/run/user/1000/keyring/ssh SHELL=/bin/bash QT_ACCESSIBILITY=1 GDMSESSION=ubuntu TEXTDOMAINDIR=/usr/share/locale/ GPG_AGENT_INFO=/run/user/1000/gnupg/S.gpg-agent:0:1 XDG_VTNR=2 PWD=/home/ambly CLUTTER_IM_MODULE=xim XDG_DATA_DIRS=/usr/share/ubuntu:/usr/local/share/:/usr/share/:/var/lib/snapd/desktop XDG_CONFIG_DIRS=/etc/xdg/xdg-ubuntu:/etc/xdg QT_IM_MODULE=ibus GNOME_DESKTOP_SESSION_ID=this-is-deprecated XDG_MENU_PREFIX=gnome- SESSION_MANAGER=local/ubuntu:@/tmp/.ICE-unix/1420,unix/ubuntu:/tmp/.ICE-unix/1420 DESKTOP_AUTOSTART_ID=10ea5fee3bfcdfe5b0158909698540879100000014200023 GIO_LAUNCHED_DESKTOP_FILE=/etc/xdg/autostart/nautilus-autostart.desktop GIO_LAUNCHED_DESKTOP_FILE_PID=1742
ambly         -  0.1    -      -     - -        Sl+  00:49   0:01 -
ambly         -  0.0    -      -     - -        Sl+  00:49   0:00 -
ambly         -  0.0    -      -     - -        Sl+  00:49   0:00 -
ambly         -  0.0    -      -     - -        Sl+  00:49   0:00 -
ambly      1743  0.0  0.3 271932  6272 tty2     -    00:49   0:00 /usr/lib/gnome-disk-utility/gsd-disk-utility-notify USER=ambly TEXTDOMAIN=im-config XDG_SEAT=seat0 XDG_SESSION_TYPE=x11 SSH_AGENT_PID=1493 SHLVL=0 QT4_IM_MODULE=xim HOME=/home/ambly DESKTOP_SESSION=ubuntu GTK_MODULES=gail:atk-bridge GNOME_SHELL_SESSION_MODE=ubuntu DBUS_SESSION_BUS_ADDRESS=unix:path=/run/user/1000/bus IM_CONFIG_PHASE=2 LOGNAME=ambly GTK_IM_MODULE=xim USERNAME=ambly XDG_SESSION_ID=2 WINDOWPATH=2 PATH=/home/ambly/.local/bin:/usr/local/sbin:/usr/local/bin:/usr/sbin:/usr/bin:/sbin:/bin:/usr/games:/usr/local/games:/snap/bin XDG_RUNTIME_DIR=/run/user/1000 DISPLAY=:0 LANG=en_US.UTF-8 XDG_CURRENT_DESKTOP=ubuntu:GNOME XDG_SESSION_DESKTOP=ubuntu XMODIFIERS=@im=none XAUTHORITY=/run/user/1000/gdm/Xauthority SSH_AUTH_SOCK=/run/user/1000/keyring/ssh SHELL=/bin/bash QT_ACCESSIBILITY=1 GDMSESSION=ubuntu TEXTDOMAINDIR=/usr/share/locale/ GPG_AGENT_INFO=/run/user/1000/gnupg/S.gpg-agent:0:1 XDG_VTNR=2 PWD=/home/ambly CLUTTER_IM_MODULE=xim XDG_DATA_DIRS=/usr/share/ubuntu:/usr/local/share/:/usr/share/:/var/lib/snapd/desktop XDG_CONFIG_DIRS=/etc/xdg/xdg-ubuntu:/etc/xdg QT_IM_MODULE=ibus GNOME_DESKTOP_SESSION_ID=this-is-deprecated XDG_MENU_PREFIX=gnome- SESSION_MANAGER=local/ubuntu:@/tmp/.ICE-unix/1420,unix/ubuntu:/tmp/.ICE-unix/1420 DESKTOP_AUTOSTART_ID=10ea5fee3bfcdfe5b0158909698541420900000014200027 GIO_LAUNCHED_DESKTOP_FILE=/etc/xdg/autostart/org.gnome.SettingsDaemon.DiskUtilityNotify.desktop GIO_LAUNCHED_DESKTOP_FILE_PID=1743
ambly         -  0.0    -      -     - -        Sl+  00:49   0:00 -
ambly         -  0.0    -      -     - -        Sl+  00:49   0:00 -
ambly         -  0.0    -      -     - -        Sl+  00:49   0:00 -
ambly      1766  0.0  0.3 441972  7100 ?        -    00:49   0:00 /usr/lib/gvfs/gvfsd-trash --spawner :1.13 /org/gtk/gvfs/exec_spaw/0 CLUTTER_IM_MODULE=xim DBUS_SESSION_BUS_ADDRESS=unix:path=/run/user/1000/bus DESKTOP_SESSION=ubuntu DISPLAY=:0 GDMSESSION=ubuntu GNOME_DESKTOP_SESSION_ID=this-is-deprecated GNOME_SHELL_SESSION_MODE=ubuntu GPG_AGENT_INFO=/run/user/1000/gnupg/S.gpg-agent:0:1 GTK_IM_MODULE=xim GTK_MODULES=gail:atk-bridge HOME=/home/ambly IM_CONFIG_PHASE=2 LANG=en_US.UTF-8 LOGNAME=ambly PATH=/home/ambly/.local/bin:/usr/local/sbin:/usr/local/bin:/usr/sbin:/usr/bin:/sbin:/bin:/usr/games:/usr/local/games:/snap/bin PWD=/home/ambly QT4_IM_MODULE=xim QT_ACCESSIBILITY=1 QT_IM_MODULE=ibus SHELL=/bin/bash SHLVL=0 SSH_AGENT_PID=1493 SSH_AUTH_SOCK=/tmp/ssh-undwgEn9aY1I/agent.1420 TEXTDOMAIN=im-config TEXTDOMAINDIR=/usr/share/locale/ USER=ambly USERNAME=ambly WINDOWPATH=2 XAUTHORITY=/run/user/1000/gdm/Xauthority XDG_CONFIG_DIRS=/etc/xdg/xdg-ubuntu:/etc/xdg XDG_CURRENT_DESKTOP=ubuntu:GNOME XDG_DATA_DIRS=/usr/share/ubuntu:/usr/local/share/:/usr/share/:/var/lib/snapd/desktop XDG_MENU_PREFIX=gnome- XDG_RUNTIME_DIR=/run/user/1000 XDG_SEAT=seat0 XDG_SESSION_DESKTOP=ubuntu XDG_SESSION_ID=2 XDG_SESSION_TYPE=x11 XDG_VTNR=2 XMODIFIERS=@im=none _=/usr/bin/dbus-update-activation-environment MANAGERPID=1391 INVOCATION_ID=c9ac78aa3ae64a1181b61a3edd21e649 JOURNAL_STREAM=9:50105
ambly         -  0.0    -      -     - -        Sl   00:49   0:00 -
ambly         -  0.0    -      -     - -        Sl   00:49   0:00 -
ambly         -  0.0    -      -     - -        Sl   00:49   0:00 -
ambly      1785  0.0  3.3 892176 66944 ?        -    00:49   0:00 /usr/lib/evolution/evolution-calendar-factory CLUTTER_IM_MODULE=xim DBUS_SESSION_BUS_ADDRESS=unix:path=/run/user/1000/bus DESKTOP_SESSION=ubuntu DISPLAY=:0 GDMSESSION=ubuntu GNOME_DESKTOP_SESSION_ID=this-is-deprecated GNOME_SHELL_SESSION_MODE=ubuntu GPG_AGENT_INFO=/run/user/1000/gnupg/S.gpg-agent:0:1 GTK_IM_MODULE=xim GTK_MODULES=gail:atk-bridge HOME=/home/ambly IM_CONFIG_PHASE=2 LANG=en_US.UTF-8 LOGNAME=ambly PATH=/home/ambly/.local/bin:/usr/local/sbin:/usr/local/bin:/usr/sbin:/usr/bin:/sbin:/bin:/usr/games:/usr/local/games:/snap/bin PWD=/home/ambly QT4_IM_MODULE=xim QT_ACCESSIBILITY=1 QT_IM_MODULE=ibus SESSION_MANAGER=local/ubuntu:@/tmp/.ICE-unix/1420,unix/ubuntu:/tmp/.ICE-unix/1420 SHELL=/bin/bash SHLVL=0 SSH_AGENT_PID=1493 SSH_AUTH_SOCK=/run/user/1000/keyring/ssh TEXTDOMAIN=im-config TEXTDOMAINDIR=/usr/share/locale/ USER=ambly USERNAME=ambly WINDOWPATH=2 XAUTHORITY=/run/user/1000/gdm/Xauthority XDG_CONFIG_DIRS=/etc/xdg/xdg-ubuntu:/etc/xdg XDG_CURRENT_DESKTOP=ubuntu:GNOME XDG_DATA_DIRS=/usr/share/ubuntu:/usr/local/share/:/usr/share/:/var/lib/snapd/desktop XDG_MENU_PREFIX=gnome- XDG_RUNTIME_DIR=/run/user/1000 XDG_SEAT=seat0 XDG_SESSION_DESKTOP=ubuntu XDG_SESSION_ID=2 XDG_SESSION_TYPE=x11 XDG_VTNR=2 XMODIFIERS=@im=none _=/usr/bin/dbus-update-activation-environment MANAGERPID=1391 INVOCATION_ID=56df013f45154d6981a756794bb4347e JOURNAL_STREAM=9:52319
ambly         -  0.0    -      -     - -        Ssl  00:49   0:00 -
ambly         -  0.0    -      -     - -        Ssl  00:49   0:00 -
ambly         -  0.0    -      -     - -        Ssl  00:49   0:00 -
ambly         -  0.0    -      -     - -        Ssl  00:49   0:00 -
ambly         -  0.0    -      -     - -        Ssl  00:49   0:00 -
ambly      1792  0.0  3.0 939304 62012 ?        -    00:49   0:00 /usr/lib/evolution/evolution-calendar-factory-subprocess --factory all --bus-name org.gnome.evolution.dataserver.Subprocess.Backend.Calendarx1785x2 --own-path /org/gnome/evolution/dataserver/Subprocess/Backend/Calendar/1785/2 CLUTTER_IM_MODULE=xim DBUS_SESSION_BUS_ADDRESS=unix:path=/run/user/1000/bus DESKTOP_SESSION=ubuntu DISPLAY=:0 GDMSESSION=ubuntu GNOME_DESKTOP_SESSION_ID=this-is-deprecated GNOME_SHELL_SESSION_MODE=ubuntu GPG_AGENT_INFO=/run/user/1000/gnupg/S.gpg-agent:0:1 GTK_IM_MODULE=xim GTK_MODULES=gail:atk-bridge HOME=/home/ambly IM_CONFIG_PHASE=2 LANG=en_US.UTF-8 LOGNAME=ambly PATH=/home/ambly/.local/bin:/usr/local/sbin:/usr/local/bin:/usr/sbin:/usr/bin:/sbin:/bin:/usr/games:/usr/local/games:/snap/bin PWD=/home/ambly QT4_IM_MODULE=xim QT_ACCESSIBILITY=1 QT_IM_MODULE=ibus SESSION_MANAGER=local/ubuntu:@/tmp/.ICE-unix/1420,unix/ubuntu:/tmp/.ICE-unix/1420 SHELL=/bin/bash SHLVL=0 SSH_AGENT_PID=1493 SSH_AUTH_SOCK=/run/user/1000/keyring/ssh TEXTDOMAIN=im-config TEXTDOMAINDIR=/usr/share/locale/ USER=ambly USERNAME=ambly WINDOWPATH=2 XAUTHORITY=/run/user/1000/gdm/Xauthority XDG_CONFIG_DIRS=/etc/xdg/xdg-ubuntu:/etc/xdg XDG_CURRENT_DESKTOP=ubuntu:GNOME XDG_DATA_DIRS=/usr/share/ubuntu:/usr/local/share/:/usr/share/:/var/lib/snapd/desktop XDG_MENU_PREFIX=gnome- XDG_RUNTIME_DIR=/run/user/1000 XDG_SEAT=seat0 XDG_SESSION_DESKTOP=ubuntu XDG_SESSION_ID=2 XDG_SESSION_TYPE=x11 XDG_VTNR=2 XMODIFIERS=@im=none _=/usr/bin/dbus-update-activation-environment MANAGERPID=1391 INVOCATION_ID=56df013f45154d6981a756794bb4347e JOURNAL_STREAM=9:52319
ambly         -  0.0    -      -     - -        Sl   00:49   0:00 -
ambly         -  0.0    -      -     - -        Sl   00:49   0:00 -
ambly         -  0.0    -      -     - -        Sl   00:49   0:00 -
ambly         -  0.0    -      -     - -        Sl   00:49   0:00 -
ambly         -  0.0    -      -     - -        Sl   00:49   0:00 -
ambly         -  0.0    -      -     - -        Sl   00:49   0:00 -
ambly         -  0.0    -      -     - -        Sl   00:49   0:00 -
ambly         -  0.0    -      -     - -        Sl   00:49   0:00 -
ambly         -  0.0    -      -     - -        Sl   00:49   0:00 -
ambly      1794  0.0  0.3 204888  6564 tty2     -    00:49   0:00 /usr/lib/ibus/ibus-engine-simple USER=ambly TEXTDOMAIN=im-config XDG_SEAT=seat0 XDG_SESSION_TYPE=x11 SSH_AGENT_PID=1493 SHLVL=0 QT4_IM_MODULE=xim HOME=/home/ambly DESKTOP_SESSION=ubuntu GTK_MODULES=gail:atk-bridge GNOME_SHELL_SESSION_MODE=ubuntu DBUS_SESSION_BUS_ADDRESS=unix:path=/run/user/1000/bus IM_CONFIG_PHASE=2 LOGNAME=ambly GTK_IM_MODULE=xim USERNAME=ambly XDG_SESSION_ID=2 WINDOWPATH=2 PATH=/home/ambly/.local/bin:/usr/local/sbin:/usr/local/bin:/usr/sbin:/usr/bin:/sbin:/bin:/usr/games:/usr/local/games:/snap/bin XDG_RUNTIME_DIR=/run/user/1000 DISPLAY=:0 LANG=en_US.UTF-8 XDG_CURRENT_DESKTOP=ubuntu:GNOME XDG_SESSION_DESKTOP=ubuntu XMODIFIERS=@im=none XAUTHORITY=/run/user/1000/gdm/Xauthority SSH_AUTH_SOCK=/run/user/1000/keyring/ssh SHELL=/bin/bash QT_ACCESSIBILITY=1 GDMSESSION=ubuntu TEXTDOMAINDIR=/usr/share/locale/ GPG_AGENT_INFO=/run/user/1000/gnupg/S.gpg-agent:0:1 XDG_VTNR=2 PWD=/home/ambly CLUTTER_IM_MODULE=xim XDG_DATA_DIRS=/usr/share/ubuntu:/usr/local/share/:/usr/share/:/var/lib/snapd/desktop XDG_CONFIG_DIRS=/etc/xdg/xdg-ubuntu:/etc/xdg QT_IM_MODULE=ibus GNOME_DESKTOP_SESSION_ID=this-is-deprecated XDG_MENU_PREFIX=gnome- SESSION_MANAGER=local/ubuntu:@/tmp/.ICE-unix/1420,unix/ubuntu:/tmp/.ICE-unix/1420 DESKTOP_AUTOSTART_ID=10ea5fee3bfcdfe5b0158909698540312500000014200000 GIO_LAUNCHED_DESKTOP_FILE=/usr/share/applications/org.gnome.Shell.desktop GIO_LAUNCHED_DESKTOP_FILE_PID=1537 GJS_DEBUG_OUTPUT=stderr GJS_DEBUG_TOPICS=JS ERROR;JS LOG
ambly         -  0.0    -      -     - -        Sl   00:49   0:00 -
ambly         -  0.0    -      -     - -        Sl   00:49   0:00 -
ambly         -  0.0    -      -     - -        Sl   00:49   0:00 -
ambly      1810  0.0  1.1 732832 24052 ?        -    00:49   0:00 /usr/lib/evolution/evolution-addressbook-factory CLUTTER_IM_MODULE=xim DBUS_SESSION_BUS_ADDRESS=unix:path=/run/user/1000/bus DESKTOP_SESSION=ubuntu DISPLAY=:0 GDMSESSION=ubuntu GNOME_DESKTOP_SESSION_ID=this-is-deprecated GNOME_SHELL_SESSION_MODE=ubuntu GPG_AGENT_INFO=/run/user/1000/gnupg/S.gpg-agent:0:1 GTK_IM_MODULE=xim GTK_MODULES=gail:atk-bridge HOME=/home/ambly IM_CONFIG_PHASE=2 LANG=en_US.UTF-8 LOGNAME=ambly PATH=/home/ambly/.local/bin:/usr/local/sbin:/usr/local/bin:/usr/sbin:/usr/bin:/sbin:/bin:/usr/games:/usr/local/games:/snap/bin PWD=/home/ambly QT4_IM_MODULE=xim QT_ACCESSIBILITY=1 QT_IM_MODULE=ibus SESSION_MANAGER=local/ubuntu:@/tmp/.ICE-unix/1420,unix/ubuntu:/tmp/.ICE-unix/1420 SHELL=/bin/bash SHLVL=0 SSH_AGENT_PID=1493 SSH_AUTH_SOCK=/run/user/1000/keyring/ssh TEXTDOMAIN=im-config TEXTDOMAINDIR=/usr/share/locale/ USER=ambly USERNAME=ambly WINDOWPATH=2 XAUTHORITY=/run/user/1000/gdm/Xauthority XDG_CONFIG_DIRS=/etc/xdg/xdg-ubuntu:/etc/xdg XDG_CURRENT_DESKTOP=ubuntu:GNOME XDG_DATA_DIRS=/usr/share/ubuntu:/usr/local/share/:/usr/share/:/var/lib/snapd/desktop XDG_MENU_PREFIX=gnome- XDG_RUNTIME_DIR=/run/user/1000 XDG_SEAT=seat0 XDG_SESSION_DESKTOP=ubuntu XDG_SESSION_ID=2 XDG_SESSION_TYPE=x11 XDG_VTNR=2 XMODIFIERS=@im=none _=/usr/bin/dbus-update-activation-environment MANAGERPID=1391 INVOCATION_ID=475001a1783f4432acc05644900ffa26 JOURNAL_STREAM=9:52464
ambly         -  0.0    -      -     - -        Ssl  00:49   0:00 -
ambly         -  0.0    -      -     - -        Ssl  00:49   0:00 -
ambly         -  0.0    -      -     - -        Ssl  00:49   0:00 -
ambly         -  0.0    -      -     - -        Ssl  00:49   0:00 -
ambly         -  0.0    -      -     - -        Ssl  00:49   0:00 -
ambly      1824  0.0  1.3 886136 26284 ?        -    00:49   0:00 /usr/lib/evolution/evolution-addressbook-factory-subprocess --factory all --bus-name org.gnome.evolution.dataserver.Subprocess.Backend.AddressBookx1810x2 --own-path /org/gnome/evolution/dataserver/Subprocess/Backend/AddressBook/1810/2 CLUTTER_IM_MODULE=xim DBUS_SESSION_BUS_ADDRESS=unix:path=/run/user/1000/bus DESKTOP_SESSION=ubuntu DISPLAY=:0 GDMSESSION=ubuntu GNOME_DESKTOP_SESSION_ID=this-is-deprecated GNOME_SHELL_SESSION_MODE=ubuntu GPG_AGENT_INFO=/run/user/1000/gnupg/S.gpg-agent:0:1 GTK_IM_MODULE=xim GTK_MODULES=gail:atk-bridge HOME=/home/ambly IM_CONFIG_PHASE=2 LANG=en_US.UTF-8 LOGNAME=ambly PATH=/home/ambly/.local/bin:/usr/local/sbin:/usr/local/bin:/usr/sbin:/usr/bin:/sbin:/bin:/usr/games:/usr/local/games:/snap/bin PWD=/home/ambly QT4_IM_MODULE=xim QT_ACCESSIBILITY=1 QT_IM_MODULE=ibus SESSION_MANAGER=local/ubuntu:@/tmp/.ICE-unix/1420,unix/ubuntu:/tmp/.ICE-unix/1420 SHELL=/bin/bash SHLVL=0 SSH_AGENT_PID=1493 SSH_AUTH_SOCK=/run/user/1000/keyring/ssh TEXTDOMAIN=im-config TEXTDOMAINDIR=/usr/share/locale/ USER=ambly USERNAME=ambly WINDOWPATH=2 XAUTHORITY=/run/user/1000/gdm/Xauthority XDG_CONFIG_DIRS=/etc/xdg/xdg-ubuntu:/etc/xdg XDG_CURRENT_DESKTOP=ubuntu:GNOME XDG_DATA_DIRS=/usr/share/ubuntu:/usr/local/share/:/usr/share/:/var/lib/snapd/desktop XDG_MENU_PREFIX=gnome- XDG_RUNTIME_DIR=/run/user/1000 XDG_SEAT=seat0 XDG_SESSION_DESKTOP=ubuntu XDG_SESSION_ID=2 XDG_SESSION_TYPE=x11 XDG_VTNR=2 XMODIFIERS=@im=none _=/usr/bin/dbus-update-activation-environment MANAGERPID=1391 INVOCATION_ID=475001a1783f4432acc05644900ffa26 JOURNAL_STREAM=9:52464
ambly         -  0.0    -      -     - -        Sl   00:49   0:00 -
ambly         -  0.0    -      -     - -        Sl   00:49   0:00 -
ambly         -  0.0    -      -     - -        Sl   00:49   0:00 -
ambly         -  0.0    -      -     - -        Sl   00:49   0:00 -
ambly         -  0.0    -      -     - -        Sl   00:49   0:00 -
ambly         -  0.0    -      -     - -        Sl   00:49   0:00 -
ambly      1846  0.0  0.2 204484  5836 ?        -    00:49   0:00 /usr/lib/gvfs/gvfsd-metadata CLUTTER_IM_MODULE=xim DBUS_SESSION_BUS_ADDRESS=unix:path=/run/user/1000/bus DESKTOP_SESSION=ubuntu DISPLAY=:0 GDMSESSION=ubuntu GNOME_DESKTOP_SESSION_ID=this-is-deprecated GNOME_SHELL_SESSION_MODE=ubuntu GPG_AGENT_INFO=/run/user/1000/gnupg/S.gpg-agent:0:1 GTK_IM_MODULE=xim GTK_MODULES=gail:atk-bridge HOME=/home/ambly IM_CONFIG_PHASE=2 LANG=en_US.UTF-8 LOGNAME=ambly PATH=/home/ambly/.local/bin:/usr/local/sbin:/usr/local/bin:/usr/sbin:/usr/bin:/sbin:/bin:/usr/games:/usr/local/games:/snap/bin PWD=/home/ambly QT4_IM_MODULE=xim QT_ACCESSIBILITY=1 QT_IM_MODULE=ibus SESSION_MANAGER=local/ubuntu:@/tmp/.ICE-unix/1420,unix/ubuntu:/tmp/.ICE-unix/1420 SHELL=/bin/bash SHLVL=0 SSH_AGENT_PID=1493 SSH_AUTH_SOCK=/run/user/1000/keyring/ssh TEXTDOMAIN=im-config TEXTDOMAINDIR=/usr/share/locale/ USER=ambly USERNAME=ambly WINDOWPATH=2 XAUTHORITY=/run/user/1000/gdm/Xauthority XDG_CONFIG_DIRS=/etc/xdg/xdg-ubuntu:/etc/xdg XDG_CURRENT_DESKTOP=ubuntu:GNOME XDG_DATA_DIRS=/usr/share/ubuntu:/usr/local/share/:/usr/share/:/var/lib/snapd/desktop XDG_MENU_PREFIX=gnome- XDG_RUNTIME_DIR=/run/user/1000 XDG_SEAT=seat0 XDG_SESSION_DESKTOP=ubuntu XDG_SESSION_ID=2 XDG_SESSION_TYPE=x11 XDG_VTNR=2 XMODIFIERS=@im=none _=/usr/bin/dbus-update-activation-environment MANAGERPID=1391 INVOCATION_ID=6a1d855fba7c484fbb4dd0ac6b34b26e JOURNAL_STREAM=9:52564
ambly         -  0.0    -      -     - -        Ssl  00:49   0:00 -
ambly         -  0.0    -      -     - -        Ssl  00:49   0:00 -
ambly         -  0.0    -      -     - -        Ssl  00:49   0:00 -
ambly      1861  0.3  2.0 584100 40680 ?        -    00:50   0:04 /usr/lib/gnome-terminal/gnome-terminal-server CLUTTER_IM_MODULE=xim DBUS_SESSION_BUS_ADDRESS=unix:path=/run/user/1000/bus DESKTOP_SESSION=ubuntu DISPLAY=:0 GDMSESSION=ubuntu GNOME_DESKTOP_SESSION_ID=this-is-deprecated GNOME_SHELL_SESSION_MODE=ubuntu GPG_AGENT_INFO=/run/user/1000/gnupg/S.gpg-agent:0:1 GTK_IM_MODULE=xim GTK_MODULES=gail:atk-bridge HOME=/home/ambly IM_CONFIG_PHASE=2 LANG=en_US.UTF-8 LOGNAME=ambly PATH=/home/ambly/.local/bin:/usr/local/sbin:/usr/local/bin:/usr/sbin:/usr/bin:/sbin:/bin:/usr/games:/usr/local/games:/snap/bin PWD=/home/ambly QT4_IM_MODULE=xim QT_ACCESSIBILITY=1 QT_IM_MODULE=ibus SESSION_MANAGER=local/ubuntu:@/tmp/.ICE-unix/1420,unix/ubuntu:/tmp/.ICE-unix/1420 SHELL=/bin/bash SHLVL=0 SSH_AGENT_PID=1493 SSH_AUTH_SOCK=/run/user/1000/keyring/ssh TEXTDOMAIN=im-config TEXTDOMAINDIR=/usr/share/locale/ USER=ambly USERNAME=ambly WINDOWPATH=2 XAUTHORITY=/run/user/1000/gdm/Xauthority XDG_CONFIG_DIRS=/etc/xdg/xdg-ubuntu:/etc/xdg XDG_CURRENT_DESKTOP=ubuntu:GNOME XDG_DATA_DIRS=/usr/share/ubuntu:/usr/local/share/:/usr/share/:/var/lib/snapd/desktop XDG_MENU_PREFIX=gnome- XDG_RUNTIME_DIR=/run/user/1000 XDG_SEAT=seat0 XDG_SESSION_DESKTOP=ubuntu XDG_SESSION_ID=2 XDG_SESSION_TYPE=x11 XDG_VTNR=2 XMODIFIERS=@im=none _=/usr/bin/dbus-update-activation-environment MANAGERPID=1391 INVOCATION_ID=46451cdef72646718f0693db4c55f43b JOURNAL_STREAM=9:52717
ambly         -  0.3    -      -     - -        Ssl  00:50   0:04 -
ambly         -  0.0    -      -     - -        Ssl  00:50   0:00 -
ambly         -  0.0    -      -     - -        Ssl  00:50   0:00 -
ambly         -  0.0    -      -     - -        Ssl  00:50   0:00 -
ambly      1867  0.0  0.2  29812  4956 pts/0    -    00:50   0:00 bash XDG_CONFIG_DIRS=/etc/xdg/xdg-ubuntu:/etc/xdg LANG=en_US.UTF-8 DISPLAY=:0 SHLVL=0 LOGNAME=ambly XDG_VTNR=2 PWD=/home/ambly XAUTHORITY=/run/user/1000/gdm/Xauthority GTK_IM_MODULE=xim COLORTERM=truecolor XDG_SESSION_ID=2 GNOME_TERMINAL_SCREEN=/org/gnome/Terminal/screen/9bf8cd63_ce4c_4aa2_9e2d_66025d2d0207 IM_CONFIG_PHASE=2 XDG_SESSION_DESKTOP=ubuntu GDMSESSION=ubuntu TEXTDOMAINDIR=/usr/share/locale/ USERNAME=ambly GNOME_DESKTOP_SESSION_ID=this-is-deprecated WINDOWPATH=2 TEXTDOMAIN=im-config DESKTOP_SESSION=ubuntu DBUS_SESSION_BUS_ADDRESS=unix:path=/run/user/1000/bus VTE_VERSION=5202 CLUTTER_IM_MODULE=xim GNOME_TERMINAL_SERVICE=:1.64 GJS_DEBUG_TOPICS=JS ERROR;JS LOG QT4_IM_MODULE=xim XDG_MENU_PREFIX=gnome- GNOME_SHELL_SESSION_MODE=ubuntu QT_IM_MODULE=ibus SHELL=/bin/bash XDG_SESSION_TYPE=x11 XDG_DATA_DIRS=/usr/share/ubuntu:/usr/local/share/:/usr/share/:/var/lib/snapd/desktop GJS_DEBUG_OUTPUT=stderr TERM=xterm-256color SSH_AGENT_PID=1493 GTK_MODULES=gail:atk-bridge SSH_AUTH_SOCK=/run/user/1000/keyring/ssh PATH=/home/ambly/.local/bin:/usr/local/sbin:/usr/local/bin:/usr/sbin:/usr/bin:/sbin:/bin:/usr/games:/usr/local/games:/snap/bin XDG_CURRENT_DESKTOP=ubuntu:GNOME HOME=/home/ambly XDG_SEAT=seat0 XMODIFIERS=@im=none XDG_RUNTIME_DIR=/run/user/1000 SESSION_MANAGER=local/ubuntu:@/tmp/.ICE-unix/1420,unix/ubuntu:/tmp/.ICE-unix/1420 GPG_AGENT_INFO=/run/user/1000/gnupg/S.gpg-agent:0:1 USER=ambly QT_ACCESSIBILITY=1
ambly         -  0.0    -      -     - -        Ss   00:50   0:00 -
root       1877  0.1  0.0      0     0 ?        -    00:50   0:01 [kworker/0:3-eve]
root          -  0.1    -      -     - -        I    00:50   0:01 -
ambly      1880  0.2  8.3 1081144 166868 tty2   -    00:50   0:02 /usr/bin/gnome-software --gapplication-service USER=ambly TEXTDOMAIN=im-config XDG_SEAT=seat0 XDG_SESSION_TYPE=x11 SSH_AGENT_PID=1493 SHLVL=0 QT4_IM_MODULE=xim HOME=/home/ambly DESKTOP_SESSION=ubuntu GTK_MODULES=gail:atk-bridge GNOME_SHELL_SESSION_MODE=ubuntu DBUS_SESSION_BUS_ADDRESS=unix:path=/run/user/1000/bus IM_CONFIG_PHASE=2 LOGNAME=ambly GTK_IM_MODULE=xim USERNAME=ambly XDG_SESSION_ID=2 WINDOWPATH=2 PATH=/home/ambly/.local/bin:/usr/local/sbin:/usr/local/bin:/usr/sbin:/usr/bin:/sbin:/bin:/usr/games:/usr/local/games:/snap/bin XDG_RUNTIME_DIR=/run/user/1000 DISPLAY=:0 LANG=en_US.UTF-8 XDG_CURRENT_DESKTOP=ubuntu:GNOME XDG_SESSION_DESKTOP=ubuntu XMODIFIERS=@im=none XAUTHORITY=/run/user/1000/gdm/Xauthority SSH_AUTH_SOCK=/run/user/1000/keyring/ssh SHELL=/bin/bash QT_ACCESSIBILITY=1 GDMSESSION=ubuntu TEXTDOMAINDIR=/usr/share/locale/ GPG_AGENT_INFO=/run/user/1000/gnupg/S.gpg-agent:0:1 XDG_VTNR=2 PWD=/home/ambly CLUTTER_IM_MODULE=xim XDG_DATA_DIRS=/usr/share/ubuntu:/usr/local/share/:/usr/share/:/var/lib/snapd/desktop XDG_CONFIG_DIRS=/etc/xdg/xdg-ubuntu:/etc/xdg QT_IM_MODULE=ibus GNOME_DESKTOP_SESSION_ID=this-is-deprecated XDG_MENU_PREFIX=gnome- SESSION_MANAGER=local/ubuntu:@/tmp/.ICE-unix/1420,unix/ubuntu:/tmp/.ICE-unix/1420 DESKTOP_AUTOSTART_ID=10ea5fee3bfcdfe5b0158909698542453600000014200049 GIO_LAUNCHED_DESKTOP_FILE=/etc/xdg/autostart/gnome-software-service.desktop GIO_LAUNCHED_DESKTOP_FILE_PID=1880
ambly         -  0.1    -      -     - -        SLl+ 00:50   0:01 -
ambly         -  0.0    -      -     - -        SLl+ 00:50   0:00 -
ambly         -  0.0    -      -     - -        SLl+ 00:50   0:00 -
ambly         -  0.0    -      -     - -        SLl+ 00:50   0:00 -
ambly      1882  0.0  1.1 666672 22320 tty2     -    00:50   0:00 update-notifier USER=ambly TEXTDOMAIN=im-config XDG_SEAT=seat0 XDG_SESSION_TYPE=x11 SSH_AGENT_PID=1493 SHLVL=0 QT4_IM_MODULE=xim HOME=/home/ambly DESKTOP_SESSION=ubuntu GTK_MODULES=gail:atk-bridge GNOME_SHELL_SESSION_MODE=ubuntu DBUS_SESSION_BUS_ADDRESS=unix:path=/run/user/1000/bus IM_CONFIG_PHASE=2 LOGNAME=ambly GTK_IM_MODULE=xim USERNAME=ambly XDG_SESSION_ID=2 WINDOWPATH=2 PATH=/home/ambly/.local/bin:/usr/local/sbin:/usr/local/bin:/usr/sbin:/usr/bin:/sbin:/bin:/usr/games:/usr/local/games:/snap/bin XDG_RUNTIME_DIR=/run/user/1000 DISPLAY=:0 LANG=en_US.UTF-8 XDG_CURRENT_DESKTOP=ubuntu:GNOME XDG_SESSION_DESKTOP=ubuntu XMODIFIERS=@im=none XAUTHORITY=/run/user/1000/gdm/Xauthority SSH_AUTH_SOCK=/run/user/1000/keyring/ssh SHELL=/bin/bash QT_ACCESSIBILITY=1 GDMSESSION=ubuntu TEXTDOMAINDIR=/usr/share/locale/ GPG_AGENT_INFO=/run/user/1000/gnupg/S.gpg-agent:0:1 XDG_VTNR=2 PWD=/home/ambly CLUTTER_IM_MODULE=xim XDG_DATA_DIRS=/usr/share/ubuntu:/usr/local/share/:/usr/share/:/var/lib/snapd/desktop XDG_CONFIG_DIRS=/etc/xdg/xdg-ubuntu:/etc/xdg QT_IM_MODULE=ibus GNOME_DESKTOP_SESSION_ID=this-is-deprecated XDG_MENU_PREFIX=gnome- SESSION_MANAGER=local/ubuntu:@/tmp/.ICE-unix/1420,unix/ubuntu:/tmp/.ICE-unix/1420 DESKTOP_AUTOSTART_ID=10ea5fee3bfcdfe5b0158909698541243200000014200026 GIO_LAUNCHED_DESKTOP_FILE=/etc/xdg/autostart/update-notifier.desktop GIO_LAUNCHED_DESKTOP_FILE_PID=1882
ambly         -  0.0    -      -     - -        Sl+  00:50   0:00 -
ambly         -  0.0    -      -     - -        Sl+  00:50   0:00 -
ambly         -  0.0    -      -     - -        Sl+  00:50   0:00 -
ambly         -  0.0    -      -     - -        Sl+  00:50   0:00 -
root       1907  0.0  1.0 571136 21888 ?        -    00:50   0:00 /usr/lib/fwupd/fwupd LANG=en_US.UTF-8 PATH=/usr/local/sbin:/usr/local/bin:/usr/sbin:/usr/bin:/sbin:/bin:/snap/bin INVOCATION_ID=61ea36a22a074efda4c776b1c05986de JOURNAL_STREAM=9:53306
root          -  0.0    -      -     - -        Ssl  00:50   0:00 -
root          -  0.0    -      -     - -        Ssl  00:50   0:00 -
root          -  0.0    -      -     - -        Ssl  00:50   0:00 -
root          -  0.0    -      -     - -        Ssl  00:50   0:00 -
root          -  0.0    -      -     - -        Ssl  00:50   0:00 -
ambly      1967  0.0  1.6 870972 33476 tty2     -    00:51   0:00 /usr/lib/deja-dup/deja-dup-monitor USER=ambly TEXTDOMAIN=im-config XDG_SEAT=seat0 XDG_SESSION_TYPE=x11 SSH_AGENT_PID=1493 SHLVL=0 QT4_IM_MODULE=xim HOME=/home/ambly DESKTOP_SESSION=ubuntu GTK_MODULES=gail:atk-bridge GNOME_SHELL_SESSION_MODE=ubuntu DBUS_SESSION_BUS_ADDRESS=unix:path=/run/user/1000/bus IM_CONFIG_PHASE=2 LOGNAME=ambly GTK_IM_MODULE=xim USERNAME=ambly XDG_SESSION_ID=2 WINDOWPATH=2 PATH=/home/ambly/.local/bin:/usr/local/sbin:/usr/local/bin:/usr/sbin:/usr/bin:/sbin:/bin:/usr/games:/usr/local/games:/snap/bin XDG_RUNTIME_DIR=/run/user/1000 DISPLAY=:0 LANG=en_US.UTF-8 XDG_CURRENT_DESKTOP=ubuntu:GNOME XDG_SESSION_DESKTOP=ubuntu XMODIFIERS=@im=none XAUTHORITY=/run/user/1000/gdm/Xauthority SSH_AUTH_SOCK=/run/user/1000/keyring/ssh SHELL=/bin/bash QT_ACCESSIBILITY=1 GDMSESSION=ubuntu TEXTDOMAINDIR=/usr/share/locale/ GPG_AGENT_INFO=/run/user/1000/gnupg/S.gpg-agent:0:1 XDG_VTNR=2 PWD=/home/ambly CLUTTER_IM_MODULE=xim XDG_DATA_DIRS=/usr/share/ubuntu:/usr/local/share/:/usr/share/:/var/lib/snapd/desktop XDG_CONFIG_DIRS=/etc/xdg/xdg-ubuntu:/etc/xdg QT_IM_MODULE=ibus GNOME_DESKTOP_SESSION_ID=this-is-deprecated XDG_MENU_PREFIX=gnome- SESSION_MANAGER=local/ubuntu:@/tmp/.ICE-unix/1420,unix/ubuntu:/tmp/.ICE-unix/1420 DESKTOP_AUTOSTART_ID=10ea5fee3bfcdfe5b0158909698542794500000014200055 GIO_LAUNCHED_DESKTOP_FILE=/etc/xdg/autostart/org.gnome.DejaDup.Monitor.desktop GIO_LAUNCHED_DESKTOP_FILE_PID=1967
ambly         -  0.0    -      -     - -        Sl+  00:51   0:00 -
ambly         -  0.0    -      -     - -        Sl+  00:51   0:00 -
ambly         -  0.0    -      -     - -        Sl+  00:51   0:00 -
ambly         -  0.0    -      -     - -        Sl+  00:51   0:00 -
root       1994  0.0  0.1  72240  3868 pts/0    -    00:54   0:00 su CLUTTER_IM_MODULE=xim LS_COLORS=rs=0:di=01;34:ln=01;36:mh=00:pi=40;33:so=01;35:do=01;35:bd=40;33;01:cd=40;33;01:or=40;31;01:mi=00:su=37;41:sg=30;43:ca=30;41:tw=30;42:ow=34;42:st=37;44:ex=01;32:*.tar=01;31:*.tgz=01;31:*.arc=01;31:*.arj=01;31:*.taz=01;31:*.lha=01;31:*.lz4=01;31:*.lzh=01;31:*.lzma=01;31:*.tlz=01;31:*.txz=01;31:*.tzo=01;31:*.t7z=01;31:*.zip=01;31:*.z=01;31:*.Z=01;31:*.dz=01;31:*.gz=01;31:*.lrz=01;31:*.lz=01;31:*.lzo=01;31:*.xz=01;31:*.zst=01;31:*.tzst=01;31:*.bz2=01;31:*.bz=01;31:*.tbz=01;31:*.tbz2=01;31:*.tz=01;31:*.deb=01;31:*.rpm=01;31:*.jar=01;31:*.war=01;31:*.ear=01;31:*.sar=01;31:*.rar=01;31:*.alz=01;31:*.ace=01;31:*.zoo=01;31:*.cpio=01;31:*.7z=01;31:*.rz=01;31:*.cab=01;31:*.wim=01;31:*.swm=01;31:*.dwm=01;31:*.esd=01;31:*.jpg=01;35:*.jpeg=01;35:*.mjpg=01;35:*.mjpeg=01;35:*.gif=01;35:*.bmp=01;35:*.pbm=01;35:*.pgm=01;35:*.ppm=01;35:*.tga=01;35:*.xbm=01;35:*.xpm=01;35:*.tif=01;35:*.tiff=01;35:*.png=01;35:*.svg=01;35:*.svgz=01;35:*.mng=01;35:*.pcx=01;35:*.mov=01;35:*.mpg=01;35:*.mpeg=01;35:*.m2v=01;35:*.mkv=01;35:*.webm=01;35:*.ogm=01;35:*.mp4=01;35:*.m4v=01;35:*.mp4v=01;35:*.vob=01;35:*.qt=01;35:*.nuv=01;35:*.wmv=01;35:*.asf=01;35:*.rm=01;35:*.rmvb=01;35:*.flc=01;35:*.avi=01;35:*.fli=01;35:*.flv=01;35:*.gl=01;35:*.dl=01;35:*.xcf=01;35:*.xwd=01;35:*.yuv=01;35:*.cgm=01;35:*.emf=01;35:*.ogv=01;35:*.ogx=01;35:*.aac=00;36:*.au=00;36:*.flac=00;36:*.m4a=00;36:*.mid=00;36:*.midi=00;36:*.mka=00;36:*.mp3=00;36:*.mpc=00;36:*.ogg=00;36:*.ra=00;36:*.wav=00;36:*.oga=00;36:*.opus=00;36:*.spx=00;36:*.xspf=00;36: LESSCLOSE=/usr/bin/lesspipe %s %s XDG_MENU_PREFIX=gnome- LANG=en_US.UTF-8 DISPLAY=:0 GNOME_SHELL_SESSION_MODE=ubuntu COLORTERM=truecolor USERNAME=ambly XDG_VTNR=2 SSH_AUTH_SOCK=/run/user/1000/keyring/ssh XDG_SESSION_ID=2 USER=ambly DESKTOP_SESSION=ubuntu QT4_IM_MODULE=xim TEXTDOMAINDIR=/usr/share/locale/ GNOME_TERMINAL_SCREEN=/org/gnome/Terminal/screen/9bf8cd63_ce4c_4aa2_9e2d_66025d2d0207 PWD=/home/ambly HOME=/home/ambly TEXTDOMAIN=im-config SSH_AGENT_PID=1493 QT_ACCESSIBILITY=1 XDG_SESSION_TYPE=x11 XDG_DATA_DIRS=/usr/share/ubuntu:/usr/local/share/:/usr/share/:/var/lib/snapd/desktop XDG_SESSION_DESKTOP=ubuntu GJS_DEBUG_OUTPUT=stderr GTK_MODULES=gail:atk-bridge WINDOWPATH=2 TERM=xterm-256color SHELL=/bin/bash VTE_VERSION=5202 QT_IM_MODULE=ibus XMODIFIERS=@im=none IM_CONFIG_PHASE=2 XDG_CURRENT_DESKTOP=ubuntu:GNOME GPG_AGENT_INFO=/run/user/1000/gnupg/S.gpg-agent:0:1 GNOME_TERMINAL_SERVICE=:1.64 XDG_SEAT=seat0 SHLVL=1 GDMSESSION=ubuntu GNOME_DESKTOP_SESSION_ID=this-is-deprecated LOGNAME=ambly DBUS_SESSION_BUS_ADDRESS=unix:path=/run/user/1000/bus XDG_RUNTIME_DIR=/run/user/1000 XAUTHORITY=/run/user/1000/gdm/Xauthority XDG_CONFIG_DIRS=/etc/xdg/xdg-ubuntu:/etc/xdg PATH=/home/ambly/.local/bin:/usr/local/sbin:/usr/local/bin:/usr/sbin:/usr/bin:/sbin:/bin:/usr/games:/usr/local/games:/snap/bin GJS_DEBUG_TOPICS=JS ERROR;JS LOG SESSION_MANAGER=local/ubuntu:@/tmp/.ICE-unix/1420,unix/ubuntu:/tmp/.ICE-unix/1420 LESSOPEN=| /usr/bin/lesspipe %s GTK_IM_MODULE=xim _=/bin/su
root          -  0.0    -      -     - -        S    00:54   0:00 -
root       1995  0.0  0.3  76908  7920 ?        -    00:54   0:00 /lib/systemd/systemd --user LANG=en_US.UTF-8 PATH=/usr/local/sbin:/usr/local/bin:/usr/sbin:/usr/bin:/sbin:/bin:/snap/bin NOTIFY_SOCKET=/run/systemd/notify HOME=/root LOGNAME=root USER=root SHELL=/bin/sh INVOCATION_ID=045762ec802446bfaed2f46af5622ea1 JOURNAL_STREAM=9:55071 XDG_RUNTIME_DIR=/run/user/0
root          -  0.0    -      -     - -        Ss   00:54   0:00 -
root       1996  0.0  0.1 193676  2244 ?        -    00:54   0:00 (sd-pam) find_preseed=/preseed.cfg HOME=/ init=/sbin/init NETWORK_SKIP_ENSLAVED= recovery= locale=en_US TERM=linux drop_caps= BOOT_IMAGE=/boot/vmlinuz-5.3.0-51-generic PATH=/sbin:/usr/sbin:/bin:/usr/bin PWD=/ rootmnt=/root priority=critical
root          -  0.0    -      -     - -        S    00:54   0:00 -
root       2007  0.0  0.2  28700  4048 pts/0    -    00:54   0:00 bash CLUTTER_IM_MODULE=xim LS_COLORS=rs=0:di=01;34:ln=01;36:mh=00:pi=40;33:so=01;35:do=01;35:bd=40;33;01:cd=40;33;01:or=40;31;01:mi=00:su=37;41:sg=30;43:ca=30;41:tw=30;42:ow=34;42:st=37;44:ex=01;32:*.tar=01;31:*.tgz=01;31:*.arc=01;31:*.arj=01;31:*.taz=01;31:*.lha=01;31:*.lz4=01;31:*.lzh=01;31:*.lzma=01;31:*.tlz=01;31:*.txz=01;31:*.tzo=01;31:*.t7z=01;31:*.zip=01;31:*.z=01;31:*.Z=01;31:*.dz=01;31:*.gz=01;31:*.lrz=01;31:*.lz=01;31:*.lzo=01;31:*.xz=01;31:*.zst=01;31:*.tzst=01;31:*.bz2=01;31:*.bz=01;31:*.tbz=01;31:*.tbz2=01;31:*.tz=01;31:*.deb=01;31:*.rpm=01;31:*.jar=01;31:*.war=01;31:*.ear=01;31:*.sar=01;31:*.rar=01;31:*.alz=01;31:*.ace=01;31:*.zoo=01;31:*.cpio=01;31:*.7z=01;31:*.rz=01;31:*.cab=01;31:*.wim=01;31:*.swm=01;31:*.dwm=01;31:*.esd=01;31:*.jpg=01;35:*.jpeg=01;35:*.mjpg=01;35:*.mjpeg=01;35:*.gif=01;35:*.bmp=01;35:*.pbm=01;35:*.pgm=01;35:*.ppm=01;35:*.tga=01;35:*.xbm=01;35:*.xpm=01;35:*.tif=01;35:*.tiff=01;35:*.png=01;35:*.svg=01;35:*.svgz=01;35:*.mng=01;35:*.pcx=01;35:*.mov=01;35:*.mpg=01;35:*.mpeg=01;35:*.m2v=01;35:*.mkv=01;35:*.webm=01;35:*.ogm=01;35:*.mp4=01;35:*.m4v=01;35:*.mp4v=01;35:*.vob=01;35:*.qt=01;35:*.nuv=01;35:*.wmv=01;35:*.asf=01;35:*.rm=01;35:*.rmvb=01;35:*.flc=01;35:*.avi=01;35:*.fli=01;35:*.flv=01;35:*.gl=01;35:*.dl=01;35:*.xcf=01;35:*.xwd=01;35:*.yuv=01;35:*.cgm=01;35:*.emf=01;35:*.ogv=01;35:*.ogx=01;35:*.aac=00;36:*.au=00;36:*.flac=00;36:*.m4a=00;36:*.mid=00;36:*.midi=00;36:*.mka=00;36:*.mp3=00;36:*.mpc=00;36:*.ogg=00;36:*.ra=00;36:*.wav=00;36:*.oga=00;36:*.opus=00;36:*.spx=00;36:*.xspf=00;36: LESSCLOSE=/usr/bin/lesspipe %s %s XDG_MENU_PREFIX=gnome- LANG=en_US.UTF-8 DISPLAY=:0 GNOME_SHELL_SESSION_MODE=ubuntu COLORTERM=truecolor USERNAME=ambly XDG_VTNR=2 SSH_AUTH_SOCK=/run/user/1000/keyring/ssh XDG_SESSION_ID=3 USER=root DESKTOP_SESSION=ubuntu QT4_IM_MODULE=xim TEXTDOMAINDIR=/usr/share/locale/ GNOME_TERMINAL_SCREEN=/org/gnome/Terminal/screen/9bf8cd63_ce4c_4aa2_9e2d_66025d2d0207 PWD=/home/ambly HOME=/root TEXTDOMAIN=im-config SSH_AGENT_PID=1493 QT_ACCESSIBILITY=1 XDG_SESSION_TYPE=x11 XDG_DATA_DIRS=/usr/share/ubuntu:/usr/local/share/:/usr/share/:/var/lib/snapd/desktop XDG_SESSION_DESKTOP=ubuntu GJS_DEBUG_OUTPUT=stderr GTK_MODULES=gail:atk-bridge WINDOWPATH=2 TERM=xterm-256color SHELL=/bin/bash VTE_VERSION=5202 QT_IM_MODULE=ibus XMODIFIERS=@im=none IM_CONFIG_PHASE=2 XDG_CURRENT_DESKTOP=ubuntu:GNOME GPG_AGENT_INFO=/run/user/1000/gnupg/S.gpg-agent:0:1 GNOME_TERMINAL_SERVICE=:1.64 XDG_SEAT=seat0 SHLVL=1 GDMSESSION=ubuntu GNOME_DESKTOP_SESSION_ID=this-is-deprecated LOGNAME=root DBUS_SESSION_BUS_ADDRESS=unix:path=/run/user/1000/bus XDG_RUNTIME_DIR=/run/user/0 XAUTHORITY=/run/user/1000/gdm/Xauthority XDG_CONFIG_DIRS=/etc/xdg/xdg-ubuntu:/etc/xdg PATH=/usr/local/sbin:/usr/local/bin:/usr/sbin:/usr/bin:/sbin:/bin:/usr/games:/usr/local/games GJS_DEBUG_TOPICS=JS ERROR;JS LOG SESSION_MANAGER=local/ubuntu:@/tmp/.ICE-unix/1420,unix/ubuntu:/tmp/.ICE-unix/1420 LESSOPEN=| /usr/bin/lesspipe %s GTK_IM_MODULE=xim _=/bin/su MAIL=/var/mail/root
root          -  0.0    -      -     - -        S    00:54   0:00 -
root       2027  0.0  0.0      0     0 ?        -    00:59   0:00 [kworker/u256:1-]
root          -  0.0    -      -     - -        I    00:59   0:00 -
root       2099  0.0  0.1  46900  3692 pts/0    -    01:12   0:00 ps auxwwem CLUTTER_IM_MODULE=xim LS_COLORS=rs=0:di=01;34:ln=01;36:mh=00:pi=40;33:so=01;35:do=01;35:bd=40;33;01:cd=40;33;01:or=40;31;01:mi=00:su=37;41:sg=30;43:ca=30;41:tw=30;42:ow=34;42:st=37;44:ex=01;32:*.tar=01;31:*.tgz=01;31:*.arc=01;31:*.arj=01;31:*.taz=01;31:*.lha=01;31:*.lz4=01;31:*.lzh=01;31:*.lzma=01;31:*.tlz=01;31:*.txz=01;31:*.tzo=01;31:*.t7z=01;31:*.zip=01;31:*.z=01;31:*.Z=01;31:*.dz=01;31:*.gz=01;31:*.lrz=01;31:*.lz=01;31:*.lzo=01;31:*.xz=01;31:*.zst=01;31:*.tzst=01;31:*.bz2=01;31:*.bz=01;31:*.tbz=01;31:*.tbz2=01;31:*.tz=01;31:*.deb=01;31:*.rpm=01;31:*.jar=01;31:*.war=01;31:*.ear=01;31:*.sar=01;31:*.rar=01;31:*.alz=01;31:*.ace=01;31:*.zoo=01;31:*.cpio=01;31:*.7z=01;31:*.rz=01;31:*.cab=01;31:*.wim=01;31:*.swm=01;31:*.dwm=01;31:*.esd=01;31:*.jpg=01;35:*.jpeg=01;35:*.mjpg=01;35:*.mjpeg=01;35:*.gif=01;35:*.bmp=01;35:*.pbm=01;35:*.pgm=01;35:*.ppm=01;35:*.tga=01;35:*.xbm=01;35:*.xpm=01;35:*.tif=01;35:*.tiff=01;35:*.png=01;35:*.svg=01;35:*.svgz=01;35:*.mng=01;35:*.pcx=01;35:*.mov=01;35:*.mpg=01;35:*.mpeg=01;35:*.m2v=01;35:*.mkv=01;35:*.webm=01;35:*.ogm=01;35:*.mp4=01;35:*.m4v=01;35:*.mp4v=01;35:*.vob=01;35:*.qt=01;35:*.nuv=01;35:*.wmv=01;35:*.asf=01;35:*.rm=01;35:*.rmvb=01;35:*.flc=01;35:*.avi=01;35:*.fli=01;35:*.flv=01;35:*.gl=01;35:*.dl=01;35:*.xcf=01;35:*.xwd=01;35:*.yuv=01;35:*.cgm=01;35:*.emf=01;35:*.ogv=01;35:*.ogx=01;35:*.aac=00;36:*.au=00;36:*.flac=00;36:*.m4a=00;36:*.mid=00;36:*.midi=00;36:*.mka=00;36:*.mp3=00;36:*.mpc=00;36:*.ogg=00;36:*.ra=00;36:*.wav=00;36:*.oga=00;36:*.opus=00;36:*.spx=00;36:*.xspf=00;36: LESSCLOSE=/usr/bin/lesspipe %s %s XDG_MENU_PREFIX=gnome- LANG=en_US.UTF-8 DISPLAY=:0 GNOME_SHELL_SESSION_MODE=ubuntu COLORTERM=truecolor USERNAME=ambly XDG_VTNR=2 SSH_AUTH_SOCK=/run/user/1000/keyring/ssh XDG_SESSION_ID=3 USER=root DESKTOP_SESSION=ubuntu QT4_IM_MODULE=xim TEXTDOMAINDIR=/usr/share/locale/ GNOME_TERMINAL_SCREEN=/org/gnome/Terminal/screen/9bf8cd63_ce4c_4aa2_9e2d_66025d2d0207 PWD=/etc HOME=/root TEXTDOMAIN=im-config SSH_AGENT_PID=1493 QT_ACCESSIBILITY=1 XDG_SESSION_TYPE=x11 XDG_DATA_DIRS=/usr/share/ubuntu:/usr/local/share/:/usr/share/:/var/lib/snapd/desktop XDG_SESSION_DESKTOP=ubuntu GJS_DEBUG_OUTPUT=stderr GTK_MODULES=gail:atk-bridge MAIL=/var/mail/root WINDOWPATH=2 VTE_VERSION=5202 SHELL=/bin/bash TERM=xterm-256color QT_IM_MODULE=ibus XMODIFIERS=@im=none IM_CONFIG_PHASE=2 XDG_CURRENT_DESKTOP=ubuntu:GNOME GPG_AGENT_INFO=/run/user/1000/gnupg/S.gpg-agent:0:1 GNOME_TERMINAL_SERVICE=:1.64 SHLVL=2 XDG_SEAT=seat0 GDMSESSION=ubuntu GNOME_DESKTOP_SESSION_ID=this-is-deprecated LOGNAME=root DBUS_SESSION_BUS_ADDRESS=unix:path=/run/user/1000/bus XDG_RUNTIME_DIR=/run/user/0 XAUTHORITY=/run/user/1000/gdm/Xauthority XDG_CONFIG_DIRS=/etc/xdg/xdg-ubuntu:/etc/xdg PATH=/usr/local/sbin:/usr/local/bin:/usr/sbin:/usr/bin:/sbin:/bin:/usr/games:/usr/local/games GJS_DEBUG_TOPICS=JS ERROR;JS LOG SESSION_MANAGER=local/ubuntu:@/tmp/.ICE-unix/1420,unix/ubuntu:/tmp/.ICE-unix/1420 LESSOPEN=| /usr/bin/lesspipe %s GTK_IM_MODULE=xim _=/bin/ps OLDPWD=/home/ambly
root          -  0.0    -      -     - -        R+   01:12   0:00 -
